<div class="ipsSpoiler_contents">
<p>
</p>
<p>
            Indicated stall speed in flight configuration: 143..164 km/h
        </p>
<p>
            Indicated stall speed in takeoff/landing configuration: 142..163 km/h
        </p>
<p>
            Dive speed limit: 620 km/h
        </p>
<p>
            Maximum load factor: 12 G
        </p>
<p>
            Stall angle of attack in flight configuration: 17.6 °
        </p>
<p>
            Stall angle of attack in landing configuration: 15 °
        </p>
<p>
</p>
<p>
            Maximum true air speed at sea level, engine mode - Boosted: 448 km/h
        </p>
<p>
            Maximum true air speed at 1800 m, engine mode - Nominal: 460 km/h
        </p>
<p>
            Maximum true air speed at 4500 m, engine mode - Nominal: 490 km/h
        </p>
<p>
</p>
<p>
            Service ceiling: 10500 m
        </p>
<p>
            Climb rate at sea level: 16.7 m/s
        </p>
<p>
            Climb rate at 3000 m: 13.8 m/s
        </p>
<p>
            Climb rate at 6000 m: 8.8 m/s
        </p>
<p>
</p>
<p>
            Maximum performance turn at sea level: 19.0 s, at 230 km/h IAS.
        </p>
<p>
            Maximum performance turn at 3000 m: 25.3 s, at 230 km/h IAS.
        </p>
<p>
</p>
<p>
            Flight endurance at 3000 m: 0.9 h, at 350 km/h IAS.
        </p>
<p>
</p>
<p>
            Takeoff speed: 145..175 km/h
        </p>
<p>
            Glideslope speed: 185..195 km/h
        </p>
<p>
            Landing speed: 135..145 km/h
        </p>
<p>
            Landing angle: 15.3 °
        </p>
<p>
</p>
<p>
            Note 1: the data provided is for international standard atmosphere (ISA).
        </p>
<p>
            Note 2: flight performance ranges are given for possible aircraft mass ranges.
        </p>
<p>
            Note 3: maximum speeds, climb rates and turn times are given for standard aircraft mass.
        </p>
<p>
            Note 4: climb rates and turn times are given for Boosted power.
        </p>
<p>
</p>
<p>
            Engine:
        </p>
<p>
            Model: M-63
        </p>
<p>
            Maximum power in Boosted mode at sea level: 1100 HP
        </p>
<p>
            Maximum power in Nominal mode at sea level: 930 HP
        </p>
<p>
            Maximum power in Nominal mode at 1800 m: 1000 HP
        </p>
<p>
            Maximum power in Nominal mode at 4500 m: 900 HP
        </p>
<p>
</p>
<p>
            Engine modes:
        </p>
<p>
            Nominal (unlimited time): 2200 RPM, 915 mm Hg
        </p>
<p>
            Boosted power (up to 5 minutes): 2300 RPM, 1065 mm Hg
        </p>
<p>
</p>
<p>
            Oil rated temperature in engine output: 55..90 °C
        </p>
<p>
            Oil maximum temperature in engine output: 125 °C
        </p>
<p>
            Cylinder head rated temperature: 120..200 °C
        </p>
<p>
            Cylinder head maximum temperature: 205 °C
        </p>
<p>
</p>
<p>
            Supercharger gear shift altitude: 3000 m
        </p>
<p>
</p>
<p>
            Empty weight: 1501 kg
        </p>
<p>
            Minimum weight (no ammo, 10% fuel): 1633 kg
        </p>
<p>
            Standard weight: 1878 kg
        </p>
<p>
            Maximum takeoff weight: 2146 kg
        </p>
<p>
            Fuel load: 191 kg / 260 l
        </p>
<p>
            Useful load: 645 kg
        </p>
<p>
</p>
<p>
            Forward-firing armament:
        </p>
<p>
            2 x 7.62mm machine gun "ShKAS", 500 rounds, 1800 rounds per minute, synchronized
        </p>
<p>
            2 x 7.62mm machine gun "ShKAS", 900 rounds, 1800 rounds per minute, wing-mounted
        </p>
<p>
            2 x 20mm gun "SsVAK", 90 rounds, 800 rounds per minute, wing-mounted (modification)
        </p>
<p>
</p>
<p>
            Bombs:
        </p>
<p>
            2 x 50 kg general purpose bombs "FAB-50sv"
        </p>
<p>
            2 x 104 kg general purpose bombs "FAB-100M"
        </p>
<p>
</p>
<p>
            Rockets:
        </p>
<p>
            Up to 6 x 7 kg rockets "ROS-82", HE payload mass 2.52 kg
        </p>
<p>
</p>
<p>
            Length: 6.04 m
        </p>
<p>
            Wingspan: 9 m
        </p>
<p>
            Wing surface: 14.54 m^2
        </p>
<p>
</p>
<p>
            Combat debut: June 1941
        </p>
<p>
</p>
<p>
            Additional airplane configurations list:
        </p>
<p>
</p>
<div class="ipsSpoiler" data-ipsspoiler="">
<div class="ipsSpoiler_header">
</div>
<div class="ipsSpoiler_contents">
<p>
</p>
<p>
<strong>ShVAK 20mm wing-mounted guns with 90 rounds per each instead of default ShKAS wing-mounted machineguns</strong>
</p>
<p>
                    Additional mass: 40 kg
                </p>
<p>
                    Ammunition mass: 22 kg
                </p>
<p>
                    Guns mass: 98 kg
                </p>
<p>
                    Estimated speed loss: 3 km/h
                </p>
<p>
</p>
<p>
<strong>2 x 50 kg General Purpose Bombs FAB-50sv / 2 x 104 kg General Purpose Bombs FAB-100M</strong>
</p>
<p>
                    FAB-50sv:
                </p>
<p>
                    Additional mass: 120 kg
                </p>
<p>
                    Ammo mass: 104 kg
                </p>
<p>
                    Racks mass: 20 kg
                </p>
<p>
                    Estimated speed loss before drop: 13 km/h
                </p>
<p>
                    Estimated speed loss after drop: 7 km/h
                </p>
<p>
                    FAB-100M:
                </p>
<p>
                    Additional mass: 228 kg
                </p>
<p>
                    Ammo mass: 208 kg
                </p>
<p>
                    Racks mass: 20 kg
                </p>
<p>
                    Estimated speed loss before drop: 18 km/h
                </p>
<p>
                    Estimated speed loss after drop: 7 km/h
                </p>
<p>
</p>
<p>
<strong>4 x 82mm High Explosive unguided rockets ROS-82</strong>
</p>
<p>
                    Additional mass: 40 kg
                </p>
<p>
                    Ammunition mass: 28 kg
                </p>
<p>
                    Racks mass: 12 kg
                </p>
<p>
                    Estimated speed loss before launch: 10 km/h
                </p>
<p>
                    Estimated speed loss after launch: 7 km/h
                </p>
<p>
</p>
<p>
<strong>6 x 82mm High Explosive unguided rockets ROS-82</strong>
</p>
<p>
                    Additional mass: 60 kg
                </p>
<p>
                    Ammunition mass: 42 kg
                </p>
<p>
                    Racks mass: 18 kg
                </p>
<p>
                    Estimated speed loss before launch: 15 km/h
                </p>
<p>
                    Estimated speed loss after launch: 10 km/h
                </p>
<p>
</p>
<p>
<strong>One-piece frontal canopy section for better visibility</strong>
</p>
<p>
                    Additional mass: 0 kg
                </p>
<p>
                    Estimated speed loss: 0 km/h
                </p>
<p>
</p>
</div>
</div>
<p>
</p>
<p>
            Operation features:
        </p>
<p>
            - Engine has a boost mode. To set boost mode it is necessary to push the boost lever fully forward and increase the engine to 2300 RPM.
        </p>
<p>
            - Engine has a two-stage mechanical supercharger which should be manually shifted at 3000m altitude.
        </p>
<p>
            - Engine mixture control is automatic when the mixture lever is set to maximum. It is possible to manually lean the mixture by moving the mixture control to less than maximum. This also reduces fuel consumption during flight.
        </p>
<p>
            - Engine RPM has an automatic governor and it is maintained at the required RPM corresponding to the governor control lever position. The governor automatically controls the propeller pitch to maintain the required RPM.
        </p>
<p>
            - Oil radiator shutter and air cooling intake shutters control is manual.
        </p>
<p>
            - Airplane has no flight-control trimmers. Airplane is equipped with bendable trim tabs that can be set pre-flight by ground personnel.
        </p>
<p>
            - Airplane has a manual system for landing flaps and gear, for this reason it is necessary to extend landing flaps and gear before final approach. Landing flaps can be extended to any angle up to 53°.
        </p>
<p>
            - Airplane has a tail wheel control mechanism which is linked to rudder pedals. Because of this, it is necessary to avoid of large rudder pedal inputs when moving at high speed on the ground.
        </p>
<p>
            - Airplane has independent left and right mechanical wheel brakes. To brake it is necessary to push upper part of the rudder pedal.
        </p>
<p>
            - Airplane has a hydrostatic fuel gauge which shows total fuel remaining only when manual sucker lever is pushed in. In game this happens by itself during horizontal flight by every 10 seconds.
        </p>
<p>
            - Cockpit has side-doors which should be closed before takeoff to prevent damage.
        </p>
<p>
            - When bombs are installed there is a salvo controller, it has two release modes: single drop or drop two in a salvo.
        </p>
<p>
            - When rockets are installed there is a salvo controller, it has three launch modes: single fire, fire two in a salvo or fire by four in a salvo.
        </p>
<p>
            - The gunsight has a sliding sun-filter. There is also a back-up folding mechanical sight which can be used if main sight is damaged.
        </p>
<p>
</p>
</div>
<div class="ipsSpoiler_contents">
<p>
</p>
<p>
<strong>ShVAK 20mm wing-mounted guns with 90 rounds per each instead of default ShKAS wing-mounted machineguns</strong>
</p>
<p>
                    Additional mass: 40 kg
                </p>
<p>
                    Ammunition mass: 22 kg
                </p>
<p>
                    Guns mass: 98 kg
                </p>
<p>
                    Estimated speed loss: 3 km/h
                </p>
<p>
</p>
<p>
<strong>2 x 50 kg General Purpose Bombs FAB-50sv / 2 x 104 kg General Purpose Bombs FAB-100M</strong>
</p>
<p>
                    FAB-50sv:
                </p>
<p>
                    Additional mass: 120 kg
                </p>
<p>
                    Ammo mass: 104 kg
                </p>
<p>
                    Racks mass: 20 kg
                </p>
<p>
                    Estimated speed loss before drop: 13 km/h
                </p>
<p>
                    Estimated speed loss after drop: 7 km/h
                </p>
<p>
                    FAB-100M:
                </p>
<p>
                    Additional mass: 228 kg
                </p>
<p>
                    Ammo mass: 208 kg
                </p>
<p>
                    Racks mass: 20 kg
                </p>
<p>
                    Estimated speed loss before drop: 18 km/h
                </p>
<p>
                    Estimated speed loss after drop: 7 km/h
                </p>
<p>
</p>
<p>
<strong>4 x 82mm High Explosive unguided rockets ROS-82</strong>
</p>
<p>
                    Additional mass: 40 kg
                </p>
<p>
                    Ammunition mass: 28 kg
                </p>
<p>
                    Racks mass: 12 kg
                </p>
<p>
                    Estimated speed loss before launch: 10 km/h
                </p>
<p>
                    Estimated speed loss after launch: 7 km/h
                </p>
<p>
</p>
<p>
<strong>6 x 82mm High Explosive unguided rockets ROS-82</strong>
</p>
<p>
                    Additional mass: 60 kg
                </p>
<p>
                    Ammunition mass: 42 kg
                </p>
<p>
                    Racks mass: 18 kg
                </p>
<p>
                    Estimated speed loss before launch: 15 km/h
                </p>
<p>
                    Estimated speed loss after launch: 10 km/h
                </p>
<p>
</p>
<p>
<strong>One-piece frontal canopy section for better visibility</strong>
</p>
<p>
                    Additional mass: 0 kg
                </p>
<p>
                    Estimated speed loss: 0 km/h
                </p>
<p>
</p>
</div>
<div class="ipsSpoiler_contents">
<p>
</p>
<p>
            Indicated stall speed in flight configuration: 159..175 km/h
        </p>
<p>
            Indicated stall speed in takeoff/landing configuration: 134..147 km/h
        </p>
<p>
            Dive speed limit: 750 km/h
        </p>
<p>
            Maximum load factor: 12.8 G
        </p>
<p>
            Stall angle of attack in flight configuration: 17.3 °
        </p>
<p>
            Stall angle of attack in landing configuration: 15.1 °
        </p>
<p>
</p>
<p>
            Maximum true air speed at sea level, engine mode - Boosted: 525 km/h
        </p>
<p>
            Maximum true air speed at sea level, engine mode - Nominal: 493 km/h
        </p>
<p>
            Maximum true air speed at 7600 m, engine mode - Nominal: 626 km/h
        </p>
<p>
</p>
<p>
            Service ceiling: 11800 m
        </p>
<p>
            Climb rate at sea level: 15.9 m/s
        </p>
<p>
            Climb rate at 3000 m: 14.0 m/s
        </p>
<p>
            Climb rate at 6000 m: 10.2 m/s
        </p>
<p>
</p>
<p>
            Maximum performance turn at sea level: 22.4 s, at 270 km/h IAS.
        </p>
<p>
            Maximum performance turn at 3000 m: 28.7 s, at 270 km/h IAS.
        </p>
<p>
</p>
<p>
            Flight endurance at 3000 m: 2.5 h, at 350 km/h IAS.
        </p>
<p>
</p>
<p>
            Takeoff speed: 180..200 km/h
        </p>
<p>
            Glideslope speed: 195..205 km/h
        </p>
<p>
            Landing speed: 135..145 km/h
        </p>
<p>
            Landing angle: 15 °
        </p>
<p>
</p>
<p>
            Note 1: the data provided is for international standard atmosphere (ISA).
        </p>
<p>
            Note 2: flight performance ranges are given for possible aircraft mass ranges.
        </p>
<p>
            Note 3: maximum speeds, climb rates and turn times are given for standard aircraft mass.
        </p>
<p>
            Note 4: climb rates and turn times are given for Boosted power.
        </p>
<p>
</p>
<p>
            Engine:
        </p>
<p>
            Model: AM-35a
        </p>
<p>
            Maximum power in Boosted mode at sea level: 1350 HP
        </p>
<p>
            Maximum power in Nominal mode at sea level: 1120 HP
        </p>
<p>
            Maximum power in Nominal mode at 6000 m: 1200 HP
        </p>
<p>
</p>
<p>
            Engine modes:
        </p>
<p>
            Nominal (unlimited time): 2050 RPM, 1040 mm Hg
        </p>
<p>
            Boosted power (up to 10 minutes): 2050 RPM, 1240 mm Hg
        </p>
<p>
</p>
<p>
            Water rated temperature in engine output: 80..110 °C
        </p>
<p>
            Water maximum temperature in engine output: 120 °C
        </p>
<p>
            Oil rated temperature in engine intake: 40..80 °C
        </p>
<p>
            Oil maximum temperature in engine intake: 85 °C
        </p>
<p>
            Oil rated temperature in engine output: 115 °C
        </p>
<p>
            Oil maximum temperature in engine output: 120 °C
        </p>
<p>
</p>
<p>
            Supercharger gear shift altitude: single gear
        </p>
<p>
</p>
<p>
            Empty weight: 2650 kg
        </p>
<p>
            Minimum weight (no ammo, 10% fuel): 2831 kg
        </p>
<p>
            Standard weight: 3244 kg
        </p>
<p>
            Maximum takeoff weight: 3476 kg
        </p>
<p>
            Fuel load: 352 kg / 480 l
        </p>
<p>
            Useful load: 826 kg
        </p>
<p>
</p>
<p>
            Forward-firing armament:
        </p>
<p>
            2 x 7.62mm machine gun "ShKAS", 750 rounds, 1800 rounds per minute, synchronized
        </p>
<p>
            12.7mm machine gun "UB", 300 rounds, 1000 rounds per minute, synchronized
        </p>
<p>
            2 x 12.7mm machine gun "UB", 145 rounds, 1000 rounds per minute, wing-mounted (modification)
        </p>
<p>
            2 x 12.7mm machine gun "UB", 350 rounds, 1000 rounds per minute, synchronized (modification)
        </p>
<p>
            2 x 20mm gun "SsVAK", 150 rounds, 800 rounds per minute, synchronized (modification)
        </p>
<p>
</p>
<p>
            Bombs:
        </p>
<p>
            2 x 50 kg general purpose bombs "FAB-50sv"
        </p>
<p>
            2 x 104 kg general purpose bombs "FAB-100M"
        </p>
<p>
</p>
<p>
            Rockets:
        </p>
<p>
            6 x 7 kg rockets "ROS-82", HE payload mass 2.52 kg
        </p>
<p>
</p>
<p>
            Length: 8.255 m
        </p>
<p>
            Wingspan: 10.2 m
        </p>
<p>
            Wing surface: 17.44 m^2
        </p>
<p>
</p>
<p>
            Combat debut: July 1941
        </p>
<p>
</p>
<p>
            Additional airplane configurations list:
        </p>
<p>
</p>
<div class="ipsSpoiler" data-ipsspoiler="">
<div class="ipsSpoiler_header">
</div>
<div class="ipsSpoiler_contents">
<p>
</p>
<p>
<strong>BK 12.7mm machineguns in wing-mounted gun pods with 145 rounds per each</strong>
</p>
<p>
                    Additional mass: 155 kg
                </p>
<p>
                    Ammunition mass: 54 kg
                </p>
<p>
                    Guns mass: 101 kg
                </p>
<p>
                    Estimated speed loss: 13 km/h
                </p>
<p>
</p>
<p>
<strong>BS 12.7mm nose-mounted machineguns with 350 rounds per each instead of default ShKAS and BS nose-mounted machineguns</strong>
</p>
<p>
                    Additional mass: 34 kg
                </p>
<p>
                    Ammunition mass: 131 kg
                </p>
<p>
                    Guns mass: 62 kg
                </p>
<p>
                    Estimated speed loss: 0 km/h
                </p>
<p>
</p>
<p>
<strong>ShVAK 20mm nose-mounted guns with 150 rounds per each instead of default ShKAS and BS nose-mounted machineguns</strong>
</p>
<p>
                    Additional mass: 4 kg
                </p>
<p>
                    Ammunition mass: 69 kg
                </p>
<p>
                    Guns mass: 94 kg
                </p>
<p>
                    Estimated speed loss: 0 km/h
                </p>
<p>
</p>
<p>
<strong>2 x 50 kg General Purpose Bombs FAB-50sv / 2 x 104 kg General Purpose Bombs FAB-100M</strong>
</p>
<p>
                    FAB-50sv:
                </p>
<p>
                    Additional mass: 120 kg
                </p>
<p>
                    Ammunition mass: 104 kg
                </p>
<p>
                    Racks mass: 20 kg
                </p>
<p>
                    Estimated speed loss before drop: 20 km/h
                </p>
<p>
                    Estimated speed loss after drop: 12 km/h
                </p>
<p>
                    FAB-100M:
                </p>
<p>
                    Additional mass: 228 kg
                </p>
<p>
                    Ammunition mass: 208 kg
                </p>
<p>
                    Racks mass: 20 kg
                </p>
<p>
                    Estimated speed loss before drop: 27 km/h
                </p>
<p>
                    Estimated speed loss after drop: 12 km/h
                </p>
<p>
</p>
<p>
<strong>6 x 82mm High Explosive unguided rockets ROS-82</strong>
</p>
<p>
                    Additional mass: 60 kg
                </p>
<p>
                    Ammunition mass: 42 kg
                </p>
<p>
                    Racks mass: 18 kg
                </p>
<p>
                    Estimated speed loss before launch: 23 km/h
                </p>
<p>
                    Estimated speed loss after launch: 17 km/h
                </p>
<p>
</p>
</div>
</div>
<p>
</p>
<p>
            Operation features:
        </p>
<p>
            - Engine has a boost mode which is engaged by setting the mixture control lever to maximum.
        </p>
<p>
            - Engine has a single-stage mechanical supercharger which does not require manual control.
        </p>
<p>
            - Engine mixture control is automatic when the mixture lever is set to the intermediate (50%) position. It is possible to manually lean the mixture by setting the control to less than 50%. This will reduce fuel consumption during flight.
        </p>
<p>
            - Engine RPM has an automatic governor and it is maintained at the required RPM corresponding to the governor control lever position. The governor automatically controls the propeller pitch to maintain the required RPM.
        </p>
<p>
            - Water and oil radiator shutter control is manual.
        </p>
<p>
            - Airplane has only the pitch and yaw flight-control trimmers.
        </p>
<p>
            - Airplane has automatic wing slats. They deploy when the high angle of attack increases which makes pre-stall softer.
        </p>
<p>
            - Landing flaps have a limiter for the maximum angle. The flaps have an extended range from 0° to 50°. The landing flaps have pneumatic actuator. Flaps can only be instantly extended to the angle which is set by limiter, gradual extending is impossible. Due to weak force of the actuator the extended landing flaps may retract upward by the airflow when the airspeed is more than 220 km/h. For this reason, it is necessary to remember that flaps will not extend fully in case of high speed. In case of a high-speed landing approach the flaps may extend a few steps right before landing.
        </p>
<p>
            - Airplane has a tailwheel control system which is unlocked and made controllable by the rudder if the rudder pedal is pressed more than for 40% of its range. The tailwheel remans locked if pedals are deflected less than 40%. Because of this, it is necessary to avoid large rudder pedal inputs when moving at high speed, or be ready to control the airplane with an unlocked tailwheel should large rudder inputs be made.
        </p>
<p>
            - Airplane has differential pneumatic wheel brakes with shared control lever. This means that if the brake lever is held and the rudder pedal the opposite wheel brake is gradually released causing the plane to swing to one side or the other.
        </p>
<p>
            - Airplane has a fuel gauge which shows total fuel remaining.
        </p>
<p>
            - It is impossible to open or close the canopy at high speed due to strong airflow. The canopy has no emergency release, so bail out requires the speed drop before it.
        </p>
<p>
            - When bombs are installed a salvo controller can be used, it has two release modes: single drop or drop two in a salvo.
        </p>
<p>
            - When rockets are installed a salvo controller can be used, it has three launch modes: single fire, fire two in a salvo or fire four in a salvo.
        </p>
<p>
</p>
</div>
<div class="ipsSpoiler_contents">
<p>
</p>
<p>
<strong>BK 12.7mm machineguns in wing-mounted gun pods with 145 rounds per each</strong>
</p>
<p>
                    Additional mass: 155 kg
                </p>
<p>
                    Ammunition mass: 54 kg
                </p>
<p>
                    Guns mass: 101 kg
                </p>
<p>
                    Estimated speed loss: 13 km/h
                </p>
<p>
</p>
<p>
<strong>BS 12.7mm nose-mounted machineguns with 350 rounds per each instead of default ShKAS and BS nose-mounted machineguns</strong>
</p>
<p>
                    Additional mass: 34 kg
                </p>
<p>
                    Ammunition mass: 131 kg
                </p>
<p>
                    Guns mass: 62 kg
                </p>
<p>
                    Estimated speed loss: 0 km/h
                </p>
<p>
</p>
<p>
<strong>ShVAK 20mm nose-mounted guns with 150 rounds per each instead of default ShKAS and BS nose-mounted machineguns</strong>
</p>
<p>
                    Additional mass: 4 kg
                </p>
<p>
                    Ammunition mass: 69 kg
                </p>
<p>
                    Guns mass: 94 kg
                </p>
<p>
                    Estimated speed loss: 0 km/h
                </p>
<p>
</p>
<p>
<strong>2 x 50 kg General Purpose Bombs FAB-50sv / 2 x 104 kg General Purpose Bombs FAB-100M</strong>
</p>
<p>
                    FAB-50sv:
                </p>
<p>
                    Additional mass: 120 kg
                </p>
<p>
                    Ammunition mass: 104 kg
                </p>
<p>
                    Racks mass: 20 kg
                </p>
<p>
                    Estimated speed loss before drop: 20 km/h
                </p>
<p>
                    Estimated speed loss after drop: 12 km/h
                </p>
<p>
                    FAB-100M:
                </p>
<p>
                    Additional mass: 228 kg
                </p>
<p>
                    Ammunition mass: 208 kg
                </p>
<p>
                    Racks mass: 20 kg
                </p>
<p>
                    Estimated speed loss before drop: 27 km/h
                </p>
<p>
                    Estimated speed loss after drop: 12 km/h
                </p>
<p>
</p>
<p>
<strong>6 x 82mm High Explosive unguided rockets ROS-82</strong>
</p>
<p>
                    Additional mass: 60 kg
                </p>
<p>
                    Ammunition mass: 42 kg
                </p>
<p>
                    Racks mass: 18 kg
                </p>
<p>
                    Estimated speed loss before launch: 23 km/h
                </p>
<p>
                    Estimated speed loss after launch: 17 km/h
                </p>
<p>
</p>
</div>
<div class="ipsSpoiler_contents">
<p>
</p>
<p>
            Indicated stall speed in flight configuration: 136..156 km/h
        </p>
<p>
            Indicated stall speed in takeoff/landing configuration: 128..146 km/h
        </p>
<p>
</p>
<p>
            Dive speed limit: 570 km/h
        </p>
<p>
            Maximum load factor: 11.5 G
        </p>
<p>
            Stall angle of attack in flight configuration: 19.4 °
        </p>
<p>
            Stall angle of attack in landing configuration: 17.5 °
        </p>
<p>
</p>
<p>
            Maximum true air speed at sea level, engine mode - Boosted: 430 km/h
        </p>
<p>
            Maximum true air speed at sea level, engine mode - Nominal (at 2150 RPM): 421 km/h
        </p>
<p>
            Maximum true air speed at 2500 m, engine mode - Nominal (at 2150 RPM): 455 km/h
        </p>
<p>
</p>
<p>
            Service ceiling: 7500 m
        </p>
<p>
            Climb rate at sea level: 9.4 m/s
        </p>
<p>
            Climb rate at 3000 m: 8.9 m/s
        </p>
<p>
            Climb rate at 6000 m: 3.9 m/s
        </p>
<p>
</p>
<p>
            Maximum performance turn at sea level: 23.1 s, at 250 km/h IAS.
        </p>
<p>
            Maximum performance turn at 3000 m: 32.6 s, at 250 km/h IAS.
        </p>
<p>
</p>
<p>
            Flight endurance at 3000 m: 1.7 h, at 300 km/h IAS.
        </p>
<p>
</p>
<p>
            Takeoff speed: 150..190 km/h
        </p>
<p>
            Glideslope speed: 185..195 km/h
        </p>
<p>
            Landing speed: 130..140 km/h
        </p>
<p>
            Landing angle: 11.7 °
        </p>
<p>
</p>
<p>
            Note 1: the data provided is for international standard atmosphere (ISA).
        </p>
<p>
            Note 2: flight performance ranges are given for possible aircraft mass ranges.
        </p>
<p>
            Note 3: maximum speeds, climb rates and turn times are given for standard aircraft mass.
        </p>
<p>
            Note 4: climb rates are given for Nominal power, turn times are given for Boosted power.
        </p>
<p>
</p>
<p>
            Engine:
        </p>
<p>
            Model: AM-38
        </p>
<p>
            Maximum power in Boosted mode at sea level: 1600 HP
        </p>
<p>
            Maximum power in Nominal mode at sea level: 1500 HP
        </p>
<p>
            Maximum power in Nominal mode at 1650 m: 1500 HP
        </p>
<p>
</p>
<p>
            Engine modes:
        </p>
<p>
            Nominal (unlimited time): 2050 RPM, 1180 mm Hg
        </p>
<p>
            Boosted power (up to 10 minutes): 2150 RPM, 1280 mm Hg
        </p>
<p>
</p>
<p>
            Water rated temperature in engine output: 80..110 °C
        </p>
<p>
            Water maximum temperature in engine output: 120 °C
        </p>
<p>
            Oil rated temperature in engine intake: 40..80 °C
        </p>
<p>
            Oil maximum temperature in engine intake: 85 °C
        </p>
<p>
            Oil rated temperature in engine output: 115 °C
        </p>
<p>
            Oil maximum temperature in engine output: 120 °C
        </p>
<p>
</p>
<p>
            Supercharger gear shift altitude: single gear
        </p>
<p>
</p>
<p>
            Empty weight: 4242 kg
        </p>
<p>
            Minimum weight (no ammo, 10% fuel): 4464 kg
        </p>
<p>
            Standard weight: 5049 kg
        </p>
<p>
            Maximum takeoff weight: 5888 kg
        </p>
<p>
            Fuel load: 470 kg / 641 l
        </p>
<p>
            Useful load: 1646 kg
        </p>
<p>
</p>
<p>
            Forward-firing armament:
        </p>
<p>
            2 x 20mm gun "SsVAK", 210 rounds, 800 rounds per minute, wing-mounted
        </p>
<p>
            2 x 7.62mm machine gun "ShKAS", 750 rounds, 1800 rounds per minute, wing-mounted
        </p>
<p>
            2 x 23mm gun "VYa-23", 150 rounds, 600 rounds per minute, wing-mounted (modification)
        </p>
<p>
</p>
<p>
            Bombs:
        </p>
<p>
            Up to 6 x 50 kg general purpose bombs "FAB-50sv"
        </p>
<p>
            Up to 6 x 104 kg general purpose bombs "FAB-100M"
        </p>
<p>
            2 x 254 kg general purpose bombs "FAB-250sv"
        </p>
<p>
</p>
<p>
            Rockets:
        </p>
<p>
            8 x 7 kg rockets "ROS-82", HE payload mass 2.5 kg
        </p>
<p>
            8 x 15 kg rockets "RBS-82", HEAT payload mass 7.2 kg
        </p>
<p>
            8 x 42 kg rockets "ROFS-132", HE payload mass 21.3 kg
        </p>
<p>
</p>
<p>
            Length: 11.5 m
        </p>
<p>
            Wingspan: 14.6 m
        </p>
<p>
            Wing surface: 38.5 m^2
        </p>
<p>
</p>
<p>
            Combat debut: June 1941
        </p>
<p>
</p>
<p>
            Additional airplane configurations list:
        </p>
<p>
</p>
<div class="ipsSpoiler" data-ipsspoiler="">
<div class="ipsSpoiler_header">
</div>
<div class="ipsSpoiler_contents">
<p>
</p>
<p>
<strong>2 VYa-23 23mm wing-mounted guns with 150 rounds per each</strong>
</p>
<p>
                    Additional mass: 110 kg
                </p>
<p>
                    Ammunition mass: 170 kg
                </p>
<p>
                    Guns mass: 132 kg
                </p>
<p>
                    Estimated speed loss: 1 km/h
                </p>
<p>
</p>
<p>
<strong>6 x 50 kg General Purpose Bombs FAB-50sv / 6 x 104 kg General Purpose Bombs FAB-100M</strong>
</p>
<p>
                    FAB-50sv:
                </p>
<p>
                    Additional mass: 300 kg
                </p>
<p>
                    Ammunition mass: 300 kg
                </p>
<p>
                    Estimated speed loss before drop: 5 km/h
                </p>
<p>
                    Estimated speed loss after drop: 0 km/h
                </p>
<p>
                    FAB-100M:
                </p>
<p>
                    Additional mass: 624 kg
                </p>
<p>
                    Ammunition mass: 624 kg
                </p>
<p>
                    Estimated speed loss before drop: 9 km/h
                </p>
<p>
                    Estimated speed loss after drop: 0 km/h
                </p>
<p>
</p>
<p>
<strong>2 x 254 kg General Purpose Bombs FAB-250sv</strong>
</p>
<p>
                    Additional mass: 538 kg
                </p>
<p>
                    Ammunition mass: 508 kg
                </p>
<p>
                    Racks mass: 30 kg
                </p>
<p>
                    Estimated speed loss before drop: 19 km/h
                </p>
<p>
                    Estimated speed loss after drop: 9 km/h
                </p>
<p>
</p>
<p>
<strong>8 x 82mm Armour Piercing unguided rockets RBS-82</strong>
</p>
<p>
                    Additional mass: 144 kg
                </p>
<p>
                    Ammunition mass: 120 kg
                </p>
<p>
                    Racks mass: 24 kg
                </p>
<p>
                    Estimated speed loss before launch: 13 km/h
                </p>
<p>
                    Estimated speed loss after launch: 8 km/h
                </p>
<p>
</p>
<p>
<strong>8 x 132mm High Explosive unguided rockets ROFS-132</strong>
</p>
<p>
                    Additional mass: 376 kg
                </p>
<p>
                    Ammunition mass: 336 kg
                </p>
<p>
                    Racks mass: 40 kg
                </p>
<p>
                    Estimated speed loss before launch: 20 km/h
                </p>
<p>
                    Estimated speed loss after launch: 12 km/h
                </p>
<p>
</p>
</div>
</div>
<p>
</p>
<p>
            Operation features:
        </p>
<p>
            - Engine has a boost mode which is engaging by setting mixture control lever to maximum position.
        </p>
<p>
            - Engine has a single stage mechanical supercharger which does not require manual control.
        </p>
<p>
            - Engine mixture control is automatic when the mixture lever is set to the intermediate (50%) position. It is possible to manually lean the mixture by moving the control lever to less than 50%. This will lower fuel consumption during flight.
        </p>
<p>
            - Engine RPM has an automatic governor and it is maintained at the required RPM corresponding to the governor control lever position. The governor automatically controls the propeller pitch to maintain the required RPM.
        </p>
<p>
            - Water and oil radiator shutter control is manual. Airplane has armored oil radiator shutters which should to be closed on start of ground attack to reduce possibility of combat damage. After finishing the attack, it is necessary to re-open the shutters to the required position.
        </p>
<p>
            - Airplane has only the pitch flight-control trimmer.
        </p>
<p>
            - Landing flaps have a pneumatic actuator. Flaps can only be fully extended; gradual extending is impossible. Due to the weak force of the actuator the extended landing flaps may be pressed upwards by the airflow if the airspeed is more than 220 km/h. Remember that the flaps will not extend fully in case of high speed. In case of a high-speed landing approach the flaps may extend a few steps further right before landing.
        </p>
<p>
            - Airplane has a manual tail wheel lock. Wheel should be locked when taxiing straight for a long distance and before takeoff and landing.
        </p>
<p>
            - Airplane has differential pneumatic wheel brakes with shared control lever. This means that if the brake lever is held and the rudder pedal the opposite wheel brake is gradually released causing the plane to swing to one side or the other.
        </p>
<p>
            - Airplane has a fuel gauge which shows the amount of remaining fuel in the front or bottom fuel tank depending on the switch position. In game the fuel indication switch changes by itself during horizontal flight by every 10 seconds. Rear fuel tank level is not indicated.
        </p>
<p>
            - Cockpit canopy weight is 50 kg and it has no lock in the open position, for this reason the canopy may to spontaneously close in a deep dive. Also, it is impossible to open or close canopy at high speed due to strong airflow. The canopy has no emergency release, so bail out requires the speed drop before it.
        </p>
<p>
            - Airplane is equipped with a joint salvo controller both for bombs and rockets, it has three release/fire modes: single launch, launch two in a salvo or launch four in a salvo.
        </p>
<p>
            - The gunsight is installed on a sliding bar which allows the pilot to extend the gunsight towards the pilot allowing fo an increase in the field of view through the gunsight.
        </p>
<p>
</p>
</div>
<div class="ipsSpoiler_contents">
<p>
</p>
<p>
<strong>2 VYa-23 23mm wing-mounted guns with 150 rounds per each</strong>
</p>
<p>
                    Additional mass: 110 kg
                </p>
<p>
                    Ammunition mass: 170 kg
                </p>
<p>
                    Guns mass: 132 kg
                </p>
<p>
                    Estimated speed loss: 1 km/h
                </p>
<p>
</p>
<p>
<strong>6 x 50 kg General Purpose Bombs FAB-50sv / 6 x 104 kg General Purpose Bombs FAB-100M</strong>
</p>
<p>
                    FAB-50sv:
                </p>
<p>
                    Additional mass: 300 kg
                </p>
<p>
                    Ammunition mass: 300 kg
                </p>
<p>
                    Estimated speed loss before drop: 5 km/h
                </p>
<p>
                    Estimated speed loss after drop: 0 km/h
                </p>
<p>
                    FAB-100M:
                </p>
<p>
                    Additional mass: 624 kg
                </p>
<p>
                    Ammunition mass: 624 kg
                </p>
<p>
                    Estimated speed loss before drop: 9 km/h
                </p>
<p>
                    Estimated speed loss after drop: 0 km/h
                </p>
<p>
</p>
<p>
<strong>2 x 254 kg General Purpose Bombs FAB-250sv</strong>
</p>
<p>
                    Additional mass: 538 kg
                </p>
<p>
                    Ammunition mass: 508 kg
                </p>
<p>
                    Racks mass: 30 kg
                </p>
<p>
                    Estimated speed loss before drop: 19 km/h
                </p>
<p>
                    Estimated speed loss after drop: 9 km/h
                </p>
<p>
</p>
<p>
<strong>8 x 82mm Armour Piercing unguided rockets RBS-82</strong>
</p>
<p>
                    Additional mass: 144 kg
                </p>
<p>
                    Ammunition mass: 120 kg
                </p>
<p>
                    Racks mass: 24 kg
                </p>
<p>
                    Estimated speed loss before launch: 13 km/h
                </p>
<p>
                    Estimated speed loss after launch: 8 km/h
                </p>
<p>
</p>
<p>
<strong>8 x 132mm High Explosive unguided rockets ROFS-132</strong>
</p>
<p>
                    Additional mass: 376 kg
                </p>
<p>
                    Ammunition mass: 336 kg
                </p>
<p>
                    Racks mass: 40 kg
                </p>
<p>
                    Estimated speed loss before launch: 20 km/h
                </p>
<p>
                    Estimated speed loss after launch: 12 km/h
                </p>
<p>
</p>
</div>
<div class="ipsSpoiler_contents">
<p>
</p>
<p>
            Indicated stall speed in flight configuration: 175..200 km/h
        </p>
<p>
            Indicated stall speed in takeoff/landing configuration: 148..169 km/h
        </p>
<p>
</p>
<p>
            Dive speed limit: 790 km/h
        </p>
<p>
            Maximum load factor: 11 G
        </p>
<p>
            Stall angle of attack in flight configuration: 13.9 °
        </p>
<p>
            Stall angle of attack in landing configuration: 9.8 °
        </p>
<p>
</p>
<p>
            Maximum true air speed at sea level, engine mode - Nominal: 434 km/h
        </p>
<p>
            Maximum true air speed at 2000 m, engine mode - Nominal: 476 km/h
        </p>
<p>
            Maximum true air speed at 5000 m, engine mode - Nominal: 521 km/h
        </p>
<p>
</p>
<p>
            Service ceiling: 9100 m
        </p>
<p>
            Climb rate at sea level: 9.3 m/s
        </p>
<p>
            Climb rate at 3000 m: 8.4 m/s
        </p>
<p>
            Climb rate at 6000 m: 5.6 m/s
        </p>
<p>
</p>
<p>
            Maximum performance turn at sea level: 30.5 s, at 270 km/h IAS.
        </p>
<p>
            Maximum performance turn at 3000 m: 39.9 s, at 270 km/h IAS.
        </p>
<p>
</p>
<p>
            Flight endurance at 3000 m: 3.7 h, at 300 km/h IAS.
        </p>
<p>
</p>
<p>
            Takeoff speed: 160..200 km/h
        </p>
<p>
            Glideslope speed: 220..240 km/h
        </p>
<p>
            Landing speed: 155..165 km/h
        </p>
<p>
            Landing angle: 12.5 °
        </p>
<p>
</p>
<p>
            Note 1: the data provided is for international standard atmosphere (ISA).
        </p>
<p>
            Note 2: flight performance ranges are given for possible aircraft mass ranges.
        </p>
<p>
            Note 3: maximum speeds, climb rates and turn times are given for standard aircraft mass.
        </p>
<p>
            Note 4: climb rates and turn times are given for Nominal power.
        </p>
<p>
</p>
<p>
            Engine:
        </p>
<p>
            Model: M-105RA
        </p>
<p>
            Maximum power in Nominal mode at sea level: 1020 HP
        </p>
<p>
            Maximum power in Nominal mode at 2000 m: 1100 HP
        </p>
<p>
            Maximum power in Nominal mode at 4000 m: 1050 HP
        </p>
<p>
</p>
<p>
            Engine modes:
        </p>
<p>
            Nominal (unlimited time): 2700 RPM, 910 mm Hg
        </p>
<p>
</p>
<p>
            Water rated temperature in engine output: 70..85 °C
        </p>
<p>
            Water maximum temperature in engine output: 100 °C
        </p>
<p>
            Oil rated temperature in engine output: 90..100 °C
        </p>
<p>
            Oil maximum temperature in engine output: 110 °C
        </p>
<p>
</p>
<p>
            Supercharger gear shift altitude: 2700 m
        </p>
<p>
</p>
<p>
            Empty weight: 6078 kg
        </p>
<p>
            Minimum weight (no ammo, 10% fuel): 6640 kg
        </p>
<p>
            Standard weight: 7697 kg
        </p>
<p>
            Maximum takeoff weight: 8712 kg
        </p>
<p>
            Fuel load: 1129 kg / 1505 l
        </p>
<p>
            Useful load: 2634 kg
        </p>
<p>
</p>
<p>
            Forward-firing armament:
        </p>
<p>
            12.7mm machine gun "UB", 150 rounds, 1000 rounds per minute, nose-mounted
        </p>
<p>
            7.62mm machine gun "ShKAS", 450 rounds, 1800 rounds per minute, nose-mounted
        </p>
<p>
</p>
<p>
            Defensive armament:
        </p>
<p>
            Top: 7.62mm machine gun "ShKAS", 750 rounds, 1800 rounds per minute
        </p>
<p>
            Belly: 12.7mm machine gun "UB", 200 rounds, 1000 rounds per minute
        </p>
<p>
            Side: 7.62mm machine gun "ShKAS", 225 rounds, 1800 rounds per minute
        </p>
<p>
</p>
<p>
            Bombs:
        </p>
<p>
            Up to 10 x 104 kg general purpose bombs "FAB-100M"
        </p>
<p>
            Up to 4 x 254 kg general purpose bombs "FAB-250sv"
        </p>
<p>
            Up to 2 x 512 kg general purpose bombs "FAB-500M"
        </p>
<p>
</p>
<p>
            Rockets:
        </p>
<p>
            10 x 23 kg rockets "ROS-132", HE payload mass 9.1 kg
        </p>
<p>
</p>
<p>
            Length: 12.69 m
        </p>
<p>
            Wingspan: 17.12 m
        </p>
<p>
            Wing surface: 40.8 m^2
        </p>
<p>
</p>
<p>
            Combat debut: July 1941
        </p>
<p>
</p>
<p>
            Additional airplane configurations list:
        </p>
<p>
</p>
<div class="ipsSpoiler" data-ipsspoiler="">
<div class="ipsSpoiler_header">
</div>
<div class="ipsSpoiler_contents">
<p>
</p>
<p>
<strong>10 x 104 kg General Purpose Bombs FAB-100M</strong>
</p>
<p>
                    Additional mass: 1040 kg
                </p>
<p>
                    Ammunition mass: 1040 kg
                </p>
<p>
                    Estimated speed loss before drop: 23 km/h
                </p>
<p>
                    Estimated speed loss after drop: 0 km/h
                </p>
<p>
</p>
<p>
<strong>4 x 254 kg General Purpose Bombs FAB-250sv</strong>
</p>
<p>
                    Additional mass: 1016 kg
                </p>
<p>
                    Ammunition mass: 1016 kg
                </p>
<p>
                    Estimated speed loss before drop: 33 km/h
                </p>
<p>
                    Estimated speed loss after drop: 0 km/h
                </p>
<p>
</p>
<p>
<strong>2 x 512 kg General Purpose Bombs FAB-500M</strong>
</p>
<p>
                    Additional mass: 1024 kg
                </p>
<p>
                    Ammunition mass: 1024 kg
                </p>
<p>
                    Estimated speed loss before drop: 48 km/h
                </p>
<p>
                    Estimated speed loss after drop: 0 km/h
                </p>
<p>
</p>
<p>
<strong>10 x 132mm High Explosive unguided rockets ROS-132</strong>
</p>
<p>
                    Additional mass: 280 kg
                </p>
<p>
                    Ammunition mass: 230 kg
                </p>
<p>
                    Racks mass: 50 kg
                </p>
<p>
                    Estimated speed loss before launch: 31 km/h
                </p>
<p>
                    Estimated speed loss after launch: 20 km/h
                </p>
<p>
</p>
<p>
<strong>RPK-2 fixed loop radio compass for navigation with radio beacons</strong>
</p>
<p>
                    Additional mass: 20 kg
                </p>
<p>
                    Estimated speed loss: 2 km/h
                </p>
<p>
</p>
</div>
</div>
<p>
</p>
<p>
            Operation features:
        </p>
<p>
            - Engine has a two-stage mechanical supercharger which must be manually switched at 2700m altitude.
        </p>
<p>
            - Engine mixture control is manual; it is necessary to lean the mixture if altitude is more than 3-4 km for optimal engine operation. Also, leaning the mixture allows a reduction in fuel consumption during flight.
        </p>
<p>
            - Engine RPM has an automatic governor and it is maintained at the required RPM corresponding to the governor control lever position. The governor automatically controls the propeller pitch to maintain the required RPM. The governor is electrically actuated and takes a long time to reach the required revolutions, up to 45 seconds when going from minimum to maximum.
        </p>
<p>
            - Water and oil radiator shutter control is manual.
        </p>
<p>
            - Airplane has trimmers for all flight-controls: pitch, roll, yaw.
        </p>
<p>
            - Airplane has fence-type airbrakes which are located under the wing and used to slow the descent during steep dive bombing.
        </p>
<p>
            - Landing flaps have electro-hydraulic actuator and they can be extended to any angle up to 50°. When landing and the flaps are fully extended the angle of attack for a stall is less than landing pitch angle. For this reason, it is prohibited to extend flaps to more than to 35° (70%) on landing.
        </p>
<p>
            - Airplane has automatically controlled horizontal stabilizer. The automatic control system adjusts the stabilizer angle depending on landing flaps extended angle.
        </p>
<p>
            - Airplane tail wheel rotates freely and does not have a lock. For this reason, it is necessary to confidently and accurately operate the rudder pedals during the takeoff and landing.
        </p>
<p>
            - Airplane has differential pneumatic wheel brakes with shared control lever. This means that if the brake lever is held and the rudder pedal the opposite wheel brake is gradually released causing the plane to swing to one side or the other.
        </p>
<p>
            - Airplane has three fuel gauges which shows the level in the fuselage fuel tank, left wing tanks and right wing tanks.
        </p>
<p>
            - Cockpit canopy have an emergency release system for bailouts.
        </p>
<p>
            - Airplane is equipped with a bomb salvo controller, it has four release modes: drop single, drop two in a salvo, drop four in a salvo or drop all bombs in salvo. There is also a controller for a drop delay between each bomb in the salvo.
        </p>
<p>
            - When rockets are installed a salvo controller can be used, it has three launch modes: single fire, fire two in a salvo or fire four in a salvo. Aircraft has a fire control system that is designed for eight rockets. However, for added punch, ten rockets were typically loaded. In that case, the ninth rocket will fire with the seventh and the tenth will fire with the eighth.
        </p>
<p>
</p>
</div>
<div class="ipsSpoiler_contents">
<p>
</p>
<p>
<strong>10 x 104 kg General Purpose Bombs FAB-100M</strong>
</p>
<p>
                    Additional mass: 1040 kg
                </p>
<p>
                    Ammunition mass: 1040 kg
                </p>
<p>
                    Estimated speed loss before drop: 23 km/h
                </p>
<p>
                    Estimated speed loss after drop: 0 km/h
                </p>
<p>
</p>
<p>
<strong>4 x 254 kg General Purpose Bombs FAB-250sv</strong>
</p>
<p>
                    Additional mass: 1016 kg
                </p>
<p>
                    Ammunition mass: 1016 kg
                </p>
<p>
                    Estimated speed loss before drop: 33 km/h
                </p>
<p>
                    Estimated speed loss after drop: 0 km/h
                </p>
<p>
</p>
<p>
<strong>2 x 512 kg General Purpose Bombs FAB-500M</strong>
</p>
<p>
                    Additional mass: 1024 kg
                </p>
<p>
                    Ammunition mass: 1024 kg
                </p>
<p>
                    Estimated speed loss before drop: 48 km/h
                </p>
<p>
                    Estimated speed loss after drop: 0 km/h
                </p>
<p>
</p>
<p>
<strong>10 x 132mm High Explosive unguided rockets ROS-132</strong>
</p>
<p>
                    Additional mass: 280 kg
                </p>
<p>
                    Ammunition mass: 230 kg
                </p>
<p>
                    Racks mass: 50 kg
                </p>
<p>
                    Estimated speed loss before launch: 31 km/h
                </p>
<p>
                    Estimated speed loss after launch: 20 km/h
                </p>
<p>
</p>
<p>
<strong>RPK-2 fixed loop radio compass for navigation with radio beacons</strong>
</p>
<p>
                    Additional mass: 20 kg
                </p>
<p>
                    Estimated speed loss: 2 km/h
                </p>
<p>
</p>
</div>
<div class="ipsSpoiler_contents">
<p>
</p>
<p>
            Indicated stall speed in flight configuration: 152..159 km/h
        </p>
<p>
            Indicated stall speed in takeoff/landing configuration: 147..146 km/h
        </p>
<p>
            Dive speed limit: 850 km/h
        </p>
<p>
            Maximum load factor: 11 G
        </p>
<p>
            Stall angle of attack in flight configuration: 20 °
        </p>
<p>
            Stall angle of attack in landing configuration: 16.6 °
        </p>
<p>
</p>
<p>
            Maximum true air speed at sea level, engine mode - Emergency: 477 km/h
        </p>
<p>
            Maximum true air speed at 2000 m, engine mode - Emergency: 520 km/h
        </p>
<p>
            Maximum true air speed at 5000 m, engine mode - Emergency: 564 km/h
        </p>
<p>
</p>
<p>
            Service ceiling: 10500 m
        </p>
<p>
            Climb rate at sea level: 14 m/s
        </p>
<p>
            Climb rate at 3000 m: 13.3 m/s
        </p>
<p>
            Climb rate at 6000 m: 7 m/s
        </p>
<p>
</p>
<p>
            Maximum performance turn at sea level: 20.5 s, at 270 km/h IAS.
        </p>
<p>
            Maximum performance turn at 3000 m: 25.5 s, at 270 km/h IAS.
        </p>
<p>
</p>
<p>
            Flight endurance at 3000 m: 2.2 h, at 350 km/h IAS.
        </p>
<p>
</p>
<p>
            Takeoff speed: 140..170 km/h
        </p>
<p>
            Glideslope speed: 180..190 km/h
        </p>
<p>
            Landing speed: 130..140 km/h
        </p>
<p>
            Landing angle: 14.3 °
        </p>
<p>
</p>
<p>
            Note 1: the data provided is for international standard atmosphere (ISA).
        </p>
<p>
            Note 2: flight performance ranges are given for possible aircraft mass ranges.
        </p>
<p>
            Note 3: maximum speeds, climb rates and turn times are given for standard aircraft mass.
        </p>
<p>
            Note 4: climb rates are given for Combat power, turn times are given for Boosted power.
        </p>
<p>
</p>
<p>
            Engine:
        </p>
<p>
            Model: DB-601A
        </p>
<p>
            Maximum power in Boosted mode at sea level: 1100 HP
        </p>
<p>
            Maximum power in Emergency mode at sea level: 990 HP
        </p>
<p>
            Maximum power in Emergency mode at 4500 m: 1020 HP
        </p>
<p>
            Maximum power in Combat mode at sea level: 910 HP
        </p>
<p>
            Maximum power in Combat mode at 5000 m: 960 HP
        </p>
<p>
</p>
<p>
            Engine modes:
        </p>
<p>
            Nominal (unlimited time): 2200 RPM, 1.15 ata
        </p>
<p>
            Combat power (up to 30 minutes): 2300 RPM, 1.23 ata
        </p>
<p>
            Emergency power (up to 5 minutes): 2400 RPM, 1.3 ata
        </p>
<p>
            Boosted power (up to 1 minute): 2400 RPM, 1.4 ata
        </p>
<p>
</p>
<p>
            Water rated temperature in engine output: 94 °C
        </p>
<p>
            Water maximum temperature in engine output: 100 °C
        </p>
<p>
            Oil rated temperature in engine intake: 30..75 °C
        </p>
<p>
            Oil maximum temperature in engine intake: 80 °C
        </p>
<p>
            Oil rated temperature in engine output: 95 °C
        </p>
<p>
            Oil maximum temperature in engine output: 105 °C
        </p>
<p>
</p>
<p>
            Supercharger gear shift altitude: fluid coupling
        </p>
<p>
</p>
<p>
            Empty weight: 2049 kg
        </p>
<p>
            Minimum weight (no ammo, 10% fuel): 2340 kg
        </p>
<p>
            Standard weight: 2614 kg
        </p>
<p>
            Maximum takeoff weight: 2893 kg
        </p>
<p>
            Fuel load: 304 kg / 400 l
        </p>
<p>
            Useful load: 844 kg
        </p>
<p>
</p>
<p>
            Forward-firing armament:
        </p>
<p>
            2 x 20mm gun "MG FF", 60 rounds, 540 rounds per minute, wing-mounted
        </p>
<p>
            2 x 7.92mm machine gun "MG 17", 1000 rounds, 1200 rounds per minute, synchronized
        </p>
<p>
</p>
<p>
            Bombs:
        </p>
<p>
            Up to 4 x 55 kg general purpose bombs "SC 50"
        </p>
<p>
            249 kg general purpose bomb "SC 250"
        </p>
<p>
</p>
<p>
            Length: 8.8 m
        </p>
<p>
            Wingspan: 9.9 m
        </p>
<p>
            Wing surface: 16.4 m^2
        </p>
<p>
</p>
<p>
            Combat debut: August 1940
        </p>
<p>
</p>
<p>
            Additional airplane configurations list:
        </p>
<p>
</p>
<div class="ipsSpoiler" data-ipsspoiler="">
<div class="ipsSpoiler_header">
</div>
<div class="ipsSpoiler_contents">
<p>
</p>
<p>
<strong>4 x 55 kg General Purpose Bombs SC 50</strong>
</p>
<p>
                    Additional mass: 260 kg
                </p>
<p>
                    Ammunition mass: 220 kg
                </p>
<p>
                    Racks mass: 40 kg
                </p>
<p>
                    Estimated speed loss before drop: 53 km/h
                </p>
<p>
                    Estimated speed loss after drop: 13 km/h
                </p>
<p>
</p>
<p>
<strong>249 kg General Purpose Bomb SC 250</strong>
</p>
<p>
                    Additional mass: 279 kg
                </p>
<p>
                    Ammunition mass: 249 kg
                </p>
<p>
                    Racks mass: 30 kg
                </p>
<p>
                    Estimated speed loss before drop: 34 km/h
                </p>
<p>
                    Estimated speed loss after drop: 11 km/h
                </p>
<p>
</p>
<p>
<strong>Removed pilot armoured headrest for improved field of view</strong>
</p>
<p>
                    Weight savings: 8 kg
                </p>
<p>
                    Estimated speed loss: 0 km/h
                </p>
<p>
</p>
<p>
<strong>Additional pilot protection: armoured triplex wind screen</strong>
</p>
<p>
                    Additional mass: 20 kg
                </p>
<p>
                    Estimated speed loss: 1 km/h
                </p>
<p>
</p>
<p>
<strong>Additional protection: armoured plates on bottom of plane</strong>
</p>
<p>
                    Additional mass: 89 kg
                </p>
<p>
                    Estimated speed loss: 4 km/h
                </p>
<p>
</p>
</div>
</div>
<p>
</p>
<p>
            Operation features:
        </p>
<p>
            - Airplane has a wide automatization of the engine systems, in fact, to control speed it is only necessary to use the throttle lever. There is no need to manually set engine revolutions and mixture or supercharger gear in normal flight.
        </p>
<p>
            - To reduce swinging during taxiing due to prop-wash the propeller pitch control should be switched to manual mode and pitch should be reduced to minimum.
        </p>
<p>
            - Water and oil radiator shutters are controlled manually.
        </p>
<p>
            - Airplane has no flight-control trimmers. Airplane is equipped with bendable trim tabs that can be set pre-flight by ground personnel.
        </p>
<p>
            - Airplane has a manually controlled horizontal stabilizer. It should be set to +1° before takeoff and to -4°...-5° before landing. Also, it may be used to trim the flight stick during the flight. In a deep dive the stabilizer should be set so that the pilot must push the flight stick forward to maintain the dive angle.
        </p>
<p>
            - Airplane has automatic wing slats. They deploy when the high angle of attack increases which makes pre-stall softer.
        </p>
<p>
            - Airplane has a manual mechanical system for retracting the landing flaps, for this reason it is necessary to extend landing flaps well before final approach. Markers on the left-wing flap indicate how far the flaps are extended. The flaps can be extended to any angle up to 42°.
        </p>
<p>
            - Airplane has a manual tail wheel lock. Wheel should be locked when taxiing straight for a long distance and before takeoff and landing.
        </p>
<p>
            - Airplane has independent left and right hydraulic wheel brake controls. To apply either brake push the upper part of the rudder pedal.
        </p>
<p>
            - Airplane has a fuel gauge which shows total fuel remaining. Also, it has an emergency fuel warning light (80 liters).
        </p>
<p>
            - The design of the cockpit canopy does not allow it to be opened during flight. The canopy should be closed before takeoff to prevent damage. The canopy has an emergency release system for bailouts.
        </p>
<p>
            - The control system for the bomb rack only allows for dropping bombs one by one.
        </p>
<p>
            - The gunsight has a sliding sun-filter.
        </p>
<p>
</p>
</div>
<div class="ipsSpoiler_contents">
<p>
</p>
<p>
<strong>4 x 55 kg General Purpose Bombs SC 50</strong>
</p>
<p>
                    Additional mass: 260 kg
                </p>
<p>
                    Ammunition mass: 220 kg
                </p>
<p>
                    Racks mass: 40 kg
                </p>
<p>
                    Estimated speed loss before drop: 53 km/h
                </p>
<p>
                    Estimated speed loss after drop: 13 km/h
                </p>
<p>
</p>
<p>
<strong>249 kg General Purpose Bomb SC 250</strong>
</p>
<p>
                    Additional mass: 279 kg
                </p>
<p>
                    Ammunition mass: 249 kg
                </p>
<p>
                    Racks mass: 30 kg
                </p>
<p>
                    Estimated speed loss before drop: 34 km/h
                </p>
<p>
                    Estimated speed loss after drop: 11 km/h
                </p>
<p>
</p>
<p>
<strong>Removed pilot armoured headrest for improved field of view</strong>
</p>
<p>
                    Weight savings: 8 kg
                </p>
<p>
                    Estimated speed loss: 0 km/h
                </p>
<p>
</p>
<p>
<strong>Additional pilot protection: armoured triplex wind screen</strong>
</p>
<p>
                    Additional mass: 20 kg
                </p>
<p>
                    Estimated speed loss: 1 km/h
                </p>
<p>
</p>
<p>
<strong>Additional protection: armoured plates on bottom of plane</strong>
</p>
<p>
                    Additional mass: 89 kg
                </p>
<p>
                    Estimated speed loss: 4 km/h
                </p>
<p>
</p>
</div>
<div class="ipsSpoiler_contents">
<p>
</p>
<p>
            Indicated stall speed in flight configuration: 151..168 km/h
        </p>
<p>
            Indicated stall speed in takeoff/landing configuration: 144 km/h..159 km/h
        </p>
<p>
            Dive speed limit: 850 km/h
        </p>
<p>
            Maximum load factor: 11 G
        </p>
<p>
            Stall angle of attack in flight configuration: 19.7 °
        </p>
<p>
            Stall angle of attack in landing configuration: 17 °
        </p>
<p>
</p>
<p>
            Maximum true air speed at sea level, engine mode - Emergency: 528 km/h
        </p>
<p>
            Maximum true air speed at 2000 m, engine mode - Emergency: 563 km/h
        </p>
<p>
            Maximum true air speed at 5000 m, engine mode - Emergency: 606 km/h
        </p>
<p>
</p>
<p>
            Service ceiling: 11500 m
        </p>
<p>
            Climb rate at sea level: 16.4 m/s
        </p>
<p>
            Climb rate at 3000 m: 14.1 m/s
        </p>
<p>
            Climb rate at 6000 m: 10 m/s
        </p>
<p>
</p>
<p>
            Maximum performance turn at sea level: 23.6 s, at 270 km/h IAS.
        </p>
<p>
            Maximum performance turn at 3000 m: 29.0 s, at 270 km/h IAS.
        </p>
<p>
</p>
<p>
            Flight endurance at 3000 m: 2.4 h, at 350 km/h IAS.
        </p>
<p>
</p>
<p>
            Takeoff speed: 145..175 km/h
        </p>
<p>
            Glideslope speed: 185..195 km/h
        </p>
<p>
            Landing speed: 135..145 km/h
        </p>
<p>
            Landing angle: 14.8 °
        </p>
<p>
</p>
<p>
            Note 1: the data provided is for international standard atmosphere (ISA).
        </p>
<p>
            Note 2: flight performance ranges are given for possible aircraft mass ranges.
        </p>
<p>
            Note 3: maximum speeds, climb rates and turn times are given for standard aircraft mass.
        </p>
<p>
            Note 4: climb rates are given for Combat power, turn times are given for Boosted power.
        </p>
<p>
</p>
<p>
            Engine:
        </p>
<p>
            Model: DB-601N
        </p>
<p>
            Maximum power in Boosted mode at 5500 m: 1220 HP
        </p>
<p>
            Maximum power in Emergency mode at sea level: 1175 HP
        </p>
<p>
            Maximum power in Emergency mode at 4900 m: 1175 HP
        </p>
<p>
            Maximum power in Combat mode at sea level: 1015 HP
        </p>
<p>
            Maximum power in Combat mode at 4900 m: 1045 HP
        </p>
<p>
</p>
<p>
            Engine modes:
        </p>
<p>
            Nominal (unlimited time): 2300 RPM, 1.15 ata
        </p>
<p>
            Combat power (up to 30 minutes): 2400 RPM, 1.25 ata
        </p>
<p>
            Emergency power (up to 3 minutes): 2600 RPM, 1.35 ata
        </p>
<p>
            Boosted power (up to 1 minute): 2800 RPM, 1.42 ata
        </p>
<p>
</p>
<p>
            Water rated temperature in engine output: 100..102 °C
        </p>
<p>
            Water maximum temperature in engine output: 110 °C
        </p>
<p>
            Oil rated temperature in engine intake: 70..80 °C
        </p>
<p>
            Oil maximum temperature in engine intake: 85 °C
        </p>
<p>
</p>
<p>
            Supercharger gear shift altitude: fluid coupling
        </p>
<p>
</p>
<p>
            Empty weight: 2171 kg
        </p>
<p>
            Minimum weight (no ammo, 10% fuel): 2445 kg
        </p>
<p>
            Standard weight: 2789 kg
        </p>
<p>
            Maximum takeoff weight: 3092 kg
        </p>
<p>
            Fuel load: 304 kg / 400 l
        </p>
<p>
            Useful load: 921 kg
        </p>
<p>
</p>
<p>
            Forward-firing armament:
        </p>
<p>
            15mm gun "MG 151/15", 200 rounds, 700 rounds per minute, nose-mounted
        </p>
<p>
            2 x 7.92mm machine gun "MG 17", 500 rounds, 1200 rounds per minute, synchronized
        </p>
<p>
            20mm gun "MG 151/20", 200 rounds, 700 rounds per minute, nose-mounted (modification)
        </p>
<p>
</p>
<p>
            Bombs:
        </p>
<p>
            Up to 4 x 55 kg general purpose bombs "SC 50"
        </p>
<p>
            249 kg general purpose bomb "SC 250"
        </p>
<p>
</p>
<p>
            Length: 8.94 m
        </p>
<p>
            Wingspan: 9.97 m
        </p>
<p>
            Wing surface: 16.1 m^2
        </p>
<p>
</p>
<p>
            Combat debut: March 1941
        </p>
<p>
</p>
<p>
            Additional airplane configurations list:
        </p>
<p>
</p>
<div class="ipsSpoiler" data-ipsspoiler="">
<div class="ipsSpoiler_header">
</div>
<div class="ipsSpoiler_contents">
<p>
</p>
<p>
<strong>MG 151/20 20mm nose-gun with 200 rounds</strong>
</p>
<p>
                    Additional mass: 4 kg
                </p>
<p>
                    Ammunition mass: 42 kg
                </p>
<p>
                    Gun mass: 44 kg
                </p>
<p>
                    Estimated speed loss: 0 km/h
                </p>
<p>
</p>
<p>
<strong>4 x 55 kg General Purpose Bombs SC 50</strong>
</p>
<p>
                    Additional mass: 260 kg
                </p>
<p>
                    Ammunition mass: 220 kg
                </p>
<p>
                    Racks mass: 40 kg
                </p>
<p>
                    Estimated speed loss before drop: 51 km/h
                </p>
<p>
                    Estimated speed loss after drop: 11 km/h
                </p>
<p>
</p>
<p>
<strong>249 kg General Purpose Bomb SC 250</strong>
</p>
<p>
                    Additional mass: 279 kg
                </p>
<p>
                    Ammunition mass: 249 kg
                </p>
<p>
                    Racks mass: 30 kg
                </p>
<p>
                    Estimated speed loss before drop: 31 km/h
                </p>
<p>
                    Estimated speed loss after drop: 10 km/h
                </p>
<p>
</p>
<p>
<strong>Removed pilot armoured headrest for improved field of view</strong>
</p>
<p>
                    Weight savings: 8 kg
                </p>
<p>
                    Estimated speed loss: 0 km/h
                </p>
<p>
</p>
<p>
<strong>Additional pilot protection: armoured triplex wind screen</strong>
</p>
<p>
                    Additional mass: 20 kg
                </p>
<p>
                    Estimated speed loss: 1 km/h
                </p>
<p>
</p>
</div>
</div>
<p>
</p>
<p>
            Operation features:
        </p>
<p>
            - Airplane has a wide automatization of the engine systems, in fact, to control speed it is only necessary to use the throttle lever. There is no need to manually set engine revolutions and mixture or supercharger gear in normal flight.
        </p>
<p>
            - In addition to full-automatic mode there is a special emergency mode for the radiator shutters, which can be used in specific situations. In this mode, the shutters are forced to be fully opened.
        </p>
<p>
            - To reduce swinging during taxiing due to prop-wash the propeller pitch control should be switched to manual mode and pitch should be reduced to minimum.
        </p>
<p>
            - Airplane has no flight-control trimmers. Airplane is equipped with bendable trim tabs that can be set pre-flight by ground personnel.
        </p>
<p>
            - Airplane has a manually controlled horizontal stabilizer. It should be set to +1° before takeoff and to -4°...-5° before landing. Also, it may be used to trim the flight stick during the flight. In a deep dive the stabilizer should be set so that the pilot must push the flight stick forward to maintain the dive angle.
        </p>
<p>
            - Airplane has automatic wing slats. They deploy when the high angle of attack increases which makes pre-stall softer.
        </p>
<p>
            - Airplane has a manual mechanical system for retracting the landing flaps, for this reason it is necessary to extend landing flaps well before final approach. Markers on the left-wing flap indicate how far the flaps are extended. The flaps can be extended to any angle up to 40°.
        </p>
<p>
            - Airplane has a manual tail wheel lock. Wheel should be locked when taxiing straight for a long distance and before takeoff and landing.
        </p>
<p>
            - Airplane has independent left and right hydraulic wheel brake controls. To apply either brake push the upper part of the rudder pedal.
        </p>
<p>
            - Airplane has a fuel gauge which shows total fuel remaining. Also, it has an emergency fuel warning light (80 liters).
        </p>
<p>
            - The design of the cockpit canopy does not allow it to be opened during flight. The canopy should be closed before takeoff to prevent damage. The canopy has an emergency release system for bailouts.
        </p>
<p>
            - The control system for the bomb rack only allows for dropping bombs one by one.
        </p>
<p>
            - The gunsight has a sliding sun-filter.
        </p>
<p>
</p>
</div>
<div class="ipsSpoiler_contents">
<p>
</p>
<p>
<strong>MG 151/20 20mm nose-gun with 200 rounds</strong>
</p>
<p>
                    Additional mass: 4 kg
                </p>
<p>
                    Ammunition mass: 42 kg
                </p>
<p>
                    Gun mass: 44 kg
                </p>
<p>
                    Estimated speed loss: 0 km/h
                </p>
<p>
</p>
<p>
<strong>4 x 55 kg General Purpose Bombs SC 50</strong>
</p>
<p>
                    Additional mass: 260 kg
                </p>
<p>
                    Ammunition mass: 220 kg
                </p>
<p>
                    Racks mass: 40 kg
                </p>
<p>
                    Estimated speed loss before drop: 51 km/h
                </p>
<p>
                    Estimated speed loss after drop: 11 km/h
                </p>
<p>
</p>
<p>
<strong>249 kg General Purpose Bomb SC 250</strong>
</p>
<p>
                    Additional mass: 279 kg
                </p>
<p>
                    Ammunition mass: 249 kg
                </p>
<p>
                    Racks mass: 30 kg
                </p>
<p>
                    Estimated speed loss before drop: 31 km/h
                </p>
<p>
                    Estimated speed loss after drop: 10 km/h
                </p>
<p>
</p>
<p>
<strong>Removed pilot armoured headrest for improved field of view</strong>
</p>
<p>
                    Weight savings: 8 kg
                </p>
<p>
                    Estimated speed loss: 0 km/h
                </p>
<p>
</p>
<p>
<strong>Additional pilot protection: armoured triplex wind screen</strong>
</p>
<p>
                    Additional mass: 20 kg
                </p>
<p>
                    Estimated speed loss: 1 km/h
                </p>
<p>
</p>
</div>
<div class="ipsSpoiler_contents">
<p>
</p>
<p>
            Indicated stall speed in flight configuration: 148..182 km/h
        </p>
<p>
            Indicated stall speed in takeoff/landing configuration: 131..162 km/h
        </p>
<p>
            Dive speed limit: 740 km/h
        </p>
<p>
            Maximum load factor: 11 G
        </p>
<p>
            Stall angle of attack in flight configuration: 20.7 °
        </p>
<p>
            Stall angle of attack in landing configuration: 17.5 °
        </p>
<p>
</p>
<p>
            Maximum true air speed at sea level, engine mode - Emergency: 456 km/h
        </p>
<p>
            Maximum true air speed at 2000 m, engine mode - Emergency: 494 km/h
        </p>
<p>
            Maximum true air speed at 5000 m, engine mode - Emergency: 529 km/h
        </p>
<p>
</p>
<p>
            Service ceiling: 9500 m
        </p>
<p>
            Climb rate at sea level: 10.3 m/s
        </p>
<p>
            Climb rate at 3000 m: 9.6 m/s
        </p>
<p>
            Climb rate at 6000 m: 6.1 m/s
        </p>
<p>
</p>
<p>
            Maximum performance turn at sea level: 27.4 s, at 270 km/h IAS.
        </p>
<p>
            Maximum performance turn at 3000 m: 35.4 s, at 270 km/h IAS.
        </p>
<p>
</p>
<p>
            Flight endurance at 3000 m: 3.5 h, at 300 km/h IAS.
        </p>
<p>
</p>
<p>
            Takeoff speed: 180..220 km/h
        </p>
<p>
            Glideslope speed: 200..220 km/h
        </p>
<p>
            Landing speed: 140..160 km/h
        </p>
<p>
            Landing angle: 10.6 °
        </p>
<p>
</p>
<p>
            Note 1: the data provided is for international standard atmosphere (ISA).
        </p>
<p>
            Note 2: flight performance ranges are given for possible aircraft mass ranges.
        </p>
<p>
            Note 3: maximum speeds, climb rates and turn times are given for standard aircraft mass.
        </p>
<p>
            Note 4: climb rates are given for Combat power, turn times are given for Boosted power.
        </p>
<p>
</p>
<p>
            Engine:
        </p>
<p>
            Model: DB-601A
        </p>
<p>
            Maximum power in Boosted mode at sea level: 1100 HP
        </p>
<p>
            Maximum power in Emergency mode at sea level: 990 HP
        </p>
<p>
            Maximum power in Emergency mode at 4500 m: 1020 HP
        </p>
<p>
            Maximum power in Combat mode at sea level: 910 HP
        </p>
<p>
            Maximum power in Combat mode at 5000 m: 960 HP
        </p>
<p>
</p>
<p>
            Engine modes:
        </p>
<p>
            Nominal (unlimited time): 2200 RPM, 1.15 ata
        </p>
<p>
            Combat power (up to 30 minutes): 2300 RPM, 1.23 ata
        </p>
<p>
            Emergency power (up to 5 minutes): 2400 RPM, 1.3 ata
        </p>
<p>
            Boosted power (up to 1 minute): 2400 RPM, 1.4 ata
        </p>
<p>
</p>
<p>
            Water rated temperature in engine output: 94 °C
        </p>
<p>
            Water maximum temperature in engine output: 100 °C
        </p>
<p>
            Oil rated temperature in engine intake: 30..75 °C
        </p>
<p>
            Oil maximum temperature in engine intake: 80 °C
        </p>
<p>
            Oil rated temperature in engine output: 95 °C
        </p>
<p>
            Oil maximum temperature in engine output: 105 °C
        </p>
<p>
</p>
<p>
            Supercharger gear shift altitude: fluid coupling
        </p>
<p>
</p>
<p>
            Empty weight: 5175 kg
        </p>
<p>
            Minimum weight (no ammo, 10% fuel): 5597 kg
        </p>
<p>
            Standart weight: 6706 kg
        </p>
<p>
            Maximum takeoff weight: 8398 kg
        </p>
<p>
            Fuel load: 965 kg / 1270 l
        </p>
<p>
            Useful load: 3223 kg
        </p>
<p>
</p>
<p>
            Forward-firing armament:
        </p>
<p>
            4 x 7.92mm machine gun "MG 17", 1000 rounds, 1200 rounds per minute, nose-mounted
        </p>
<p>
            2 x 20mm gun "MG FF", 180 rounds, 540 rounds per minute, nose-mounted
        </p>
<p>
</p>
<p>
            Defensive armament:
        </p>
<p>
            Backward: 7.92mm machine gun "MG 15", 825 rounds, 1000 rounds per minute
        </p>
<p>
</p>
<p>
            Bombs:
        </p>
<p>
            Up to 12 x 55 kg general purpose bombs "SC 50"
        </p>
<p>
            Up to 2 x 249 kg general purpose bombs "SC 250"
        </p>
<p>
            Up to 2 x 500 kg general purpose bombs "SC 500"
        </p>
<p>
            1090 kg general purpose bomb "SC 1000"
        </p>
<p>
</p>
<p>
            Length: 12.1 m
        </p>
<p>
            Wingspan: 16.3 m
        </p>
<p>
            Wing surface: 38.4 m^2
        </p>
<p>
</p>
<p>
            Combat debut: October 1940
        </p>
<p>
</p>
<p>
            Additional airplane configurations list:
        </p>
<p>
</p>
<div class="ipsSpoiler" data-ipsspoiler="">
<div class="ipsSpoiler_header">
</div>
<div class="ipsSpoiler_contents">
<p>
</p>
<p>
<strong>12 x 55 kg General Purpose Bombs SC 50</strong>
</p>
<p>
                    Additional mass: 820 kg
                </p>
<p>
                    Ammunition mass: 660 kg
                </p>
<p>
                    Racks mass: 160 kg
                </p>
<p>
                    Estimated speed loss before drop: 80 km/h
                </p>
<p>
                    Estimated speed loss after drop: 38 km/h
                </p>
<p>
</p>
<p>
<strong>2 x 500 kg General Purpose Bomb SC 500</strong>
</p>
<p>
                    Additional mass: 1025 kg
                </p>
<p>
                    Ammunition mass: 1000 kg
                </p>
<p>
                    Racks mass: 50 kg
                </p>
<p>
                    Estimated speed loss before drop: 35 km/h
                </p>
<p>
                    Estimated speed loss after drop: 5 km/h
                </p>
<p>
</p>
<p>
<strong>1090 kg General Purpose Bomb SC 1000</strong>
</p>
<p>
                    Additional mass: 1140 kg
                </p>
<p>
                    Ammunition mass: 1090 kg
                </p>
<p>
                    Racks mass: 50 kg
                </p>
<p>
                    Estimated speed loss before drop: 33 km/h
                </p>
<p>
                    Estimated speed loss after drop: 5 km/h
                </p>
<p>
</p>
<p>
<strong>Additional pilot protection: armoured triplex wind screen and armoured headrest</strong>
</p>
<p>
                    Additional mass: 32 kg
                </p>
<p>
                    Estimated speed loss: 0 km/h
                </p>
<p>
</p>
<p>
<strong>Additional protection: armoured plates on engines and radiators</strong>
</p>
<p>
                    Additional mass: 245 kg
                </p>
<p>
                    Estimated speed loss: 0 km/h
                </p>
<p>
</p>
</div>
</div>
<p>
</p>
<p>
            Operation features:
        </p>
<p>
            - Airplane has a wide automatization of the engine systems, in fact, to control speed it is only necessary to use the throttle lever. There is no need to manually set engine revolutions and mixture or supercharger gear in normal flight.
        </p>
<p>
            - Water and oil radiator shutters are controlled manually. The oil radiator control has five fixed positions. The water radiator control has nine fixed positions.
        </p>
<p>
            - Propellers have a feathering system which should be activated in case of engine damage to reduce drag of the propeller in auto-rotation.
        </p>
<p>
            - To reduce swinging during taxiing due to prop-wash it is necessary to use asymmetrical engines thrust. It is recommended to give the left engine 20% more power. Also, the propeller pitch control should be switched to manual mode and pitch should be reduced to minimum.
        </p>
<p>
            - Airplane has only pitch and yaw flight-control trimmers.
        </p>
<p>
            - Airplane has automatic wing slats. They deploy when the high angle of attack increases which makes pre-stall softer.
        </p>
<p>
            - Landing flaps have a hydraulic actuator and they can be extended to any angle up to 50°.
        </p>
<p>
            - Airplane has a automatically controlled horizontal stabilizer. An automatic control system adjusts the stabilizer angle depending on the extended angle of the landing flaps.
        </p>
<p>
            - Airplane tail wheel rotates freely and does not have a lock. For this reason, it is necessary to confidently and accurately operate the rudder pedals during the takeoff and landing.
        </p>
<p>
            - Airplane has independent left and right hydraulic wheel brake controls. To apply either brake push the upper part of the rudder pedal.
        </p>
<p>
            - Airplane has a fuel gauge which shows the reaming fuel in one of four fuel tanks depending on the switch position. In the game the fuel indicator switch changes by itself during horizontal flight by every 10 seconds. Also, the airplane has a low fuel warning light (50 liters) for each tank.
        </p>
<p>
            - The design of the cockpit canopy does not allow it to be opened during flight. The canopy should be closed before takeoff to prevent damage. The canopy has an emergency release system for bailouts.
        </p>
<p>
            - Airplane is equipped with an automatic bomb salvo controller, it allows you to choose which bomb-racks to be released (central belly, left and right wing) and to switch the bomb salvo (single release or release all bombs).
        </p>
<p>
            - Reloading of both MG-FF guns (forward and rearward) must be performed by the rear gunner. The forward firing MGFF must be reloaded at the pilot's command.
        </p>
<p>
            - The gunsight has a sliding sun-filter.
        </p>
<p>
</p>
</div>
<div class="ipsSpoiler_contents">
<p>
</p>
<p>
<strong>12 x 55 kg General Purpose Bombs SC 50</strong>
</p>
<p>
                    Additional mass: 820 kg
                </p>
<p>
                    Ammunition mass: 660 kg
                </p>
<p>
                    Racks mass: 160 kg
                </p>
<p>
                    Estimated speed loss before drop: 80 km/h
                </p>
<p>
                    Estimated speed loss after drop: 38 km/h
                </p>
<p>
</p>
<p>
<strong>2 x 500 kg General Purpose Bomb SC 500</strong>
</p>
<p>
                    Additional mass: 1025 kg
                </p>
<p>
                    Ammunition mass: 1000 kg
                </p>
<p>
                    Racks mass: 50 kg
                </p>
<p>
                    Estimated speed loss before drop: 35 km/h
                </p>
<p>
                    Estimated speed loss after drop: 5 km/h
                </p>
<p>
</p>
<p>
<strong>1090 kg General Purpose Bomb SC 1000</strong>
</p>
<p>
                    Additional mass: 1140 kg
                </p>
<p>
                    Ammunition mass: 1090 kg
                </p>
<p>
                    Racks mass: 50 kg
                </p>
<p>
                    Estimated speed loss before drop: 33 km/h
                </p>
<p>
                    Estimated speed loss after drop: 5 km/h
                </p>
<p>
</p>
<p>
<strong>Additional pilot protection: armoured triplex wind screen and armoured headrest</strong>
</p>
<p>
                    Additional mass: 32 kg
                </p>
<p>
                    Estimated speed loss: 0 km/h
                </p>
<p>
</p>
<p>
<strong>Additional protection: armoured plates on engines and radiators</strong>
</p>
<p>
                    Additional mass: 245 kg
                </p>
<p>
                    Estimated speed loss: 0 km/h
                </p>
<p>
</p>
</div>
<div class="ipsSpoiler_contents">
<p>
</p>
<p>
            Indicated stall speed in flight configuration: 188..205 km/h
        </p>
<p>
            Indicated stall speed in takeoff/landing configuration: 158..185 km/h
        </p>
<p>
            Dive speed limit: 670 km/h
        </p>
<p>
            Maximum load factor: 8.0 G
        </p>
<p>
            Stall angle of attack in flight configuration: 21.0 °
        </p>
<p>
            Stall angle of attack in landing configuration: 16.6 °
        </p>
<p>
</p>
<p>
            Maximum true air speed at sea level, engine mode - Climb: 424 km/h
        </p>
<p>
            Maximum true air speed at 2000 m, engine mode - Climb: 462 km/h
        </p>
<p>
            Maximum true air speed at 5000 m, engine mode - Climb: 486 km/h
        </p>
<p>
</p>
<p>
            Service ceiling: 7500 m
        </p>
<p>
            Climb rate at sea level: 7.0 m/s
        </p>
<p>
            Climb rate at 3000 m: 5.1 m/s
        </p>
<p>
            Climb rate at 6000 m: 3.4 m/s
        </p>
<p>
</p>
<p>
            Maximum performance turn at sea level: 33.0 s, at 250 km/h IAS.
        </p>
<p>
            Maximum performance turn at 3000 m: 50.5 s, at 250 km/h IAS.
        </p>
<p>
</p>
<p>
            Flight endurance at 3000 m: 3.8 h, at 300 km/h IAS.
        </p>
<p>
</p>
<p>
            Takeoff speed: 170..210 km/h
        </p>
<p>
            Glideslope speed: 210..220 km/h
        </p>
<p>
            Landing speed: 150..160 km/h
        </p>
<p>
            Landing angle: 9 °
        </p>
<p>
</p>
<p>
            Note 1: the data provided is for international standard atmosphere (ISA).
        </p>
<p>
            Note 2: flight performance ranges are given for possible aircraft mass ranges.
        </p>
<p>
            Note 3: maximum speeds, climb rates and turn times are given for standard aircraft mass.
        </p>
<p>
            Note 4: climb rates are given for Climb power, turn times are given for Take-off power.
        </p>
<p>
</p>
<p>
            Engine:
        </p>
<p>
            Model: Jumo-211J
        </p>
<p>
            Maximum power in Take-off mode at sea level: 1420 HP
        </p>
<p>
            Maximum power in Climb mode at sea level: 1190 HP
        </p>
<p>
            Maximum power in Climb mode at 1500 m: 1260 HP
        </p>
<p>
            Maximum power in Climb mode at 4900 m: 1180 HP
        </p>
<p>
</p>
<p>
            Engine modes:
        </p>
<p>
            Nominal (unlimited time): 2250 RPM, 1.15 ata
        </p>
<p>
            Climb power (up to 30 minutes): 2400 RPM, 1.25 ata
        </p>
<p>
            Take-off power (up to 1 minute): 2600 RPM, 1.42 ata
        </p>
<p>
</p>
<p>
            Water rated temperature in engine output: 80 °C
        </p>
<p>
            Water maximum temperature in engine output: 110 °C
        </p>
<p>
            Oil rated temperature in engine output: 100 °C
        </p>
<p>
            Oil maximum temperature in engine output: 130 °C
        </p>
<p>
</p>
<p>
            Supercharger gear shift altitude: automatic
        </p>
<p>
</p>
<p>
            Empty weight: 8619 kg
        </p>
<p>
            Minimum weight (no ammo, 10% fuel): 9458 kg
        </p>
<p>
            Standard weight: 12110 kg
        </p>
<p>
            Maximum takeoff weight: 13655 kg
        </p>
<p>
            Fuel load: 1277 kg / 1680 l
        </p>
<p>
            Useful load: 5036 kg
        </p>
<p>
</p>
<p>
            Defensive armament:
        </p>
<p>
            Nose: 7.92mm machine gun "MG 81", 750 rounds, 1600 rounds per minute
        </p>
<p>
            Top: 7.92mm machine gun "MG 81", 1000 rounds, 1600 rounds per minute
        </p>
<p>
            Belly: 2 x 7.92mm machine gun "MG 81", 950 rounds, 1600 rounds per minute
        </p>
<p>
</p>
<p>
            Bombs:
        </p>
<p>
            Up to 44 x 55 kg general purpose bombs "SC 50"
        </p>
<p>
            Up to 6 x 249 kg general purpose bombs "SC 250"
        </p>
<p>
            Up to 4 x 500 kg general purpose bombs "SC 500"
        </p>
<p>
            Up to 2 x 1090 kg general purpose bombs "SC 1000"
        </p>
<p>
            1780 kg general purpose bomb "SC 1800"
        </p>
<p>
</p>
<p>
            Length: 14.3 m
        </p>
<p>
            Wingspan: 20.02 m
        </p>
<p>
            Wing surface: 52.7 m^2
        </p>
<p>
</p>
<p>
            Combat debut: June 1941
        </p>
<p>
</p>
<p>
            Additional airplane configurations list:
        </p>
<p>
</p>
<div class="ipsSpoiler" data-ipsspoiler="">
<div class="ipsSpoiler_header">
</div>
<div class="ipsSpoiler_contents">
<p>
</p>
<p>
<strong>44 x 55 kg General Purpose Bombs SC 50</strong>
</p>
<p>
                    Additional mass: 2640 kg
                </p>
<p>
                    Ammunition mass: 2420 kg
                </p>
<p>
                    Racks mass: 220 kg
                </p>
<p>
                    Estimated speed loss before drop: 97 km/h
                </p>
<p>
                    Estimated speed loss after drop: 39 km/h
                </p>
<p>
</p>
<p>
<strong>6 x 249 kg General Purpose Bomb SC 250 (+2 on the underwing holders)</strong>
</p>
<p>
                    Additional mass: 1544 kg
                </p>
<p>
                    Ammunition mass: 1494 kg
                </p>
<p>
                    Racks mass: 50 kg
                </p>
<p>
                    Estimated speed loss before drop: 37 km/h
                </p>
<p>
                    Estimated speed loss after drop: 4 km/h
                </p>
<p>
</p>
<p>
<strong>4 x 500 kg General Purpose Bomb SC 500</strong>
</p>
<p>
                    Additional mass: 2000 kg
                </p>
<p>
                    Ammunition mass: 2000 kg
                </p>
<p>
                    Estimated speed loss before drop: 34 km/h
                </p>
<p>
                    Estimated speed loss after drop: 0 km/h
                </p>
<p>
</p>
<p>
<strong>2 x 1090 kg General Purpose Bomb SC 1000</strong>
</p>
<p>
                    Additional mass: 2180 kg
                </p>
<p>
                    Ammunition mass: 2180 kg
                </p>
<p>
                    Estimated speed loss before drop: 26 km/h
                </p>
<p>
                    Estimated speed loss after drop: 0 km/h
                </p>
<p>
</p>
<p>
<strong>1780 kg General Purpose Bomb SC 1800</strong>
</p>
<p>
                    Additional mass: 1780 kg
                </p>
<p>
                    Ammunition mass: 1780 kg
                </p>
<p>
                    Estimated speed loss before drop: 23 km/h
                </p>
<p>
                    Estimated speed loss after drop: 0 km/h
                </p>
<p>
</p>
</div>
</div>
<p>
</p>
<p>
            Operation features:
        </p>
<p>
            - Each engine has a two-stage mechanical supercharger with an automatic switch system that switches gears depending altitude and engine revolutions. It can also be manually switched to first gear.
        </p>
<p>
            - Engine mixture control is automatic.
        </p>
<p>
            - Engine RPM has an automatic governor and it is maintained at the required RPM corresponding to the governor control lever position. The governor automatically controls the propeller pitch to maintain the required RPM.
        </p>
<p>
            - Propellers have a feathering system which should be activated in case of engine damage to reduce drag of the propeller in auto-rotation.
        </p>
<p>
            - Water and oil radiators shutters are joint with engine cowl outlet shutters and manually operated. Ground personnel may install additional fixed shutters on the intake of the oil radiators in cold weather to prevent freezing of the oil
        </p>
<p>
            - Airplane has trimmers for all flight-controls: pitch, roll, yaw.
        </p>
<p>
            - Airplane has fence-type airbrakes which are located under the wing and used to slow the descent during steep dive bombing.
        </p>
<p>
            - Airplane has hydraulic-actuated landing flaps with three fixed positions: retracted, takeoff (25°) and landing (50°). Flap indicator lights are located on left panel.
        </p>
<p>
            - Airplane has a automatically controlled horizontal stabilizer. An automatic control system adjusts the stabilizer angle depending on the extended angle of the landing flaps. The stabilizer control lamps are located near the flaps indicator lights.
        </p>
<p>
            - Airplane is also equipped with differential ailerons which are lowered in synch with the flaps.
        </p>
<p>
            - Lowering the landing gear takes a long time, for this reason it is necessary to extend the landing gear well before final landing approach.
        </p>
<p>
            - Airplane tail wheel rotates freely and does not have a lock. For this reason, it is necessary to confidently and accurately operate the rudder pedals during the takeoff and landing.
        </p>
<p>
            - Airplane has independent left and right hydraulic wheel brake controls. To apply either brake push the upper part of the rudder pedal.
        </p>
<p>
            - Airplane has dedicated fuel gauges for left and right fuel tank groups and there is a switch between the internal and external fuel tank group indicator. In game the fuel indicator switch changes by itself during horizontal flight every 10 seconds. Also, the airplane has low fuel warning lights (180 liters) for the internal tanks.
        </p>
<p>
            - Airplane is equipped with an automatic bomb salvo controller, it allows the pilot to switch between the bomb racks to be released (internal or external) and to switch between different salvo quantities. There is also a controller for a drop delay between each bomb in the salvo.
        </p>
<p>
</p>
</div>
<div class="ipsSpoiler_contents">
<p>
</p>
<p>
<strong>44 x 55 kg General Purpose Bombs SC 50</strong>
</p>
<p>
                    Additional mass: 2640 kg
                </p>
<p>
                    Ammunition mass: 2420 kg
                </p>
<p>
                    Racks mass: 220 kg
                </p>
<p>
                    Estimated speed loss before drop: 97 km/h
                </p>
<p>
                    Estimated speed loss after drop: 39 km/h
                </p>
<p>
</p>
<p>
<strong>6 x 249 kg General Purpose Bomb SC 250 (+2 on the underwing holders)</strong>
</p>
<p>
                    Additional mass: 1544 kg
                </p>
<p>
                    Ammunition mass: 1494 kg
                </p>
<p>
                    Racks mass: 50 kg
                </p>
<p>
                    Estimated speed loss before drop: 37 km/h
                </p>
<p>
                    Estimated speed loss after drop: 4 km/h
                </p>
<p>
</p>
<p>
<strong>4 x 500 kg General Purpose Bomb SC 500</strong>
</p>
<p>
                    Additional mass: 2000 kg
                </p>
<p>
                    Ammunition mass: 2000 kg
                </p>
<p>
                    Estimated speed loss before drop: 34 km/h
                </p>
<p>
                    Estimated speed loss after drop: 0 km/h
                </p>
<p>
</p>
<p>
<strong>2 x 1090 kg General Purpose Bomb SC 1000</strong>
</p>
<p>
                    Additional mass: 2180 kg
                </p>
<p>
                    Ammunition mass: 2180 kg
                </p>
<p>
                    Estimated speed loss before drop: 26 km/h
                </p>
<p>
                    Estimated speed loss after drop: 0 km/h
                </p>
<p>
</p>
<p>
<strong>1780 kg General Purpose Bomb SC 1800</strong>
</p>
<p>
                    Additional mass: 1780 kg
                </p>
<p>
                    Ammunition mass: 1780 kg
                </p>
<p>
                    Estimated speed loss before drop: 23 km/h
                </p>
<p>
                    Estimated speed loss after drop: 0 km/h
                </p>
<p>
</p>
</div>
<div class="ipsSpoiler_contents">
<p>
</p>
<p>
            Indicated stall speed in flight configuration: 163..189 km/h
        </p>
<p>
            Indicated stall speed in takeoff/landing configuration: 138..168 km/h
        </p>
<p>
            Dive speed limit: 750 km/h
        </p>
<p>
            Maximum load factor: 11 G
        </p>
<p>
            Stall angle of attack in flight configuration: 18 °
        </p>
<p>
            Stall angle of attack in landing configuration: 15 °
        </p>
<p>
</p>
<p>
            Maximum true air speed at sea level, engine mode - Nominal: 505 km/h
        </p>
<p>
            Maximum true air speed at 2000 m, engine mode - Nominal: 548 km/h
        </p>
<p>
            Maximum true air speed at 4000 m, engine mode - Nominal: 573 km/h
        </p>
<p>
</p>
<p>
            Service ceiling: 10500 m
        </p>
<p>
            Climb rate at sea level: 14.9 m/s
        </p>
<p>
            Climb rate at 3000 m: 13.3 m/s
        </p>
<p>
            Climb rate at 6000 m: 8 m/s
        </p>
<p>
</p>
<p>
            Maximum performance turn at sea level: 22.2 s, at 280 km/h IAS.
        </p>
<p>
            Maximum performance turn at 3000 m: 28.9 s, at 270 km/h IAS.
        </p>
<p>
</p>
<p>
            Flight endurance at 3000 m: 2.2 h, at 350 km/h IAS.
        </p>
<p>
</p>
<p>
            Takeoff speed: 165..200 km/h
        </p>
<p>
            Glideslope speed: 200..210 km/h
        </p>
<p>
            Landing speed: 140..160 km/h
        </p>
<p>
            Landing angle: 12.8 °
        </p>
<p>
</p>
<p>
            Note 1: the data provided is for international standard atmosphere (ISA).
        </p>
<p>
            Note 2: flight performance ranges are given for possible aircraft mass ranges.
        </p>
<p>
            Note 3: maximum speeds, climb rates and turn times are given for standard aircraft mass.
        </p>
<p>
            Note 4: climb rates and turn times are given for Nominal power.
        </p>
<p>
</p>
<p>
            Engine:
        </p>
<p>
            Model: M-105PF
        </p>
<p>
            Maximum power in Nominal mode at sea level: 1200 HP
        </p>
<p>
            Maximum power in Nominal mode at 800 m: 1260 HP
        </p>
<p>
            Maximum power in Nominal mode at 2700 m: 1200 HP
        </p>
<p>
</p>
<p>
            Engine modes:
        </p>
<p>
            Nominal (unlimited time): 2700 RPM, 1050 mm Hg
        </p>
<p>
</p>
<p>
            Water rated temperature in engine output: 70..85 °C
        </p>
<p>
            Water maximum temperature in engine output: 100 °C
        </p>
<p>
            Oil rated temperature in engine output: 90..100 °C
        </p>
<p>
            Oil maximum temperature in engine output: 115 °C
        </p>
<p>
</p>
<p>
            Supercharger gear shift altitude: 2500 m
        </p>
<p>
</p>
<p>
            Empty weight: 2620 kg
        </p>
<p>
            Minimum weight (no ammo, 10% fuel): 2773 kg
        </p>
<p>
            Standard weight: 3157 kg
        </p>
<p>
            Maximum takeoff weight: 3701 kg
        </p>
<p>
            Fuel load: 348 kg / 467 l
        </p>
<p>
            Useful load: 1081 kg
        </p>
<p>
</p>
<p>
            Forward-firing armament:
        </p>
<p>
            20mm gun "SsVAK", 160 rounds, 800 rounds per minute, nose-mounted
        </p>
<p>
            12.7mm machine gun "UB", 200 rounds, 1000 rounds per minute, synchronized
        </p>
<p>
            23mm gun "VYa-23", 90 rounds, 600 rounds per minute, nose-mounted (modification)
        </p>
<p>
            37mm gun "Sh-37", 20 rounds, 185 rounds per minute, nose-mounted (modification)
        </p>
<p>
</p>
<p>
            Bombs:
        </p>
<p>
            2 x 50 kg general purpose bombs "FAB-50sv"
        </p>
<p>
            2 x 104 kg general purpose bombs "FAB-100M"
        </p>
<p>
</p>
<p>
            Rockets:
        </p>
<p>
            6 x 7 kg rockets "ROS-82", HE payload mass 2.52 kg
        </p>
<p>
</p>
<p>
            Length: 8.84 m
        </p>
<p>
            Wingspan: 9.8 m
        </p>
<p>
            Wing surface: 17.51 m^2
        </p>
<p>
</p>
<p>
            Combat debut: May 1942
        </p>
<p>
</p>
<p>
            Additional airplane configurations list:
        </p>
<p>
</p>
<div class="ipsSpoiler" data-ipsspoiler="">
<div class="ipsSpoiler_header">
</div>
<div class="ipsSpoiler_contents">
<p>
</p>
<p>
<strong>VYa-23 23mm motor-gun with 90 rounds</strong>
</p>
<p>
                    Additional mass: 35 kg
                </p>
<p>
                    Ammunition mass: 45 kg
                </p>
<p>
                    Gun mass: 66 kg
                </p>
<p>
                    Estimated speed loss: 0 km/h
                </p>
<p>
</p>
<p>
<strong>Sh-37 37mm motor-gun with 20 rounds</strong>
</p>
<p>
                    Additional mass: 106 kg
                </p>
<p>
                    Ammunition mass: 25 kg
                </p>
<p>
                    Gun mass: 169 kg
                </p>
<p>
                    Estimated speed loss: 2 km/h
                </p>
<p>
</p>
<p>
<strong>2 x 50 kg General Purpose Bombs FAB-50sv</strong>
</p>
<p>
                    Additional mass: 120 kg
                </p>
<p>
                    Ammunition mass: 100 kg
                </p>
<p>
                    Racks mass: 20 kg
                </p>
<p>
                    Estimated speed loss before drop: 20 km/h
                </p>
<p>
                    Estimated speed loss after drop: 12 km/h
                </p>
<p>
</p>
<p>
<strong>2 x 104 kg General Purpose Bombs FAB-100M</strong>
</p>
<p>
                    Additional mass: 228 kg
                </p>
<p>
                    Ammunition mass: 208 kg
                </p>
<p>
                    Racks mass: 20 kg
                </p>
<p>
                    Estimated speed loss before drop: 27 km/h
                </p>
<p>
                    Estimated speed loss after drop: 12 km/h
                </p>
<p>
</p>
<p>
<strong>6 x 82mm High Explosive unguided rockets ROS-82</strong>
</p>
<p>
                    Additional mass: 60 kg
                </p>
<p>
                    Ammunition mass: 42 kg
                </p>
<p>
                    Racks mass: 18 kg
                </p>
<p>
                    Estimated speed loss before launch: 23 km/h
                </p>
<p>
                    Estimated speed loss after launch: 17 km/h
                </p>
<p>
</p>
</div>
</div>
<p>
</p>
<p>
            Operation features:
        </p>
<p>
            - Engine has a two-stage mechanical supercharger which must be manually switched at 2500m altitude.
        </p>
<p>
            - Engine mixture control is manual, it is necessary to lean the mixture if altitude is more than 3-4 km for optimal engine operation. Also, leaning the mixture allows a reduction in fuel consumption during flight.
        </p>
<p>
            - Engine RPM has an automatic governor and it is maintained at the required RPM corresponding to the governor control lever position. The governor automatically controls the propeller pitch to maintain the required RPM.
        </p>
<p>
            - Water and oil radiator shutters is manually controlled.
        </p>
<p>
            - Airplane has trimmers for all flight-controls: pitch, roll, yaw.
        </p>
<p>
            - Landing flaps have a hydraulic actuator and they can be extended to any angle up to 60°.
        </p>
<p>
            - Airplane tail wheel rotates freely and does not have a lock. For this reason, it is necessary to confidently and accurately operate the rudder pedals during the takeoff and landing.
        </p>
<p>
            - Airplane has differential pneumatic wheel brakes with shared control lever. This means that if the brake lever is held and the rudder pedal the opposite wheel brake is gradually released causing the plane to swing to one side or the other.
        </p>
<p>
            - Airplane has a fuel gauge which shows total remaining fuel.
        </p>
<p>
            - Cockpit canopy has a weak lock when in the opened position, for this reason the canopy may spontaneously close in a deep dive. Also, it is impossible to open or close canopy at high speed due to strong airflow. The canopy has no emergency release, so bail out requires the speed drop before it.
        </p>
<p>
            - The control system of wing-mounted bomb racks only allows the dropping of bombs one by one.
        </p>
<p>
            - When rockets are installed a salvo controller is used, it has three launch modes: single fire, fire two in a salvo or fire four in a salvo.
        </p>
<p>
</p>
</div>
<div class="ipsSpoiler_contents">
<p>
</p>
<p>
<strong>VYa-23 23mm motor-gun with 90 rounds</strong>
</p>
<p>
                    Additional mass: 35 kg
                </p>
<p>
                    Ammunition mass: 45 kg
                </p>
<p>
                    Gun mass: 66 kg
                </p>
<p>
                    Estimated speed loss: 0 km/h
                </p>
<p>
</p>
<p>
<strong>Sh-37 37mm motor-gun with 20 rounds</strong>
</p>
<p>
                    Additional mass: 106 kg
                </p>
<p>
                    Ammunition mass: 25 kg
                </p>
<p>
                    Gun mass: 169 kg
                </p>
<p>
                    Estimated speed loss: 2 km/h
                </p>
<p>
</p>
<p>
<strong>2 x 50 kg General Purpose Bombs FAB-50sv</strong>
</p>
<p>
                    Additional mass: 120 kg
                </p>
<p>
                    Ammunition mass: 100 kg
                </p>
<p>
                    Racks mass: 20 kg
                </p>
<p>
                    Estimated speed loss before drop: 20 km/h
                </p>
<p>
                    Estimated speed loss after drop: 12 km/h
                </p>
<p>
</p>
<p>
<strong>2 x 104 kg General Purpose Bombs FAB-100M</strong>
</p>
<p>
                    Additional mass: 228 kg
                </p>
<p>
                    Ammunition mass: 208 kg
                </p>
<p>
                    Racks mass: 20 kg
                </p>
<p>
                    Estimated speed loss before drop: 27 km/h
                </p>
<p>
                    Estimated speed loss after drop: 12 km/h
                </p>
<p>
</p>
<p>
<strong>6 x 82mm High Explosive unguided rockets ROS-82</strong>
</p>
<p>
                    Additional mass: 60 kg
                </p>
<p>
                    Ammunition mass: 42 kg
                </p>
<p>
                    Racks mass: 18 kg
                </p>
<p>
                    Estimated speed loss before launch: 23 km/h
                </p>
<p>
                    Estimated speed loss after launch: 17 km/h
                </p>
<p>
</p>
</div>
<div class="ipsSpoiler_contents">
<p>
</p>
<p>
            Indicated stall speed in flight configuration: 155..171 km/h
        </p>
<p>
            Indicated stall speed in takeoff/landing configuration: 133..146 km/h
        </p>
<p>
            Dive speed limit: 720 km/h
        </p>
<p>
            Maximum load factor: 10.3 G
        </p>
<p>
            Stall angle of attack in flight configuration: 18 °
        </p>
<p>
            Stall angle of attack in landing configuration: 15.6 °
        </p>
<p>
</p>
<p>
            Maximum true air speed at sea level, engine mode - Nominal, 2550 RPM: 514 km/h
        </p>
<p>
            Maximum true air speed at 2000 m, engine mode - Nominal, 2700 RPM: 549 km/h
        </p>
<p>
            Maximum true air speed at 4000 m, engine mode - Nominal, 2700 RPM: 582 km/h
        </p>
<p>
</p>
<p>
            Service ceiling: 10200 m
        </p>
<p>
            Climb rate at sea level: 16.9 m/s
        </p>
<p>
            Climb rate at 3000 m: 15.0 m/s
        </p>
<p>
            Climb rate at 6000 m: 9.4 m/s
        </p>
<p>
</p>
<p>
            Maximum performance turn at sea level: 19.2 s, at 270 km/h IAS.
        </p>
<p>
            Maximum performance turn at 3000 m: 24.6 s, at 270 km/h IAS.
        </p>
<p>
</p>
<p>
            Flight endurance at 3000 m: 1.9 h, at 350 km/h IAS.
        </p>
<p>
</p>
<p>
            Takeoff speed: 160..190 km/h
        </p>
<p>
            Glideslope speed: 195..205 km/h
        </p>
<p>
            Landing speed: 135..145 km/h
        </p>
<p>
            Landing angle: 12 °
        </p>
<p>
</p>
<p>
            Note 1: the data provided is for international standard atmosphere (ISA).
        </p>
<p>
            Note 2: flight performance ranges are given for possible aircraft mass ranges.
        </p>
<p>
            Note 3: maximum speeds, climb rates and turn times are given for standard aircraft mass.
        </p>
<p>
            Note 4: climb rates and turn times are given for Nominal (2700 RPM) power.
        </p>
<p>
</p>
<p>
            Engine:
        </p>
<p>
            Model: M-105PF
        </p>
<p>
            Maximum power in Nominal mode (2550 RPM) at sea level: 1240 HP
        </p>
<p>
            Maximum power in Nominal mode (2700 RPM) at sea level: 1210 HP
        </p>
<p>
            Maximum power in Nominal mode (2700 RPM) at 800 m: 1260 HP
        </p>
<p>
            Maximum power in Nominal mode (2700 RPM) at 2700 m: 1200 HP
        </p>
<p>
</p>
<p>
            Engine modes:
        </p>
<p>
            Nominal (unlimited time): 2550/2700 RPM, 1050 mm Hg
        </p>
<p>
</p>
<p>
            Water rated temperature in engine output: 70..85 °C
        </p>
<p>
            Water maximum temperature in engine output: 100 °C
        </p>
<p>
            Oil rated temperature in engine output: 90..100 °C
        </p>
<p>
            Oil maximum temperature in engine output: 115 °C
        </p>
<p>
</p>
<p>
            Supercharger gear shift altitude: 2300 m
        </p>
<p>
</p>
<p>
            Empty weight: 2365 kg
        </p>
<p>
            Minimum weight (no ammo, 10% fuel): 2583 kg
        </p>
<p>
            Standard weight: 2932 kg
        </p>
<p>
            Maximum takeoff weight: 3170 kg
        </p>
<p>
            Fuel load: 304 kg / 408 l
        </p>
<p>
            Useful load: 805 kg
        </p>
<p>
</p>
<p>
            Forward-firing armament:
        </p>
<p>
            20mm gun "SsVAK", 120 rounds, 800 rounds per minute, nose-mounted
        </p>
<p>
            2 x 7.62mm machine gun "ShKAS", 750 rounds, 1800 rounds per minute, synchronized
        </p>
<p>
</p>
<p>
            Bombs:
        </p>
<p>
            2 x 50 kg general purpose bombs "FAB-50sv"
        </p>
<p>
            2 x 104 kg general purpose bombs "FAB-100M"
        </p>
<p>
</p>
<p>
            Rockets:
        </p>
<p>
            Up to 6 x 7 kg rockets "ROS-82", HE payload mass 2.52 kg
        </p>
<p>
</p>
<p>
            Length: 8.5 m
        </p>
<p>
            Wingspan: 10 m
        </p>
<p>
            Wing surface: 17.15 m^2
        </p>
<p>
</p>
<p>
            Combat debut: May 1942
        </p>
<p>
</p>
<p>
            Additional airplane configurations list:
        </p>
<p>
</p>
<div class="ipsSpoiler" data-ipsspoiler="">
<div class="ipsSpoiler_header">
</div>
<div class="ipsSpoiler_contents">
<p>
</p>
<p>
<strong>2 x 50 kg General Purpose Bombs FAB-50sv</strong>
</p>
<p>
                    Additional mass: 120 kg
                </p>
<p>
                    Ammunition mass: 100 kg
                </p>
<p>
                    Racks mass: 20 kg
                </p>
<p>
                    Estimated speed loss before drop: 20 km/h
                </p>
<p>
                    Estimated speed loss after drop: 12 km/h
                </p>
<p>
</p>
<p>
<strong>2 x 104 kg General Purpose Bombs FAB-100M</strong>
</p>
<p>
                    Additional mass: 228 kg
                </p>
<p>
                    Ammunition mass: 208 kg
                </p>
<p>
                    Racks mass: 20 kg
                </p>
<p>
                    Estimated speed loss before drop: 27 km/h
                </p>
<p>
                    Estimated speed loss after drop: 12 km/h
                </p>
<p>
</p>
<p>
<strong>2 x 82mm High Explosive unguided rockets ROS-82</strong>
</p>
<p>
                    Additional mass: 60 kg
                </p>
<p>
                    Ammunition mass: 42 kg
                </p>
<p>
                    Racks mass: 18 kg
                </p>
<p>
                    Estimated speed loss before launch: 8 km/h
                </p>
<p>
                    Estimated speed loss after launch: 6 km/h
                </p>
<p>
</p>
<p>
<strong>6 x 82mm High Explosive unguided rockets ROS-82</strong>
</p>
<p>
                    Additional mass: 60 kg
                </p>
<p>
                    Ammunition mass: 42 kg
                </p>
<p>
                    Racks mass: 18 kg
                </p>
<p>
                    Estimated speed loss before launch: 23 km/h
                </p>
<p>
                    Estimated speed loss after launch: 17 km/h
                </p>
<p>
</p>
<p>
<strong>RPK-10 fixed loop radio compass for navigation with radio beacons</strong>
</p>
<p>
                    Additional mass: 10 kg
                </p>
<p>
                    Estimated speed loss: 0 km/h
                </p>
<p>
</p>
</div>
</div>
<p>
</p>
<p>
            Operation features:
        </p>
<p>
            - Engine has a two-stage mechanical supercharger which must be manually switched at 2300m altitude.
        </p>
<p>
            - Engine mixture control is manual; it is necessary to lean the mixture if altitude is more than 3-4 km for optimal engine operation. Also, leaning the mixture allows a reduction in fuel consumption during flight.
        </p>
<p>
            - Engine RPM has an automatic governor and it is maintained at the required RPM corresponding to the governor control lever position. The governor automatically controls the propeller pitch to maintain the required RPM.
        </p>
<p>
            - Water and oil radiator shutter control is manual.
        </p>
<p>
            - Airplane has only a flight-control trimmer on the pitch.
        </p>
<p>
            - Landing flaps have a pneumatic actuator. Flaps can only be fully extended; gradual extending is impossible. Due to the weak force of the actuator the extended landing flaps may be pressed upwards by the airflow if the airspeed is more than 220 km/h. Remember that the flaps will not extend fully in case of high speed. In case of a high-speed landing approach the flaps may extend a few steps further right before landing.
        </p>
<p>
            - Airplane has a manual control for the tailwheel lock. The unlocked tailwheel has a 90° turn limit. The tailwheel should be locked when taxiing straight for a long distance and before takeoff and landing.
        </p>
<p>
            - Airplane has differential pneumatic wheel brakes with shared control lever. This means that if the brake lever is held and the rudder pedal the opposite wheel brake is gradually released causing the plane to swing to one side or the other.
        </p>
<p>
            - Fuel gauges are installed on left and right wing fuel tanks, outside of the cockpit. They show remaining fuel level only when there is less than 80 liters of fuel left in the tank.
        </p>
<p>
            - It is impossible to open or close the canopy at high speed due to strong airflow. The canopy has no emergency release, so bail out requires the speed drop before it.
        </p>
<p>
            - The control system for the wing-mounted bomb racks only allows releasing of both bombs together.
        </p>
<p>
            - When rockets are installed a salvo controller can be used, it has three launch modes: single fire, fire two in a salvo or fire four in a salvo.
        </p>
<p>
</p>
</div>
<div class="ipsSpoiler_contents">
<p>
</p>
<p>
<strong>2 x 50 kg General Purpose Bombs FAB-50sv</strong>
</p>
<p>
                    Additional mass: 120 kg
                </p>
<p>
                    Ammunition mass: 100 kg
                </p>
<p>
                    Racks mass: 20 kg
                </p>
<p>
                    Estimated speed loss before drop: 20 km/h
                </p>
<p>
                    Estimated speed loss after drop: 12 km/h
                </p>
<p>
</p>
<p>
<strong>2 x 104 kg General Purpose Bombs FAB-100M</strong>
</p>
<p>
                    Additional mass: 228 kg
                </p>
<p>
                    Ammunition mass: 208 kg
                </p>
<p>
                    Racks mass: 20 kg
                </p>
<p>
                    Estimated speed loss before drop: 27 km/h
                </p>
<p>
                    Estimated speed loss after drop: 12 km/h
                </p>
<p>
</p>
<p>
<strong>2 x 82mm High Explosive unguided rockets ROS-82</strong>
</p>
<p>
                    Additional mass: 60 kg
                </p>
<p>
                    Ammunition mass: 42 kg
                </p>
<p>
                    Racks mass: 18 kg
                </p>
<p>
                    Estimated speed loss before launch: 8 km/h
                </p>
<p>
                    Estimated speed loss after launch: 6 km/h
                </p>
<p>
</p>
<p>
<strong>6 x 82mm High Explosive unguided rockets ROS-82</strong>
</p>
<p>
                    Additional mass: 60 kg
                </p>
<p>
                    Ammunition mass: 42 kg
                </p>
<p>
                    Racks mass: 18 kg
                </p>
<p>
                    Estimated speed loss before launch: 23 km/h
                </p>
<p>
                    Estimated speed loss after launch: 17 km/h
                </p>
<p>
</p>
<p>
<strong>RPK-10 fixed loop radio compass for navigation with radio beacons</strong>
</p>
<p>
                    Additional mass: 10 kg
                </p>
<p>
                    Estimated speed loss: 0 km/h
                </p>
<p>
</p>
</div>
<div class="ipsSpoiler_contents">
<p>
</p>
<p>
            Indicated stall speed in flight configuration: 138..158 km/h
        </p>
<p>
            Indicated stall speed in takeoff/landing configuration: 130..148 km/h
        </p>
<p>
            Dive speed limit: 570 km/h
        </p>
<p>
            Maximum load factor: 10.5 G
        </p>
<p>
            Stall angle of attack in flight configuration: 19.4 °
        </p>
<p>
            Stall angle of attack in landing configuration: 17.5 °
        </p>
<p>
</p>
<p>
            Maximum true air speed at sea level, engine mode - Boosted: 400 km/h
        </p>
<p>
            Maximum true air speed at sea level, engine mode - Nominal: 380 km/h
        </p>
<p>
            Maximum true air speed at 2500 m, engine mode - Nominal: 414 km/h
        </p>
<p>
</p>
<p>
            Service ceiling: 6000 m
        </p>
<p>
            Climb rate at sea level: 7.1 m/s
        </p>
<p>
            Climb rate at 3000 m: 5.6 m/s
        </p>
<p>
            Climb rate at 6000 m:m/s
        </p>
<p>
</p>
<p>
            Maximum performance turn at sea level: 25.7 s, at 250 km/h IAS.
        </p>
<p>
            Maximum performance turn at 3000 m: 37.3 s, at 250 km/h IAS.
        </p>
<p>
</p>
<p>
            Flight endurance at 3000 m: 1.7 h, at 300 km/h IAS.
        </p>
<p>
</p>
<p>
            Takeoff speed: 150..190 km/h
        </p>
<p>
            Glideslope speed: 185..195 km/h
        </p>
<p>
            Landing speed: 135..145 km/h
        </p>
<p>
            Landing angle: 11.7 °
        </p>
<p>
</p>
<p>
            Note 1: the data provided is for international standard atmosphere (ISA).
        </p>
<p>
            Note 2: flight performance ranges are given for possible aircraft mass ranges.
        </p>
<p>
            Note 3: maximum speeds, climb rates and turn times are given for standard aircraft mass.
        </p>
<p>
            Note 4: climb rates are given for Nominal power, turn times are given for Boosted power.
        </p>
<p>
</p>
<p>
            Engine:
        </p>
<p>
            Model: AM-38
        </p>
<p>
            Maximum power in Boosted mode at sea level: 1600 HP
        </p>
<p>
            Maximum power in Nominal mode at sea level: 1500 HP
        </p>
<p>
            Maximum power in Nominal mode at 1650 m: 1500 HP
        </p>
<p>
</p>
<p>
            Engine modes:
        </p>
<p>
            Nominal (unlimited time): 2050 RPM, 1180 mm Hg
        </p>
<p>
            Boosted power (up to 10 minutes): 2150 RPM, 1280 mm Hg
        </p>
<p>
</p>
<p>
            Water rated temperature in engine output: 80..110 °C
        </p>
<p>
            Water maximum temperature in engine output: 120 °C
        </p>
<p>
            Oil rated temperature in engine intake: 40..80 °C
        </p>
<p>
            Oil maximum temperature in engine intake: 85 °C
        </p>
<p>
            Oil rated temperature in engine output: 115 °C
        </p>
<p>
            Oil maximum temperature in engine output: 120 °C
        </p>
<p>
</p>
<p>
            Supercharger gear shift altitude: single gear
        </p>
<p>
</p>
<p>
            Empty weight: 4462 kg
        </p>
<p>
            Minimum weight (no ammo, 10% fuel): 4651 kg
        </p>
<p>
            Standard weight: 5294 kg
        </p>
<p>
            Maximum takeoff weight: 6127 kg
        </p>
<p>
            Fuel load: 535 kg / 730 l
        </p>
<p>
            Useful load: 1665 kg
        </p>
<p>
</p>
<p>
            Forward-firing armament:
        </p>
<p>
            2 x 20mm gun "SsVAK", 250 rounds, 800 rounds per minute, wing-mounted
        </p>
<p>
            2 x 7.62mm machine gun "ShKAS", 750 rounds, 1800 rounds per minute, wing-mounted
        </p>
<p>
            2 x 23mm gun "VYa-23", 150 rounds, 600 rounds per minute, wing-mounted (modification)
        </p>
<p>
            2 x 37mm gun "Sh-37", 40 rounds, 185 rounds per minute, wing-mounted (modification)
        </p>
<p>
</p>
<p>
            Defensive armament:
        </p>
<p>
            Backward: 7.62mm machine gun "ShKAS", 500 rounds, 1800 rounds per minute (modification)
        </p>
<p>
</p>
<p>
            Bombs:
        </p>
<p>
            Up to 6 x 50 kg general purpose bombs "FAB-50sv"
        </p>
<p>
            Up to 6 x 104 kg general purpose bombs "FAB-100M"
        </p>
<p>
            2 x 254 kg general purpose bombs "FAB-250sv"
        </p>
<p>
</p>
<p>
            Rockets:
        </p>
<p>
            8 x 7 kg rockets "ROS-82", HE payload mass 2.5 kg
        </p>
<p>
            8 x 15 kg rockets "RBS-82", HEAT payload mass 7.2 kg
        </p>
<p>
            8 x 42 kg rockets "ROFS-132", HE payload mass 21.3 kg
        </p>
<p>
</p>
<p>
            Length: 11.5 m
        </p>
<p>
            Wingspan: 14.6 m
        </p>
<p>
            Wing surface: 38.5 m^2
        </p>
<p>
</p>
<p>
            Combat debut: June 1942
        </p>
<p>
</p>
<p>
            Additional airplane configurations list:
        </p>
<p>
</p>
<div class="ipsSpoiler" data-ipsspoiler="">
<div class="ipsSpoiler_header">
</div>
<div class="ipsSpoiler_contents">
<p>
</p>
<p>
<strong>2 VYa-23 23mm wing-mounted guns with 150 rounds per each</strong>
</p>
<p>
                    Additional mass: 91 kg
                </p>
<p>
                    Ammunition mass: 170 kg
                </p>
<p>
                    Guns mass: 132 kg
                </p>
<p>
                    Estimated speed loss: 1 km/h
                </p>
<p>
</p>
<p>
<strong>2 gun pods with Sh-37 37mm guns with 40 rounds per each</strong>
</p>
<p>
                    Additional mass: 495 kg
                </p>
<p>
                    Ammunition mass: 101 kg
                </p>
<p>
                    Guns mass: 605 kg
                </p>
<p>
                    Estimated speed loss: 19 km/h
                </p>
<p>
</p>
<p>
<strong>2 x 254 kg General Purpose Bombs FAB-250sv</strong>
</p>
<p>
                    Additional mass: 538 kg
                </p>
<p>
                    Ammunition mass: 508 kg
                </p>
<p>
                    Racks mass: 30 kg
                </p>
<p>
                    Estimated speed loss before drop: 18 km/h
                </p>
<p>
                    Estimated speed loss after drop: 7 km/h
                </p>
<p>
</p>
<p>
<strong>8 x 82mm Armour Piercing unguided rockets RBS-82 or 8 x 132mm High Explosive unguided rockets ROFS-132</strong>
</p>
<p>
                    RBS-82:
                </p>
<p>
                    Additional mass: 144 kg
                </p>
<p>
                    Ammunition mass: 120 kg
                </p>
<p>
                    Racks mass: 24 kg
                </p>
<p>
                    Estimated speed loss before launch: 10 km/h
                </p>
<p>
                    Estimated speed loss after launch: 7 km/h
                </p>
<p>
                    ROFS-132:
                </p>
<p>
                    Additional mass: 376 kg
                </p>
<p>
                    Ammunition mass: 336 kg
                </p>
<p>
                    Racks mass: 40 kg
                </p>
<p>
                    Estimated speed loss before launch: 18 km/h
                </p>
<p>
                    Estimated speed loss after launch: 9 km/h
                </p>
<p>
</p>
<p>
<strong>Rear turret with ShKAS 7.62mm machinegun with 500 rounds</strong>
</p>
<p>
                    Additional mass: 130 kg
                </p>
<p>
                    Estimated speed loss: 40 km/h
                </p>
<p>
</p>
</div>
</div>
<p>
</p>
<p>
            Operation features:
        </p>
<p>
            - Engine has a boost mode which is engaging by setting mixture control lever to maximum position.
        </p>
<p>
            - Engine has a single stage mechanical supercharger which does not require manual control.
        </p>
<p>
            - Engine mixture control is automatic when the mixture lever is set to the intermediate (50%) position. It is possible to manually lean the mixture by moving the control lever to less than 50%. This will lower fuel consumption during flight.
        </p>
<p>
            - Engine RPM has an automatic governor and it is maintained at the required RPM corresponding to the governor control lever position. The governor automatically controls the propeller pitch to maintain the required RPM.
        </p>
<p>
            - Water and oil radiator shutter control is manual. Airplane has armored oil radiator shutters which should to be closed on start of ground attack to reduce possibility of combat damage. After finishing the attack, it is necessary to re-open the shutters to the required position.
        </p>
<p>
            - Airplane has only the pitch flight-control trimmer.
        </p>
<p>
            - Landing flaps have a pneumatic actuator. Flaps can only be fully extended; gradual extending is impossible. Due to the weak force of the actuator the extended landing flaps may be pressed upwards by the airflow if the airspeed is more than 220 km/h. Remember that the flaps will not extend fully in case of high speed. In case of a high-speed landing approach the flaps may extend a few steps further right before landing.
        </p>
<p>
            - Airplane has a manual tail wheel lock. Wheel should be locked when taxiing straight for a long distance and before takeoff and landing.
        </p>
<p>
            - Airplane has differential pneumatic wheel brakes with shared control lever. This means that if the brake lever is held and the rudder pedal the opposite wheel brake is gradually released causing the plane to swing to one side or the other.
        </p>
<p>
            - Airplane has a fuel gauge which shows the amount of remaining fuel in the front or bottom fuel tank depending on the switch position. In game the fuel indication switch changes by itself during horizontal flight by every 10 seconds. Rear fuel tank level is not indicated.
        </p>
<p>
            - Cockpit canopy weight is 50 kg and it has no lock in the open position, for this reason the canopy may to spontaneously close in a deep dive. Also, it is impossible to open or close canopy at high speed due to strong airflow. The canopy has no emergency release, so bail out requires the speed drop before it.
        </p>
<p>
            - Airplane is equipped with a bomb salvo controller, it has three release modes: single drop, drop two in a salvo or drop four in a salvo.
        </p>
<p>
            - Airplane is equipped with a rockets salvo controller, it has three launch modes: single fire, fire two in a salvo or fire four in a salvo.
        </p>
<p>
            - The gunsight is installed on a sliding bar which allows the pilot to extend the gunsight towards the pilot allowing fo an increase in the field of view through the gunsight.
        </p>
<p>
</p>
</div>
<div class="ipsSpoiler_contents">
<p>
</p>
<p>
<strong>2 VYa-23 23mm wing-mounted guns with 150 rounds per each</strong>
</p>
<p>
                    Additional mass: 91 kg
                </p>
<p>
                    Ammunition mass: 170 kg
                </p>
<p>
                    Guns mass: 132 kg
                </p>
<p>
                    Estimated speed loss: 1 km/h
                </p>
<p>
</p>
<p>
<strong>2 gun pods with Sh-37 37mm guns with 40 rounds per each</strong>
</p>
<p>
                    Additional mass: 495 kg
                </p>
<p>
                    Ammunition mass: 101 kg
                </p>
<p>
                    Guns mass: 605 kg
                </p>
<p>
                    Estimated speed loss: 19 km/h
                </p>
<p>
</p>
<p>
<strong>2 x 254 kg General Purpose Bombs FAB-250sv</strong>
</p>
<p>
                    Additional mass: 538 kg
                </p>
<p>
                    Ammunition mass: 508 kg
                </p>
<p>
                    Racks mass: 30 kg
                </p>
<p>
                    Estimated speed loss before drop: 18 km/h
                </p>
<p>
                    Estimated speed loss after drop: 7 km/h
                </p>
<p>
</p>
<p>
<strong>8 x 82mm Armour Piercing unguided rockets RBS-82 or 8 x 132mm High Explosive unguided rockets ROFS-132</strong>
</p>
<p>
                    RBS-82:
                </p>
<p>
                    Additional mass: 144 kg
                </p>
<p>
                    Ammunition mass: 120 kg
                </p>
<p>
                    Racks mass: 24 kg
                </p>
<p>
                    Estimated speed loss before launch: 10 km/h
                </p>
<p>
                    Estimated speed loss after launch: 7 km/h
                </p>
<p>
                    ROFS-132:
                </p>
<p>
                    Additional mass: 376 kg
                </p>
<p>
                    Ammunition mass: 336 kg
                </p>
<p>
                    Racks mass: 40 kg
                </p>
<p>
                    Estimated speed loss before launch: 18 km/h
                </p>
<p>
                    Estimated speed loss after launch: 9 km/h
                </p>
<p>
</p>
<p>
<strong>Rear turret with ShKAS 7.62mm machinegun with 500 rounds</strong>
</p>
<p>
                    Additional mass: 130 kg
                </p>
<p>
                    Estimated speed loss: 40 km/h
                </p>
<p>
</p>
</div>
<div class="ipsSpoiler_contents">
<p>
</p>
<p>
            Indicated stall speed in flight configuration: 175..200 km/h
        </p>
<p>
            Indicated stall speed in takeoff/landing configuration: 148..169 km/h
        </p>
<p>
            Dive speed limit: 790 km/h
        </p>
<p>
            Maximum load factor: 11 G
        </p>
<p>
            Stall angle of attack in flight configuration: 13.9 °
        </p>
<p>
            Stall angle of attack in landing configuration: 9.8 °
        </p>
<p>
</p>
<p>
            Maximum true air speed at sea level, engine mode - Nominal: 446 km/h
        </p>
<p>
            Maximum true air speed at 2000 m, engine mode - Nominal: 476 km/h
        </p>
<p>
            Maximum true air speed at 5000 m, engine mode - Nominal: 498 km/h
        </p>
<p>
</p>
<p>
            Service ceiling: 8000 m
        </p>
<p>
            Climb rate at sea level: 10.4 m/s
        </p>
<p>
            Climb rate at 3000 m: 7.8 m/s
        </p>
<p>
            Climb rate at 6000 m: 3.0 m/s
        </p>
<p>
</p>
<p>
            Maximum performance turn at sea level: 29.9 s, at 270 km/h IAS.
        </p>
<p>
            Maximum performance turn at 3000 m: 40.3 s, at 270 km/h IAS.
        </p>
<p>
</p>
<p>
            Flight endurance at 3000 m: 2.8 h, at 300 km/h IAS.
        </p>
<p>
</p>
<p>
            Takeoff speed: 160..200 km/h
        </p>
<p>
            Glideslope speed: 220..240 km/h
        </p>
<p>
            Landing speed: 155..165 km/h
        </p>
<p>
            Landing angle: 12.5 °
        </p>
<p>
</p>
<p>
            Note 1: the data provided is for international standard atmosphere (ISA).
        </p>
<p>
            Note 2: flight performance ranges are given for possible aircraft mass ranges.
        </p>
<p>
            Note 3: maximum speeds, climb rates and turn times are given for standard aircraft mass.
        </p>
<p>
            Note 4: climb rates and turn times are given for Nominal power.
        </p>
<p>
</p>
<p>
            Engine:
        </p>
<p>
            Model: M-105RF
        </p>
<p>
            Maximum power in Nominal mode at sea level: 1200 HP
        </p>
<p>
            Maximum power in Nominal mode at 800 m: 1260 HP
        </p>
<p>
            Maximum power in Nominal mode at 2700 m: 1200 HP
        </p>
<p>
</p>
<p>
            Engine modes:
        </p>
<p>
            Nominal (unlimited time): 2700 RPM, 1050 mm Hg
        </p>
<p>
</p>
<p>
            Water rated temperature in engine output: 70..85 °C
        </p>
<p>
            Water maximum temperature in engine output: 100 °C
        </p>
<p>
            Oil rated temperature in engine output: 90..100 °C
        </p>
<p>
            Oil maximum temperature in engine output: 115 °C
        </p>
<p>
</p>
<p>
            Supercharger gear shift altitude: 2300 m
        </p>
<p>
</p>
<p>
            Empty weight: 6089 kg
        </p>
<p>
            Minimum weight (no ammo, 10% fuel): 6643 kg
        </p>
<p>
            Standard weight: 7685 kg
        </p>
<p>
            Maximum takeoff weight: 8701 kg
        </p>
<p>
            Fuel load: 1113 kg / 1484 l
        </p>
<p>
            Useful load: 2612 kg
        </p>
<p>
</p>
<p>
            Forward-firing armament:
        </p>
<p>
            12.7mm machine gun "UB", 150 rounds, 1000 rounds per minute, nose-mounted
        </p>
<p>
            7.62mm machine gun "ShKAS", 450 rounds, 1800 rounds per minute, nose-mounted
        </p>
<p>
</p>
<p>
            Defensive armament:
        </p>
<p>
            Top: 12.7mm machine gun "UB", 200 rounds, 1000 rounds per minute
        </p>
<p>
            Belly: 12.7mm machine gun "UB", 200 rounds, 1000 rounds per minute
        </p>
<p>
            Side: 7.62mm machine gun "ShKAS", 225 rounds, 1800 rounds per minute
        </p>
<p>
            Top turret: 12.7mm machine gun "UB", 200 rounds, 1000 rounds per minute (modification "series 110")
        </p>
<p>
</p>
<p>
            Bombs:
        </p>
<p>
            Up to 10 x 104 kg general purpose bombs "FAB-100M"
        </p>
<p>
            Up to 4 x 254 kg general purpose bombs "FAB-250sv"
        </p>
<p>
            Up to 2 x 512 kg general purpose bombs "FAB-500M"
        </p>
<p>
</p>
<p>
            Rockets:
        </p>
<p>
            10 x 23 kg rockets "ROS-132", HE payload mass 9.1 kg
        </p>
<p>
</p>
<p>
            Length: 12.69 m
        </p>
<p>
            Wingspan: 17.12 m
        </p>
<p>
            Wing surface: 40.8 m^2
        </p>
<p>
</p>
<p>
            Combat debut: May 1942
        </p>
<p>
</p>
<p>
            Additional airplane configurations list:
        </p>
<p>
</p>
<div class="ipsSpoiler" data-ipsspoiler="">
<div class="ipsSpoiler_header">
</div>
<div class="ipsSpoiler_contents">
<p>
</p>
<p>
<strong>10 x 104 kg General Purpose Bombs FAB-100M</strong>
</p>
<p>
                    Additional mass: 1040 kg
                </p>
<p>
                    Ammunition mass: 1040 kg
                </p>
<p>
                    Estimated speed loss before drop: 23 km/h
                </p>
<p>
                    Estimated speed loss after drop: 0 km/h
                </p>
<p>
</p>
<p>
<strong>4 x 254 kg General Purpose Bombs FAB-250sv</strong>
</p>
<p>
                    Additional mass: 1016 kg
                </p>
<p>
                    Ammunition mass: 1016 kg
                </p>
<p>
                    Estimated speed loss before drop: 33 km/h
                </p>
<p>
                    Estimated speed loss after drop: 0 km/h
                </p>
<p>
</p>
<p>
<strong>2 x 512 kg General Purpose Bombs FAB-500M</strong>
</p>
<p>
                    Additional mass: 1024 kg
                </p>
<p>
                    Ammunition mass: 1024 kg
                </p>
<p>
                    Estimated speed loss before drop: 48 km/h
                </p>
<p>
                    Estimated speed loss after drop: 0 km/h
                </p>
<p>
</p>
<p>
<strong>10 x 132mm High Explosive unguided rockets ROS-132</strong>
</p>
<p>
                    Additional mass: 280 kg
                </p>
<p>
                    Ammunition mass: 230 kg
                </p>
<p>
                    Racks mass: 50 kg
                </p>
<p>
                    Estimated speed loss before launch: 31 km/h
                </p>
<p>
                    Estimated speed loss after launch: 20 km/h
                </p>
<p>
</p>
<p>
<strong>VUB-1 rear wide-angle turret with UBT 12.7mm machinegun with 200 rounds</strong>
</p>
<p>
                    Additional mass: 0 kg
                </p>
<p>
                    Estimated speed loss: 5 km/h
                </p>
<p>
</p>
</div>
</div>
<p>
</p>
<p>
            Operation features:
        </p>
<p>
            - Engine has a two-stage mechanical supercharger which must be manually switched at 2300m altitude.
        </p>
<p>
            - Engine mixture control is manual; it is necessary to lean the mixture if altitude is more than 3-4 km for optimal engine operation. Also, leaning the mixture allows a reduction in fuel consumption during flight.
        </p>
<p>
            - Engine RPM has an automatic governor and it is maintained at the required RPM corresponding to the governor control lever position. The governor automatically controls the propeller pitch to maintain the required RPM.
        </p>
<p>
            - Water radiator shutter control is manual. Oil radiator shutters are fixed.
        </p>
<p>
            - Airplane has trimmers for all flight-controls: pitch, roll, yaw.
        </p>
<p>
            - Airplane has fence-type airbrakes which are located under the wing and used to slow the descent during steep dive bombing.
        </p>
<p>
            - Landing flaps have electro-hydraulic actuator and they can be extended to any angle up to 50°. When landing and the flaps are fully extended the angle of attack for a stall is less than landing pitch angle. For this reason, it is prohibited to extend flaps to more than to 35° (70%) on landing.
        </p>
<p>
            - Airplane has automatically controlled horizontal stabilizer. The automatic control system adjusts the stabilizer angle depending on landing flaps extended angle.
        </p>
<p>
            - Airplane tail wheel rotates freely and does not have a lock. For this reason, it is necessary to confidently and accurately operate the rudder pedals during the takeoff and landing.
        </p>
<p>
            - Airplane has differential pneumatic wheel brakes with shared control lever. This means that if the brake lever is held and the rudder pedal the opposite wheel brake is gradually released causing the plane to swing to one side or the other.
        </p>
<p>
            - Airplane has a fuel gauge which shows total fuel remaining.
        </p>
<p>
            - Cockpit canopy have an emergency release system for bailouts.
        </p>
<p>
            - Airplane is equipped with a bomb salvo controller, it has four release modes: drop single, drop two in a salvo, drop four in a salvo or drop all bombs in salvo. There is also a controller for a drop delay between each bomb in the salvo.
        </p>
<p>
            - When rockets are installed a salvo controller can be used, it has three launch modes: single fire, fire two in a salvo or fire four in a salvo. Aircraft has a fire control system that is designed for eight rockets. However, for added punch, ten rockets were typically loaded. In that case, the ninth rocket will fire with the seventh and the tenth will fire with the eighth.
        </p>
<p>
</p>
</div>
<div class="ipsSpoiler_contents">
<p>
</p>
<p>
<strong>10 x 104 kg General Purpose Bombs FAB-100M</strong>
</p>
<p>
                    Additional mass: 1040 kg
                </p>
<p>
                    Ammunition mass: 1040 kg
                </p>
<p>
                    Estimated speed loss before drop: 23 km/h
                </p>
<p>
                    Estimated speed loss after drop: 0 km/h
                </p>
<p>
</p>
<p>
<strong>4 x 254 kg General Purpose Bombs FAB-250sv</strong>
</p>
<p>
                    Additional mass: 1016 kg
                </p>
<p>
                    Ammunition mass: 1016 kg
                </p>
<p>
                    Estimated speed loss before drop: 33 km/h
                </p>
<p>
                    Estimated speed loss after drop: 0 km/h
                </p>
<p>
</p>
<p>
<strong>2 x 512 kg General Purpose Bombs FAB-500M</strong>
</p>
<p>
                    Additional mass: 1024 kg
                </p>
<p>
                    Ammunition mass: 1024 kg
                </p>
<p>
                    Estimated speed loss before drop: 48 km/h
                </p>
<p>
                    Estimated speed loss after drop: 0 km/h
                </p>
<p>
</p>
<p>
<strong>10 x 132mm High Explosive unguided rockets ROS-132</strong>
</p>
<p>
                    Additional mass: 280 kg
                </p>
<p>
                    Ammunition mass: 230 kg
                </p>
<p>
                    Racks mass: 50 kg
                </p>
<p>
                    Estimated speed loss before launch: 31 km/h
                </p>
<p>
                    Estimated speed loss after launch: 20 km/h
                </p>
<p>
</p>
<p>
<strong>VUB-1 rear wide-angle turret with UBT 12.7mm machinegun with 200 rounds</strong>
</p>
<p>
                    Additional mass: 0 kg
                </p>
<p>
                    Estimated speed loss: 5 km/h
                </p>
<p>
</p>
</div>
<div class="ipsSpoiler_contents">
<p>
</p>
<p>
            Indicated stall speed in flight configuration: 154..171 km/h
        </p>
<p>
            Indicated stall speed in takeoff/landing configuration: 148..161 km/h
        </p>
<p>
            Dive speed limit: 850 km/h
        </p>
<p>
            Maximum load factor: 11 G
        </p>
<p>
            Stall angle of attack in flight configuration: 19.9 °
        </p>
<p>
            Stall angle of attack in landing configuration: 17 °
        </p>
<p>
</p>
<p>
            Maximum true air speed at sea level, engine mode - Combat: 522 km/h
        </p>
<p>
            Maximum true air speed at 2000 m, engine mode - Combat: 570 km/h
        </p>
<p>
            Maximum true air speed at 6000 m, engine mode - Combat: 635 km/h
        </p>
<p>
</p>
<p>
            Service ceiling: 11600 m
        </p>
<p>
            Climb rate at sea level: 19.5 m/s
        </p>
<p>
            Climb rate at 3000 m: 18.8 m/s
        </p>
<p>
            Climb rate at 6000 m: 14.9 m/s
        </p>
<p>
</p>
<p>
            Maximum performance turn at sea level: 20.3 s, at 270 km/h IAS.
        </p>
<p>
            Maximum performance turn at 3000 m: 26.1 s, at 270 km/h IAS.
        </p>
<p>
</p>
<p>
            Flight endurance at 3000 m: 2.6 h, at 350 km/h IAS.
        </p>
<p>
</p>
<p>
            Takeoff speed: 150..180 km/h
        </p>
<p>
            Glideslope speed: 190..200 km/h
        </p>
<p>
            Landing speed: 145..155 km/h
        </p>
<p>
            Landing angle: 14.8 °
        </p>
<p>
</p>
<p>
            Note 1: the data provided is for international standard atmosphere (ISA).
        </p>
<p>
            Note 2: flight performance ranges are given for possible aircraft mass ranges.
        </p>
<p>
            Note 3: maximum speeds, climb rates and turn times are given for standard aircraft mass.
        </p>
<p>
            Note 4: climb rates are given for Combat power, turn times are given for Emergency power.
        </p>
<p>
</p>
<p>
            Engine:
        </p>
<p>
            Model: DB-601E
        </p>
<p>
            Maximum power in Emergency mode at sea level: 1350 HP
        </p>
<p>
            Maximum power in Emergency mode at 4800 m: 1320 HP
        </p>
<p>
            Maximum power in Combat mode at sea level: 1200 HP
        </p>
<p>
            Maximum power in Combat mode at 4900 m: 1200 HP
        </p>
<p>
</p>
<p>
            Engine modes:
        </p>
<p>
            Nominal (unlimited time): 2300 RPM, 1.15 ata
        </p>
<p>
            Combat power (up to 30 minutes): 2500 RPM, 1.3 ata
        </p>
<p>
            Emergency power (up to 1 minute): 2700 RPM, 1.42 ata
        </p>
<p>
</p>
<p>
            Water rated temperature in engine output: 100..102 °C
        </p>
<p>
            Water maximum temperature in engine output: 115 °C
        </p>
<p>
            Oil rated temperature in engine intake: 70..80 °C
        </p>
<p>
            Oil maximum temperature in engine intake: 85 °C
        </p>
<p>
</p>
<p>
            Supercharger gear shift altitude: fluid coupling
        </p>
<p>
</p>
<p>
            Empty weight: 2382 kg
        </p>
<p>
            Minimum weight (no ammo, 10% fuel): 2545 kg
        </p>
<p>
            Standard weight: 2890 kg
        </p>
<p>
            Maximum takeoff weight: 3189 kg
        </p>
<p>
            Fuel load: 304 kg / 400 l
        </p>
<p>
            Useful load: 807 kg
        </p>
<p>
</p>
<p>
            Forward-firing armament:
        </p>
<p>
            20mm gun "MG 151/20", 200 rounds, 700 rounds per minute, nose-mounted
        </p>
<p>
            2 x 7.92mm machine gun "MG 17", 500 rounds, 1200 rounds per minute, synchronized
        </p>
<p>
            2 x 15mm gun "MG 151/15", 135 rounds, 700 rounds per minute, wing-mounted (modification)
        </p>
<p>
            2 x 20mm gun "MG 151/20", 135 rounds, 700 rounds per minute, wing-mounted (modification)
        </p>
<p>
</p>
<p>
            Bombs:
        </p>
<p>
            Up to 4 x 55 kg general purpose bombs "SC 50"
        </p>
<p>
            249 kg general purpose bomb "SC 250"
        </p>
<p>
</p>
<p>
            Length: 8.94 m
        </p>
<p>
            Wingspan: 9.97 m
        </p>
<p>
            Wing surface: 16.1 m^2
        </p>
<p>
</p>
<p>
            Combat debut: June 1941
        </p>
<p>
</p>
<p>
            Additional airplane configurations list:
        </p>
<p>
</p>
<div class="ipsSpoiler" data-ipsspoiler="">
<div class="ipsSpoiler_header">
</div>
<div class="ipsSpoiler_contents">
<p>
</p>
<p>
<strong>MG 151/15 15mm guns in wing-mounted gun pods with 135 rounds per each</strong>
</p>
<p>
                    Additional mass: 193 kg
                </p>
<p>
                    Ammunition mass: 47 kg
                </p>
<p>
                    Guns mass: 146 kg
                </p>
<p>
                    Estimated speed loss: 11 km/h
                </p>
<p>
</p>
<p>
<strong>MG 151/20 20mm guns in wing-mounted gun pods with 135 rounds per each</strong>
</p>
<p>
                    Additional mass: 212 kg
                </p>
<p>
                    Ammunition mass: 55 kg
                </p>
<p>
                    Guns mass: 157 kg
                </p>
<p>
                    Estimated speed loss: 12 km/h
                </p>
<p>
</p>
<p>
<strong>4 x 55 kg General Purpose Bombs SC 50</strong>
</p>
<p>
                    Additional mass: 260 kg
                </p>
<p>
                    Ammunition mass: 220 kg
                </p>
<p>
                    Racks mass: 40 kg
                </p>
<p>
                    Estimated speed loss before drop: 51 km/h
                </p>
<p>
                    Estimated speed loss after drop: 11 km/h
                </p>
<p>
</p>
<p>
<strong>249 kg General Purpose Bomb SC 250</strong>
</p>
<p>
                    Additional mass: 279 kg
                </p>
<p>
                    Ammunition mass: 249 kg
                </p>
<p>
                    Racks mass: 30 kg
                </p>
<p>
                    Estimated speed loss before drop: 31 km/h
                </p>
<p>
                    Estimated speed loss after drop: 10 km/h
                </p>
<p>
</p>
<p>
<strong>Removed pilot armoured headrest for improved field of view</strong>
</p>
<p>
                    Weight savings: 8 kg
                </p>
<p>
                    Estimated speed loss: 0 km/h
                </p>
<p>
</p>
<p>
<strong>Additional pilot protection: armoured triplex wind screen</strong>
</p>
<p>
                    Additional mass: 20 kg
                </p>
<p>
                    Estimated speed loss: 1 km/h
                </p>
<p>
</p>
</div>
</div>
<p>
</p>
<p>
            Operation features:
        </p>
<p>
            - Airplane has a wide automatization of the engine systems, in fact, to control speed it is only necessary to use the throttle lever. There is no need to manually set engine revolutions and mixture or supercharger gear in normal flight.
        </p>
<p>
            - In addition to full-automatic mode there is a special manual control mode for the radiator shutters, which can be used in specific situations.
        </p>
<p>
            - To reduce swinging during taxiing due to prop-wash the propeller pitch control should be switched to manual mode and pitch should be reduced to minimum.
        </p>
<p>
            - Airplane has no flight-control trimmers. Airplane is equipped with bendable trim tabs that can be set pre-flight by ground personnel.
        </p>
<p>
            - Airplane has a manually controlled horizontal stabilizer. It should be set to +1° before takeoff and to -4°...-5° before landing. Also, it may be used to trim the flight stick during the flight. In a deep dive the stabilizer should be set so that the pilot must push the flight stick forward to maintain the dive angle.
        </p>
<p>
            - Airplane has automatic wing slats. They deploy when the high angle of attack increases which makes pre-stall softer.
        </p>
<p>
            - Airplane has a manual mechanical system for retracting the landing flaps, for this reason it is necessary to extend landing flaps well before final approach. Markers on the left-wing flap indicate how far the flaps are extended. The flaps can be extended to any angle up to 40°.
        </p>
<p>
            - Airplane has a manual tail wheel lock. Wheel should be locked when taxiing straight for a long distance and before takeoff and landing.
        </p>
<p>
            - Airplane has independent left and right hydraulic wheel brake controls. To apply either brake push the upper part of the rudder pedal.
        </p>
<p>
            - Airplane has a fuel gauge which shows total fuel remaining. Also, it has an emergency fuel warning light (80 liters).
        </p>
<p>
            - The design of the cockpit canopy does not allow it to be opened during flight. The canopy should be closed before takeoff to prevent damage. The canopy has an emergency release system for bailouts.
        </p>
<p>
            - The control system for the bomb rack only allows for dropping bombs one by one.
        </p>
<p>
            - The gunsight has a sliding sun-filter.
        </p>
<p>
</p>
</div>
<div class="ipsSpoiler_contents">
<p>
</p>
<p>
<strong>MG 151/15 15mm guns in wing-mounted gun pods with 135 rounds per each</strong>
</p>
<p>
                    Additional mass: 193 kg
                </p>
<p>
                    Ammunition mass: 47 kg
                </p>
<p>
                    Guns mass: 146 kg
                </p>
<p>
                    Estimated speed loss: 11 km/h
                </p>
<p>
</p>
<p>
<strong>MG 151/20 20mm guns in wing-mounted gun pods with 135 rounds per each</strong>
</p>
<p>
                    Additional mass: 212 kg
                </p>
<p>
                    Ammunition mass: 55 kg
                </p>
<p>
                    Guns mass: 157 kg
                </p>
<p>
                    Estimated speed loss: 12 km/h
                </p>
<p>
</p>
<p>
<strong>4 x 55 kg General Purpose Bombs SC 50</strong>
</p>
<p>
                    Additional mass: 260 kg
                </p>
<p>
                    Ammunition mass: 220 kg
                </p>
<p>
                    Racks mass: 40 kg
                </p>
<p>
                    Estimated speed loss before drop: 51 km/h
                </p>
<p>
                    Estimated speed loss after drop: 11 km/h
                </p>
<p>
</p>
<p>
<strong>249 kg General Purpose Bomb SC 250</strong>
</p>
<p>
                    Additional mass: 279 kg
                </p>
<p>
                    Ammunition mass: 249 kg
                </p>
<p>
                    Racks mass: 30 kg
                </p>
<p>
                    Estimated speed loss before drop: 31 km/h
                </p>
<p>
                    Estimated speed loss after drop: 10 km/h
                </p>
<p>
</p>
<p>
<strong>Removed pilot armoured headrest for improved field of view</strong>
</p>
<p>
                    Weight savings: 8 kg
                </p>
<p>
                    Estimated speed loss: 0 km/h
                </p>
<p>
</p>
<p>
<strong>Additional pilot protection: armoured triplex wind screen</strong>
</p>
<p>
                    Additional mass: 20 kg
                </p>
<p>
                    Estimated speed loss: 1 km/h
                </p>
<p>
</p>
</div>
<div class="ipsSpoiler_contents">
<p>
</p>
<p>
            Indicated stall speed in flight configuration: 158..174 km/h
        </p>
<p>
            Indicated stall speed in takeoff/landing configuration: 153..164 km/h
        </p>
<p>
            Dive speed limit: 850 km/h
        </p>
<p>
            Maximum load factor: 10.5 G
        </p>
<p>
            Stall angle of attack in flight configuration: 19.8 °
        </p>
<p>
            Stall angle of attack in landing configuration: 17 °
        </p>
<p>
</p>
<p>
            Maximum true air speed at sea level, engine mode - Combat: 530 km/h
        </p>
<p>
            Maximum true air speed at 2000 m, engine mode - Combat: 577 km/h
        </p>
<p>
            Maximum true air speed at 7000 m, engine mode - Combat: 656 km/h
        </p>
<p>
</p>
<p>
            Service ceiling: 12100 m
        </p>
<p>
            Climb rate at sea level: 21.0 m/s
        </p>
<p>
            Climb rate at 3000 m: 19.5 m/s
        </p>
<p>
            Climb rate at 6000 m: 16.5 m/s
        </p>
<p>
</p>
<p>
            Maximum performance turn at sea level: 22.2 s, at 270 km/h IAS.
        </p>
<p>
            Maximum performance turn at 3000 m: 28.3 s, at 270 km/h IAS.
        </p>
<p>
</p>
<p>
            Flight endurance at 3000 m: 2.4 h, at 350 km/h IAS.
        </p>
<p>
</p>
<p>
            Takeoff speed: 155..180 km/h
        </p>
<p>
            Glideslope speed: 195..205 km/h
        </p>
<p>
            Landing speed: 150..155 km/h
        </p>
<p>
            Landing angle: 14.8 °
        </p>
<p>
</p>
<p>
            Note 1: the data provided is for international standard atmosphere (ISA).
        </p>
<p>
            Note 2: flight performance ranges are given for possible aircraft mass ranges.
        </p>
<p>
            Note 3: maximum speeds, climb rates and turn times are given for standard aircraft mass.
        </p>
<p>
            Note 4: climb rates and turn times are given for Combat power.
        </p>
<p>
</p>
<p>
            Engine:
        </p>
<p>
            Model: DB-605A
        </p>
<p>
            Maximum power in Combat mode at sea level: 1310 HP
        </p>
<p>
            Maximum power in Combat mode at 5800 m: 1250 HP
        </p>
<p>
</p>
<p>
            Engine modes:
        </p>
<p>
            Nominal (unlimited time): 2300 RPM, 1.15 ata
        </p>
<p>
            Combat power (up to 30 minutes): 2600 RPM, 1.3 ata
        </p>
<p>
</p>
<p>
            Water rated temperature in engine output: 100..102 °C
        </p>
<p>
            Water maximum temperature in engine output: 115 °C
        </p>
<p>
            Oil rated temperature in engine intake: 70..80 °C
        </p>
<p>
            Oil maximum temperature in engine intake: 85 °C
        </p>
<p>
</p>
<p>
            Supercharger gear shift altitude: fluid coupling
        </p>
<p>
</p>
<p>
            Empty weight: 2486 kg
        </p>
<p>
            Minimum weight (no ammo, 10% fuel): 2649 kg
        </p>
<p>
            Standard weight: 2994 kg
        </p>
<p>
            Maximum takeoff weight: 3283 kg
        </p>
<p>
            Fuel load: 304 kg / 400 l
        </p>
<p>
            Useful load: 797 kg
        </p>
<p>
</p>
<p>
            Forward-firing armament:
        </p>
<p>
            20mm gun "MG 151/20", 200 rounds, 700 rounds per minute, nose-mounted
        </p>
<p>
            2 x 7.92mm machine gun "MG 17", 500 rounds, 1200 rounds per minute, synchronized
        </p>
<p>
            2 x 20mm gun "MG 151/20", 135 rounds, 700 rounds per minute, wing-mounted (modification)
        </p>
<p>
</p>
<p>
            Bombs:
        </p>
<p>
            Up to 4 x 55 kg general purpose bombs "SC 50"
        </p>
<p>
            249 kg general purpose bomb "SC 250"
        </p>
<p>
</p>
<p>
            Length: 8.94 m
        </p>
<p>
            Wingspan: 9.97 m
        </p>
<p>
            Wing surface: 16.1 m^2
        </p>
<p>
</p>
<p>
            Combat debut: May 1942
        </p>
<p>
</p>
<p>
            Additional airplane configurations list:
        </p>
<p>
</p>
<div class="ipsSpoiler" data-ipsspoiler="">
<div class="ipsSpoiler_header">
</div>
<div class="ipsSpoiler_contents">
<p>
</p>
<p>
<strong>MG 151/20 20mm guns in wing-mounted gun pods with 135 rounds per each</strong>
</p>
<p>
                    Additional mass: 212 kg
                </p>
<p>
                    Ammunition mass: 55 kg
                </p>
<p>
                    Guns mass: 157 kg
                </p>
<p>
                    Estimated speed loss: 12 km/h
                </p>
<p>
</p>
<p>
<strong>4 x 55 kg General Purpose Bombs SC 50</strong>
</p>
<p>
                    Additional mass: 260 kg
                </p>
<p>
                    Ammunition mass: 220 kg
                </p>
<p>
                    Racks mass: 40 kg
                </p>
<p>
                    Estimated speed loss before drop: 51 km/h
                </p>
<p>
                    Estimated speed loss after drop: 11 km/h
                </p>
<p>
</p>
<p>
<strong>249 kg General Purpose Bomb SC 250</strong>
</p>
<p>
                    Additional mass: 279 kg
                </p>
<p>
                    Ammunition mass: 249 kg
                </p>
<p>
                    Racks mass: 30 kg
                </p>
<p>
                    Estimated speed loss before drop: 31 km/h
                </p>
<p>
                    Estimated speed loss after drop: 10 km/h
                </p>
<p>
</p>
<p>
<strong>Alternative pilot protection: armoured transparent triplex head rest for better visibility</strong>
</p>
<p>
                    Additional mass: 10 kg
                </p>
<p>
                    Estimated speed loss: 0 km/h
                </p>
<p>
</p>
<p>
<strong>Removed pilot armoured headrest for improved field of view</strong>
</p>
<p>
                    Weight savings: 8 kg
                </p>
<p>
                    Estimated speed loss: 0 km/h
                </p>
<p>
</p>
</div>
</div>
<p>
</p>
<p>
            Operation features:
        </p>
<p>
            - Airplane has a wide automatization of the engine systems, in fact, to control speed it is only necessary to use the throttle lever. There is no need to manually set engine revolutions and mixture or supercharger gear in normal flight.
        </p>
<p>
            - In addition to full-automatic mode there is a special manual control mode for the radiator shutters, which can be used in specific situations.
        </p>
<p>
            - To reduce swinging during taxiing due to prop-wash the propeller pitch control should be switched to manual mode and pitch should be reduced to minimum.
        </p>
<p>
            - Airplane has no flight-control trimmers. Airplane is equipped with bendable trim tabs that can be set pre-flight by ground personnel.
        </p>
<p>
            - Airplane has a manually controlled horizontal stabilizer. It should be set to +1° before takeoff and to -4°...-5° before landing. Also, it may be used to trim the flight stick during the flight. In a deep dive the stabilizer should be set so that the pilot must push the flight stick forward to maintain the dive angle.
        </p>
<p>
            - Airplane has automatic wing slats. They deploy when the high angle of attack increases which makes pre-stall softer.
        </p>
<p>
            - Airplane has a manual mechanical system for retracting the landing flaps, for this reason it is necessary to extend landing flaps well before final approach. Markers on the left-wing flap indicate how far the flaps are extended. The flaps can be extended to any angle up to 40°.
        </p>
<p>
            - Airplane has a manual tail wheel lock. Wheel should be locked when taxiing straight for a long distance and before takeoff and landing.
        </p>
<p>
            - Airplane has independent left and right hydraulic wheel brake controls. To apply either brake push the upper part of the rudder pedal.
        </p>
<p>
            - Airplane has a fuel gauge which shows total fuel remaining. Also, it has an emergency fuel warning light (80 liters).
        </p>
<p>
            - The design of the cockpit canopy does not allow it to be opened during flight. The canopy should be closed before takeoff to prevent damage. The canopy has an emergency release system for bailouts.
        </p>
<p>
            - The control system for the bomb rack only allows for dropping bombs one by one.
        </p>
<p>
            - The gunsight has a sliding sun-filter.
        </p>
<p>
</p>
</div>
<div class="ipsSpoiler_contents">
<p>
</p>
<p>
<strong>MG 151/20 20mm guns in wing-mounted gun pods with 135 rounds per each</strong>
</p>
<p>
                    Additional mass: 212 kg
                </p>
<p>
                    Ammunition mass: 55 kg
                </p>
<p>
                    Guns mass: 157 kg
                </p>
<p>
                    Estimated speed loss: 12 km/h
                </p>
<p>
</p>
<p>
<strong>4 x 55 kg General Purpose Bombs SC 50</strong>
</p>
<p>
                    Additional mass: 260 kg
                </p>
<p>
                    Ammunition mass: 220 kg
                </p>
<p>
                    Racks mass: 40 kg
                </p>
<p>
                    Estimated speed loss before drop: 51 km/h
                </p>
<p>
                    Estimated speed loss after drop: 11 km/h
                </p>
<p>
</p>
<p>
<strong>249 kg General Purpose Bomb SC 250</strong>
</p>
<p>
                    Additional mass: 279 kg
                </p>
<p>
                    Ammunition mass: 249 kg
                </p>
<p>
                    Racks mass: 30 kg
                </p>
<p>
                    Estimated speed loss before drop: 31 km/h
                </p>
<p>
                    Estimated speed loss after drop: 10 km/h
                </p>
<p>
</p>
<p>
<strong>Alternative pilot protection: armoured transparent triplex head rest for better visibility</strong>
</p>
<p>
                    Additional mass: 10 kg
                </p>
<p>
                    Estimated speed loss: 0 km/h
                </p>
<p>
</p>
<p>
<strong>Removed pilot armoured headrest for improved field of view</strong>
</p>
<p>
                    Weight savings: 8 kg
                </p>
<p>
                    Estimated speed loss: 0 km/h
                </p>
<p>
</p>
</div>
<div class="ipsSpoiler_contents">
<p>
</p>
<p>
            Indicated stall speed in flight configuration: 137..176 km/h
        </p>
<p>
            Indicated stall speed in takeoff/landing configuration: 123..155 km/h
        </p>
<p>
</p>
<p>
            Dive speed limit: 650 km/h
        </p>
<p>
            Maximum load factor: 9 G
        </p>
<p>
            Stall angle of attack in flight configuration: 19.9 °
        </p>
<p>
            Stall angle of attack in landing configuration: 18 °
        </p>
<p>
</p>
<p>
            Maximum true air speed at sea level, engine mode - Climb: 367 km/h
        </p>
<p>
            Maximum true air speed at 2000 m, engine mode - Climb: 389 km/h
        </p>
<p>
            Maximum true air speed at 6000 m, engine mode - Climb: 422 km/h
        </p>
<p>
</p>
<p>
            Service ceiling: 7000 m
        </p>
<p>
            Climb rate at sea level: 8 m/s
        </p>
<p>
            Climb rate at 3000 m: 7 m/s
        </p>
<p>
            Climb rate at 6000 m: 2.5 m/s
        </p>
<p>
</p>
<p>
            Maximum performance turn at sea level: 22.2 s, at 230 km/h IAS.
        </p>
<p>
            Maximum performance turn at 3000 m: 31.3 s, at 230 km/h IAS.
        </p>
<p>
</p>
<p>
            Flight endurance at 3000 m: 3.4 h, at 300 km/h IAS.
        </p>
<p>
</p>
<p>
            Takeoff speed: 140..170 km/h
        </p>
<p>
            Glideslope speed: 180..195 km/h
        </p>
<p>
            Landing speed: 125..145 km/h
        </p>
<p>
            Landing angle: 11 °
        </p>
<p>
</p>
<p>
            Note 1: the data provided is for international standard atmosphere (ISA).
        </p>
<p>
            Note 2: flight performance ranges are given for possible aircraft mass ranges.
        </p>
<p>
            Note 3: maximum speeds, climb rates and turn times are given for standard aircraft mass.
        </p>
<p>
            Note 4: climb rates are given for Climb power, turn times are given for Take-off power.
        </p>
<p>
</p>
<p>
            Engine:
        </p>
<p>
            Model: Jumo-211J
        </p>
<p>
            Maximum power in Take-off mode at sea level: 1420 HP
        </p>
<p>
            Maximum power in Climb mode at sea level: 1190 HP
        </p>
<p>
            Maximum power in Climb mode at 1500 m: 1260 HP
        </p>
<p>
            Maximum power in Climb mode at 4900 m: 1180 HP
        </p>
<p>
</p>
<p>
            Engine modes:
        </p>
<p>
            Nominal (unlimited time): 2250 RPM, 1.15 ata
        </p>
<p>
            Climb power (up to 30 minutes): 2400 RPM, 1.25 ata
        </p>
<p>
            Take-off power (up to 1 minute): 2600 RPM, 1.42 ata
        </p>
<p>
</p>
<p>
            Water rated temperature in engine output: 80 °C
        </p>
<p>
            Water maximum temperature in engine output: 110 °C
        </p>
<p>
            Oil rated temperature in engine output: 90 °C
        </p>
<p>
            Oil maximum temperature in engine output: 105 °C
        </p>
<p>
</p>
<p>
            Supercharger gear shift altitude: automatic
        </p>
<p>
</p>
<p>
            Empty weight: 3930 kg
        </p>
<p>
            Minimum weight (no ammo, 10% fuel): 4250 kg
        </p>
<p>
            Standard weight: 4835 kg
        </p>
<p>
            Maximum takeoff weight: 6684 kg
        </p>
<p>
            Fuel load: 626 kg / 840 l
        </p>
<p>
            Useful load: 2754 kg
        </p>
<p>
</p>
<p>
            Forward-firing armament:
        </p>
<p>
            2 x 7.92mm machine gun "MG 17", 1000 rounds, 1200 rounds per minute, nose-mounted
        </p>
<p>
            12 x 7.92mm machine gun "MG 81", 250 rounds, 1600 rounds per minute, wing-mounted (modification)
        </p>
<p>
            2 x 37mm gun "BK 37", 12 rounds, 160 rounds per minute, wing-mounted (modification)
        </p>
<p>
</p>
<p>
            Defensive armament:
        </p>
<p>
            Backward: 2 x 7.92mm machine gun "MG 81", 500 rounds, 1600 rounds per minute
        </p>
<p>
</p>
<p>
            Bombs:
        </p>
<p>
            Up to 4 x 70 kg general purpose bomb "SD 70"
        </p>
<p>
            Up to 3 x 249 kg general purpose bombs "SC 250"
        </p>
<p>
            500 kg general purpose bomb "SC 500"
        </p>
<p>
            1090 kg general purpose bomb "SC 1000"
        </p>
<p>
            1780 kg general purpose bomb "SC 1800"
        </p>
<p>
</p>
<p>
            Length: 11 m
        </p>
<p>
            Wingspan: 13.8 m
        </p>
<p>
            Wing surface: 31.9 m^2
        </p>
<p>
</p>
<p>
            Combat debut: March 1942
        </p>
<p>
</p>
<p>
            Additional airplane configurations list:
        </p>
<p>
</p>
<div class="ipsSpoiler" data-ipsspoiler="">
<div class="ipsSpoiler_header">
</div>
<div class="ipsSpoiler_contents">
<p>
</p>
<p>
<strong>2 gun pods with 3 twin 7.92mm MG-81Z machineguns and 1500 rounds per each pod</strong>
</p>
<p>
                    Additional mass: 369 kg
                </p>
<p>
                    Ammunition mass: 89 kg
                </p>
<p>
                    Guns mass: 280 kg
                </p>
<p>
                    Estimated speed loss: 31 km/h
                </p>
<p>
</p>
<p>
<strong>2 gun pods with 37mm autocannons 3.7cm BK with 12 rounds per each</strong>
</p>
<p>
                    Additional mass: 793 kg
                </p>
<p>
                    Ammunition mass: 31 kg
                </p>
<p>
                    Guns mass: 840 kg
                </p>
<p>
                    Estimated speed loss: 33 km/h
                </p>
<p>
</p>
<p>
<strong>1780 kg General Purpose Bomb SC 1800</strong>
</p>
<p>
                    Additional mass: 1780 kg
                </p>
<p>
                    Ammunition mass: 1780 kg
                </p>
<p>
                    Estimated speed loss before drop: 28 km/h
                </p>
<p>
                    Estimated speed loss after drop: 0 km/h
                </p>
<p>
</p>
<p>
<strong>Special impeller-actuated siren for demoralizing enemies in dive attacks</strong>
</p>
<p>
                    Additional mass: 9 kg
                </p>
<p>
                    Estimated speed loss: 12 km/h
                </p>
<p>
</p>
<p>
<strong>Additional pilot protection: armoured plates on side of cockpit and canopy</strong>
</p>
<p>
                    Additional mass: 60 kg
                </p>
<p>
                    Estimated speed loss: 0 km/h
                </p>
<p>
</p>
</div>
</div>
<p>
</p>
<p>
            Operation features:
        </p>
<p>
            - The engine has a two-stage mechanical supercharger with an automatic switch system that switches gears depending altitude and engine revolutions. It can also be manually switched to first gear.
        </p>
<p>
            - Engine mixture control is automatic.
        </p>
<p>
            - Engine RPM has an automatic governor and it is maintained at the required RPM corresponding to the governor control lever position. The governor automatically controls the propeller pitch to maintain the required RPM.
        </p>
<p>
            - Water and oil radiators shutters control is manual.
        </p>
<p>
            - Airplane has only the pitch and roll flight-control trimmers.
        </p>
<p>
            - Airplane has fence-type airbrakes which are located under the wing and used to slow the descent during steep dive bombing.
        </p>
<p>
            - Airplane has hydraulic-actuated landing flaps with three fixed positions: retracted, takeoff (25°) and landing (40°). Flap indicator lights are located on left panel near the throttle.
        </p>
<p>
            - Airplane is also equipped with differential ailerons which are lowered in synch with the flaps.
        </p>
<p>
            - Airplane has a automatically controlled horizontal stabilizer. An automatic control system adjusts the stabilizer angle depending on the extended angle of the landing flaps. The stabilizer control lamps are located near the throttle lever.
        </p>
<p>
            - Airplane has a manual tail wheel lock. Wheel should be locked when taxiing straight for a long distance and before takeoff and landing.
        </p>
<p>
            - Airplane has independent left and right hydraulic wheel brake controls. To apply either brake push the upper part of the rudder pedal.
        </p>
<p>
            - Airplane have a fuel gauge which shows remaining fuel in left and right fuel tanks depending on switch position. In game the fuel indicator switch changes by itself during horizontal flight by every 10 seconds. Also, the airplane has indicator lights for full internal tanks and a low fuel warning light (160 liters) for each tank.
        </p>
<p>
            - It is impossible to open or close canopy at high speed due to strong airflow. When the canopy is open, it is impossible to use rear gun because it is linked to canopy. The canopy has an emergency release system for bailouts.
        </p>
<p>
            - Airplane has a window in the cockpit floor which can be opened by the bomb bay door command.
        </p>
<p>
            - Airplane is equipped with a salvo controller, it allows the pilot to choose which bomb racks to use (central, left and right wing) and to switch the bomb salvo (single drop or all bombs on the rack).
        </p>
<p>
            - The gunsight has a sliding sun-filter.
        </p>
<p>
</p>
</div>
<div class="ipsSpoiler_contents">
<p>
</p>
<p>
<strong>2 gun pods with 3 twin 7.92mm MG-81Z machineguns and 1500 rounds per each pod</strong>
</p>
<p>
                    Additional mass: 369 kg
                </p>
<p>
                    Ammunition mass: 89 kg
                </p>
<p>
                    Guns mass: 280 kg
                </p>
<p>
                    Estimated speed loss: 31 km/h
                </p>
<p>
</p>
<p>
<strong>2 gun pods with 37mm autocannons 3.7cm BK with 12 rounds per each</strong>
</p>
<p>
                    Additional mass: 793 kg
                </p>
<p>
                    Ammunition mass: 31 kg
                </p>
<p>
                    Guns mass: 840 kg
                </p>
<p>
                    Estimated speed loss: 33 km/h
                </p>
<p>
</p>
<p>
<strong>1780 kg General Purpose Bomb SC 1800</strong>
</p>
<p>
                    Additional mass: 1780 kg
                </p>
<p>
                    Ammunition mass: 1780 kg
                </p>
<p>
                    Estimated speed loss before drop: 28 km/h
                </p>
<p>
                    Estimated speed loss after drop: 0 km/h
                </p>
<p>
</p>
<p>
<strong>Special impeller-actuated siren for demoralizing enemies in dive attacks</strong>
</p>
<p>
                    Additional mass: 9 kg
                </p>
<p>
                    Estimated speed loss: 12 km/h
                </p>
<p>
</p>
<p>
<strong>Additional pilot protection: armoured plates on side of cockpit and canopy</strong>
</p>
<p>
                    Additional mass: 60 kg
                </p>
<p>
                    Estimated speed loss: 0 km/h
                </p>
<p>
</p>
</div>
<div class="ipsSpoiler_contents">
<p>
</p>
<p>
            Indicated stall speed in flight configuration: 150..184 km/h
        </p>
<p>
            Indicated stall speed in takeoff/landing configuration: 123..151 km/h
        </p>
<p>
            Dive speed limit: 560 km/h
        </p>
<p>
            Maximum load factor: 4.5 G
        </p>
<p>
            Stall angle of attack in flight configuration: 20 °
        </p>
<p>
            Stall angle of attack in landing configuration: 17 °
        </p>
<p>
</p>
<p>
            Maximum true air speed at sea level, engine mode - Climb: 369 km/h
        </p>
<p>
            Maximum true air speed at 2000 m, engine mode - Climb: 398 km/h
        </p>
<p>
            Maximum true air speed at 5000 m, engine mode - Climb: 405 km/h
        </p>
<p>
</p>
<p>
            Service ceiling: 6300 m
        </p>
<p>
            Climb rate at sea level: 4.5 m/s
        </p>
<p>
            Climb rate at 3000 m: 3.6 m/s
        </p>
<p>
            Climb rate at 6000 m: 1.8 m/s
        </p>
<p>
</p>
<p>
            Maximum performance turn at sea level: 30.8 s, at 250 km/h IAS.
        </p>
<p>
            Maximum performance turn at 3000 m: 45.2 s, at 250 km/h IAS.
        </p>
<p>
</p>
<p>
            Flight endurance at 3000 m: 8.5 h, at 300 km/h IAS.
        </p>
<p>
</p>
<p>
            Takeoff speed: 170..210 km/h
        </p>
<p>
            Glideslope speed: 180..200 km/h
        </p>
<p>
            Landing speed: 125..150 km/h
        </p>
<p>
            Landing angle: 9 °
        </p>
<p>
</p>
<p>
            Note 1: the data provided is for international standard atmosphere (ISA).
        </p>
<p>
            Note 2: flight performance ranges are given for possible aircraft mass ranges.
        </p>
<p>
            Note 3: maximum speeds, climb rates and turn times are given for standard aircraft mass.
        </p>
<p>
            Note 4: climb rates are given for Climb power, turn times are given for Take-off power.
        </p>
<p>
</p>
<p>
            Engine:
        </p>
<p>
            Model: Jumo-211F
        </p>
<p>
            Maximum power in Take-off mode at sea level: 1420 HP
        </p>
<p>
            Maximum power in Climb mode at sea level: 1190 HP
        </p>
<p>
            Maximum power in Climb mode at 1500 m: 1260 HP
        </p>
<p>
            Maximum power in Climb mode at 4900 m: 1180 HP
        </p>
<p>
</p>
<p>
            Engine modes:
        </p>
<p>
            Nominal (unlimited time): 2250 RPM, 1.15 ata
        </p>
<p>
            Climb power (up to 30 minutes): 2400 RPM, 1.25 ata
        </p>
<p>
            Take-off power (up to 1 minute): 2600 RPM, 1.42 ata
        </p>
<p>
</p>
<p>
            Water rated temperature in engine output: 80 °C
        </p>
<p>
            Water maximum temperature in engine output: 110 °C
        </p>
<p>
            Oil rated temperature in engine output: 90 °C
        </p>
<p>
            Oil maximum temperature in engine output: 105 °C
        </p>
<p>
</p>
<p>
            Supercharger gear shift altitude: automatic
        </p>
<p>
</p>
<p>
            Empty weight: 8963 kg
        </p>
<p>
            Minimum weight (no ammo, 10% fuel): 9946 kg
        </p>
<p>
            Standard weight: 13727 kg
        </p>
<p>
            Maximum takeoff weight: 15239 kg
        </p>
<p>
            Fuel load: 3214 kg / 4285 l
        </p>
<p>
            Useful load: 6276 kg
        </p>
<p>
</p>
<p>
            Defensive armament:
        </p>
<p>
            Nose: 7.92mm machine gun "MG 15", 600 rounds, 1000 rounds per minute
        </p>
<p>
            Top: 7.92mm machine gun "MG 15", 1125 rounds, 1000 rounds per minute
        </p>
<p>
            Belly-backward: 7.92mm machine gun "MG 15", 1200 rounds, 1000 rounds per minute
        </p>
<p>
            Belly-forward: 7.92mm machine gun "MG 15", 675 rounds, 1000 rounds per minute
        </p>
<p>
            Left: 7.92mm machine gun "MG 15", 450 rounds, 1000 rounds per minute
        </p>
<p>
            Right: 7.92mm machine gun "MG 15", 450 rounds, 1000 rounds per minute
        </p>
<p>
            Nose: 20mm gun "MG FF", 240 rounds, 540 rounds per minute (modification)
        </p>
<p>
            Belly-forward: 20mm gun "MG FF", 330 rounds, 540 rounds per minute (modification)
        </p>
<p>
</p>
<p>
            Bombs:
        </p>
<p>
            Up to 16 x 55 kg general purpose bombs "SC 50"
        </p>
<p>
            Up to 4 x 249 kg general purpose bombs "SC 250"
        </p>
<p>
            500 kg general purpose bomb "SC 500"
        </p>
<p>
            Up to 2 x 1090 kg general purpose bombs "SC 1000"
        </p>
<p>
            Up to 2 x 1780 kg general purpose bombs "SC 1800"
        </p>
<p>
            2400 kg general purpose bomb "SC 2500"
        </p>
<p>
</p>
<p>
            Length: 16.38 m
        </p>
<p>
            Wingspan: 22.5 m
        </p>
<p>
            Wing surface: 79.5 m^2
        </p>
<p>
</p>
<p>
            Combat debut: June 1941
        </p>
<p>
</p>
<p>
            Additional airplane configurations list:
        </p>
<p>
</p>
<div class="ipsSpoiler" data-ipsspoiler="">
<div class="ipsSpoiler_header">
</div>
<div class="ipsSpoiler_contents">
<p>
</p>
<p>
<strong>2 x 1090 kg General Purpose Bomb SC 1000</strong>
</p>
<p>
                    Additional mass: 2180 kg
                </p>
<p>
                    Ammunition mass: 2180 kg
                </p>
<p>
                    Estimated speed loss before drop: 23 km/h
                </p>
<p>
                    Estimated speed loss after drop: 0 km/h
                </p>
<p>
</p>
<p>
<strong>2 x 1780 kg General Purpose Bomb SC 1800</strong>
</p>
<p>
                    Additional mass: 3560 kg
                </p>
<p>
                    Ammunition mass: 3560 kg
                </p>
<p>
                    Estimated speed loss before drop: 32 km/h
                </p>
<p>
                    Estimated speed loss after drop: 0 km/h
                </p>
<p>
</p>
<p>
<strong>2400 kg General Purpose Bomb SC 2500</strong>
</p>
<p>
                    Additional mass: 2400 kg
                </p>
<p>
                    Ammunition mass: 2400 kg
                </p>
<p>
                    Estimated speed loss before drop: 17 km/h
                </p>
<p>
                    Estimated speed loss after drop: 0 km/h
                </p>
<p>
</p>
<p>
<strong>Nose turret with 20mm MG FF gun with 240 rounds</strong>
</p>
<p>
                    Additional mass: 46 kg
                </p>
<p>
                    Estimated speed loss: 0 km/h
                </p>
<p>
</p>
<p>
<strong>Belly forward-looking turret with 20mm MG FF gun with 300 rounds</strong>
</p>
<p>
                    Additional mass: 147 kg
                </p>
<p>
                    Estimated speed loss: 0 km/h
                </p>
<p>
</p>
</div>
</div>
<p>
</p>
<p>
            Operation features:
        </p>
<p>
            - Each engine has a two-stage mechanical supercharger with an automatic switch system that switches gears depending altitude and engine revolutions. It can also be manually switched to first gear.
        </p>
<p>
            - Engine mixture control is automatic.
        </p>
<p>
            - Engine RPM has an automatic governor and it is maintained at the required RPM corresponding to the governor control lever position. The governor automatically controls the propeller pitch to maintain the required RPM.
        </p>
<p>
            - Propellers have a feathering system which should be activated in case of engine damage to reduce drag of the propeller in auto-rotation.
        </p>
<p>
            - Water and oil radiator shutter controls are manual. The oil radiator control has five fixed positions.
        </p>
<p>
            - Airplane has trimmers for all flight-controls: pitch, roll and yaw.
        </p>
<p>
            - Landing flaps have a hydraulic actuator and they can be extended to any angle up to 60°.
        </p>
<p>
            - Airplane tail wheel rotates freely and does not have a lock. For this reason, it is necessary to confidently and accurately operate the rudder pedals during the takeoff and landing.
        </p>
<p>
            - Airplane has independent left and right hydraulic wheel brake controls. To apply either brake push the upper part of the rudder pedal.
        </p>
<p>
            - Airplane has dedicated fuel gauges for left and right fuel tank groups and there is a switch between the internal and external fuel tank group indicator. In game the fuel indicator switch changes by itself during horizontal flight every 10 seconds. Also, there is dedicated fuel gauge for the fuselage fuel tank. Also, the airplane has low fuel warning lights (200 liters) for left and right fuel tank groups.
        </p>
<p>
            - Airplane is equipped with an automatic bomb salvo controller, it allows you to switch between the bomb racks to be released (internal or external) and to switch between different salvo quantities. There is also a controller for a drop delay between each bomb in the salvo.
        </p>
<p>
</p>
</div>
<div class="ipsSpoiler_contents">
<p>
</p>
<p>
<strong>2 x 1090 kg General Purpose Bomb SC 1000</strong>
</p>
<p>
                    Additional mass: 2180 kg
                </p>
<p>
                    Ammunition mass: 2180 kg
                </p>
<p>
                    Estimated speed loss before drop: 23 km/h
                </p>
<p>
                    Estimated speed loss after drop: 0 km/h
                </p>
<p>
</p>
<p>
<strong>2 x 1780 kg General Purpose Bomb SC 1800</strong>
</p>
<p>
                    Additional mass: 3560 kg
                </p>
<p>
                    Ammunition mass: 3560 kg
                </p>
<p>
                    Estimated speed loss before drop: 32 km/h
                </p>
<p>
                    Estimated speed loss after drop: 0 km/h
                </p>
<p>
</p>
<p>
<strong>2400 kg General Purpose Bomb SC 2500</strong>
</p>
<p>
                    Additional mass: 2400 kg
                </p>
<p>
                    Ammunition mass: 2400 kg
                </p>
<p>
                    Estimated speed loss before drop: 17 km/h
                </p>
<p>
                    Estimated speed loss after drop: 0 km/h
                </p>
<p>
</p>
<p>
<strong>Nose turret with 20mm MG FF gun with 240 rounds</strong>
</p>
<p>
                    Additional mass: 46 kg
                </p>
<p>
                    Estimated speed loss: 0 km/h
                </p>
<p>
</p>
<p>
<strong>Belly forward-looking turret with 20mm MG FF gun with 300 rounds</strong>
</p>
<p>
                    Additional mass: 147 kg
                </p>
<p>
                    Estimated speed loss: 0 km/h
                </p>
<p>
</p>
</div>
<div class="ipsSpoiler_contents">
<p>
</p>
<p>
            Indicated stall speed in flight configuration: 155..172 km/h
        </p>
<p>
            Indicated stall speed in takeoff/landing configuration: 139..154 km/h
        </p>
<p>
            Dive speed limit: 740 km/h
        </p>
<p>
            Maximum load factor: 11.5 G
        </p>
<p>
            Stall angle of attack in flight configuration: 20°
        </p>
<p>
            Stall angle of attack in landing configuration: 19°
        </p>
<p>
</p>
<p>
            Maximum true air speed at sea level, engine mode - Nominal, 2700 RPM: 526 km/h
        </p>
<p>
            Maximum true air speed at 2000 m, engine mode - Nominal, 2700 RPM: 565 km/h
        </p>
<p>
            Maximum true air speed at 4000 m, engine mode - Nominal, 2700 RPM: 586 km/h
        </p>
<p>
</p>
<p>
            Service ceiling: 10660 m
        </p>
<p>
            Climb rate at sea level: 16.9 m/s
        </p>
<p>
            Climb rate at 3000 m: 14.3 m/s
        </p>
<p>
            Climb rate at 6000 m: 8.6 m/s
        </p>
<p>
</p>
<p>
            Maximum performance turn at sea level: 19..20 s, at 310 km/h IAS.
        </p>
<p>
            Maximum performance turn at 3000 m: 24..25 s, at 310 km/h IAS.
        </p>
<p>
</p>
<p>
            Flight endurance at 3000 m: 1.9 h, at 350 km/h IAS.
        </p>
<p>
</p>
<p>
            Takeoff speed: 170..175 km/h
        </p>
<p>
            Glideslope speed: 200 km/h
        </p>
<p>
            Landing speed: 145..165 km/h
        </p>
<p>
            Landing angle: 11.5°
        </p>
<p>
</p>
<p>
            Note 1: the data provided is for international standard atmosphere (ISA).
        </p>
<p>
            Note 2: flight performance ranges are given for possible aircraft mass ranges.
        </p>
<p>
            Note 3: maximum speeds, climb rates and turn times are given for standard aircraft mass.
        </p>
<p>
            Note 4: climb rates and turn times are given for Nominal (2700 RPM) power.
        </p>
<p>
</p>
<p>
            Engine:
        </p>
<p>
            Model: M-105PF
        </p>
<p>
            Maximum power in Nominal mode (2700 RPM) at sea level: 1210 HP
        </p>
<p>
            Maximum power in Nominal mode (2700 RPM) at 700 m: 1260 HP
        </p>
<p>
            Maximum power in Nominal mode (2700 RPM) at 2700 m: 1180 HP
        </p>
<p>
</p>
<p>
            Engine modes:
        </p>
<p>
            Nominal (unlimited time): 2600/2700 RPM, 1050 mm Hg
        </p>
<p>
</p>
<p>
            Water rated temperature in engine output: 70..85 °C
        </p>
<p>
            Water maximum temperature in engine output: 100 °C
        </p>
<p>
            Oil rated temperature in engine output: 90..100 °C
        </p>
<p>
            Oil maximum temperature in engine output: 115 °C
        </p>
<p>
</p>
<p>
            Supercharger gear shift altitude: 2000 m
        </p>
<p>
</p>
<p>
            Empty weight: 2302 kg
        </p>
<p>
            Minimum weight (no ammo, 10% fuel): 2630 kg
        </p>
<p>
            Standard weight: 3002 kg
        </p>
<p>
            Maximum takeoff weight: 3229 kg
        </p>
<p>
            Fuel load: 305 kg / 420 l
        </p>
<p>
            Useful load: 927 kg
        </p>
<p>
</p>
<p>
            Forward-firing armament:
        </p>
<p>
            20mm gun "SsVAK", 120 rounds, 800 rounds per minute, nose-mounted
        </p>
<p>
            2 x 12.7 mm machine gun "UBS", 400 rounds, 900 rounds per minute, synchronized
        </p>
<p>
</p>
<p>
            Bombs:
        </p>
<p>
            2 x 50 kg general purpose bombs "FAB-50sv"
        </p>
<p>
            2 x 104 kg general purpose bombs "FAB-100M"
        </p>
<p>
</p>
<p>
            Length: 8.5 m
        </p>
<p>
            Wingspan: 10 m
        </p>
<p>
            Wing surface: 17.15 m^2
        </p>
<p>
</p>
<p>
            Combat debut: May 1942
        </p>
<p>
</p>
<p>
            Additional airplane configurations list:
        </p>
<p>
</p>
<div class="ipsSpoiler" data-ipsspoiler="">
<div class="ipsSpoiler_header">
</div>
<div class="ipsSpoiler_contents">
<p>
</p>
<p>
<strong>2 x 50 kg General Purpose Bombs FAB-50sv</strong>
</p>
<p>
                    Additional mass: 120 kg
                </p>
<p>
                    Ammunition mass: 100 kg
                </p>
<p>
                    Racks mass: 20 kg
                </p>
<p>
                    Estimated speed loss before drop: 20 km/h
                </p>
<p>
                    Estimated speed loss after drop: 12 km/h
                </p>
<p>
</p>
<p>
<strong>2 x 104 kg General Purpose Bombs FAB-100M</strong>
</p>
<p>
                    Additional mass: 228 kg
                </p>
<p>
                    Ammunition mass: 208 kg
                </p>
<p>
                    Racks mass: 20 kg
                </p>
<p>
                    Estimated speed loss before drop: 27 km/h
                </p>
<p>
                    Estimated speed loss after drop: 12 km/h
                </p>
<p>
</p>
<p>
<strong>2 x 82mm High Explosive unguided rockets ROS-82</strong>
</p>
<p>
                    Additional mass: 60 kg
                </p>
<p>
                    Ammunition mass: 42 kg
                </p>
<p>
                    Racks mass: 18 kg
                </p>
<p>
                    Estimated speed loss before launch: 8 km/h
                </p>
<p>
                    Estimated speed loss after launch: 6 km/h
                </p>
<p>
</p>
<p>
<strong>6 x 82mm High Explosive unguided rockets ROS-82</strong>
</p>
<p>
                    Additional mass: 60 kg
                </p>
<p>
                    Ammunition mass: 42 kg
                </p>
<p>
                    Racks mass: 18 kg
                </p>
<p>
                    Estimated speed loss before launch: 23 km/h
                </p>
<p>
                    Estimated speed loss after launch: 17 km/h
                </p>
<p>
</p>
<p>
<strong>RPK-10 fixed loop radio compass for navigation with radio beacons</strong>
</p>
<p>
                    Additional mass: 10 kg
                </p>
<p>
                    Estimated speed loss: 0 km/h
                </p>
<p>
</p>
</div>
</div>
<p>
</p>
<p>
            Operation features:
        </p>
<p>
            - Engine has a two-stage mechanical supercharger which must be manually switched at 2000 m altitude.
        </p>
<p>
            - Engine mixture control is manual; it is necessary to lean the mixture if altitude is more than 3-4 km for optimal engine operation. Also, leaning the mixture allows a reduction in fuel consumption during flight.
        </p>
<p>
            - Engine RPM has an automatic governor and it is maintained at the required RPM corresponding to the governor control lever position. The governor automatically controls the propeller pitch to maintain the required RPM.
        </p>
<p>
            - Water and oil radiator shutters are controlled manually.
        </p>
<p>
            - Airplane has only the pitch flight-control trimmer.
        </p>
<p>
            - Landing flaps have a pneumatic actuator. Flaps can only be fully extended; gradual extending is impossible. Due to the weak force of the actuator the extended landing flaps may be pressed upwards by the airflow if the airspeed is more than 250 km/h. Remember that the flaps will not extend fully in case of high speed. In case of a high-speed landing approach the flaps may extend a few steps further right before landing.
        </p>
<p>
            - Airplane has a manual control for the tailwheel lock. The unlocked tailwheel has a 90° turn limit. The tailwheel should be locked when taxiing straight for a long distance and before takeoff and landing.
        </p>
<p>
            - Airplane has differential pneumatic wheel brakes with shared control lever. This means that if the brake lever is held and the rudder pedal the opposite wheel brake is gradually released causing the plane to swing to one side or the other.
        </p>
<p>
            - Fuel gauges are installed on left and right wing fuel tanks, outside of the cockpit. They show remaining fuel level only when there is less than 130 liters of fuel left in the tank.
        </p>
<p>
            - It is impossible to open or close the canopy at high speed due to strong airflow. The canopy has no emergency release, so bail out requires the speed drop before it.
        </p>
<p>
            - The control system for the wing-mounted bomb racks only allows releasing of both bombs together.
        </p>
<p>
</p>
</div>
<div class="ipsSpoiler_contents">
<p>
</p>
<p>
<strong>2 x 50 kg General Purpose Bombs FAB-50sv</strong>
</p>
<p>
                    Additional mass: 120 kg
                </p>
<p>
                    Ammunition mass: 100 kg
                </p>
<p>
                    Racks mass: 20 kg
                </p>
<p>
                    Estimated speed loss before drop: 20 km/h
                </p>
<p>
                    Estimated speed loss after drop: 12 km/h
                </p>
<p>
</p>
<p>
<strong>2 x 104 kg General Purpose Bombs FAB-100M</strong>
</p>
<p>
                    Additional mass: 228 kg
                </p>
<p>
                    Ammunition mass: 208 kg
                </p>
<p>
                    Racks mass: 20 kg
                </p>
<p>
                    Estimated speed loss before drop: 27 km/h
                </p>
<p>
                    Estimated speed loss after drop: 12 km/h
                </p>
<p>
</p>
<p>
<strong>2 x 82mm High Explosive unguided rockets ROS-82</strong>
</p>
<p>
                    Additional mass: 60 kg
                </p>
<p>
                    Ammunition mass: 42 kg
                </p>
<p>
                    Racks mass: 18 kg
                </p>
<p>
                    Estimated speed loss before launch: 8 km/h
                </p>
<p>
                    Estimated speed loss after launch: 6 km/h
                </p>
<p>
</p>
<p>
<strong>6 x 82mm High Explosive unguided rockets ROS-82</strong>
</p>
<p>
                    Additional mass: 60 kg
                </p>
<p>
                    Ammunition mass: 42 kg
                </p>
<p>
                    Racks mass: 18 kg
                </p>
<p>
                    Estimated speed loss before launch: 23 km/h
                </p>
<p>
                    Estimated speed loss after launch: 17 km/h
                </p>
<p>
</p>
<p>
<strong>RPK-10 fixed loop radio compass for navigation with radio beacons</strong>
</p>
<p>
                    Additional mass: 10 kg
                </p>
<p>
                    Estimated speed loss: 0 km/h
                </p>
<p>
</p>
</div>
<div class="ipsSpoiler_contents">
<p>
</p>
<p>
            Indicated stall speed in flight configuration: 160..172 km/h
        </p>
<p>
            Indicated stall speed in takeoff/landing configuration: 140..151 km/h
        </p>
<p>
</p>
<p>
            Dive speed limit: 841 km/h
        </p>
<p>
            Maximum load factor: 13.0 G
        </p>
<p>
            Stall angle of attack in flight configuration: 18.3 °
        </p>
<p>
            Stall angle of attack in landing configuration: 16.3 °
        </p>
<p>
</p>
<p>
            Maximum true air speed at sea level, engine mode - Take-off: 539 km/h
        </p>
<p>
            Maximum true air speed at 2850 m, engine mode - Take-off: 600 km/h
        </p>
<p>
            Maximum true air speed at 4600 m, engine mode - Military: 596 km/h
        </p>
<p>
</p>
<p>
            Service ceiling: 9300 m
        </p>
<p>
            Climb rate at sea level: 16.7 m/s
        </p>
<p>
            Climb rate at 3000 m: 13.5 m/s
        </p>
<p>
            Climb rate at 6000 m: 7.2 m/s
        </p>
<p>
</p>
<p>
            Maximum performance turn at sea level: 21.5 s, at 270 km/h IAS.
        </p>
<p>
            Maximum performance turn at 3000 m: 30.3 s, at 270 km/h IAS.
        </p>
<p>
</p>
<p>
            Flight endurance at 3000 m: 1.6 h, at 350 km/h IAS.
        </p>
<p>
</p>
<p>
            Takeoff speed: 150..180 km/h
        </p>
<p>
            Glideslope speed: 180..210 km/h
        </p>
<p>
            Landing speed: 155..160 km/h
        </p>
<p>
            Landing angle: 17.0 °
        </p>
<p>
</p>
<p>
            Note 1: the data provided is for international standard atmosphere (ISA).
        </p>
<p>
            Note 2: flight performance ranges are given for possible aircraft mass ranges.
        </p>
<p>
            Note 3: maximum speeds, climb rates and turn times are given for standard aircraft mass.
        </p>
<p>
            Note 4: climb rates and turn times are given for Take-off power.
        </p>
<p>
</p>
<p>
            Engine:
        </p>
<p>
            Model: V-1710-63
        </p>
<p>
            Maximum power in War Emergency power mode at sea level: 1550 HP
        </p>
<p>
            Maximum power in Take-off mode at sea level: 1325 HP
        </p>
<p>
            Maximum power in Military mode at 12000 feet: 1150 HP
        </p>
<p>
            Maximum power in Nominal mode at 10800 feet: 1000 HP
        </p>
<p>
</p>
<p>
            Engine modes:
        </p>
<p>
            Nominal (unlimited time): 2600 RPM, 37.2 inch Hg
        </p>
<p>
            Military power (up to 15 minutes): 3000 RPM, 42 inch Hg
        </p>
<p>
            Take-off power (up to 5 minutes): 3000 RPM, 51 inch Hg
        </p>
<p>
            Maximum Possible power (up to 2 minutes): 3000 RPM, 60 inch Hg
        </p>
<p>
</p>
<p>
            Water rated temperature in engine output: 105..115 °C
        </p>
<p>
            Water maximum temperature in engine output: 125 °C
        </p>
<p>
            Oil rated temperature in engine intake: 70..85 °C
        </p>
<p>
            Oil maximum temperature in engine intake: 90 °C
        </p>
<p>
</p>
<p>
            Supercharger gear shift altitude: single gear
        </p>
<p>
</p>
<p>
            Empty weight: 2929 kg
        </p>
<p>
            Minimum weight (no ammo, 10% fuel): 3331 kg
        </p>
<p>
            Standart weight: 3508 kg
        </p>
<p>
            Maximum takeoff weight: 3868 kg
        </p>
<p>
            Fuel load: 326,9 kg / 454 l
        </p>
<p>
            Useful load: 939 kg
        </p>
<p>
</p>
<p>
            Forward-firing armament:
        </p>
<p>
            37 мм cannon "М4", 30 rounds, 150 rounds per minute, nose-mounted
        </p>
<p>
            2 x 12,7мм machine gun "M2.50", 200 rounds, 850 rounds per minute, synchronized
        </p>
<p>
            4 x 7,62мм machine gun "M2.30", 300 or 1000 rounds, 1350 rounds per minute, wing-mounted
        </p>
<p>
</p>
<p>
            Bombs:
        </p>
<p>
            104 kg general purpose bomb "FAB-100M"
        </p>
<p>
            254 kg general purpose bomb "FAB-250sv"
        </p>
<p>
</p>
<p>
            Length: 9.2 m
        </p>
<p>
            Wingspan: 10.4 m
        </p>
<p>
            Wing surface: 29.82 m^2
        </p>
<p>
</p>
<p>
            Combat debut: late 1942
        </p>
<p>
</p>
<p>
            Additional airplane configurations list:
        </p>
<p>
</p>
<div class="ipsSpoiler" data-ipsspoiler="">
<div class="ipsSpoiler_header">
</div>
<div class="ipsSpoiler_contents">
<p>
</p>
<p>
<strong>Special 37mm Gun Ammo Load</strong>
</p>
<p>
                    Additional loadout variant for M4 37mm gun: armour piercing (AP) (Lend-Leasing of this type of rounds was limited)
                </p>
<p>
</p>
<p>
<strong>1000 rounds per ammo load for wing-mounted .30 machine guns</strong>
</p>
<p>
                    Additional mass: 83 kg
                </p>
<p>
                    Estimated speed loss: 0 km/h
                </p>
<p>
</p>
<p>
<strong>Removal of 4 wing-mounted .30 cal machine guns and rear armour plate to reduce total weight</strong>
</p>
<p>
                    Removed mass: 192 kg
                </p>
<p>
                    Removed ammunition mass: 158 kg
                </p>
<p>
                    Removed guns mass: 20 kg
                </p>
<p>
                    Estimated speed gain: 3 km/h
                </p>
<p>
</p>
<p>
<strong>104 kg General Purpose Bomb FAB-100M</strong>
</p>
<p>
                    Additional mass: 114 kg
                </p>
<p>
                    Ammunition mass: 104 kg
                </p>
<p>
                    Rack mass: 10 kg
                </p>
<p>
                    Estimated speed loss before drop: 18 km/h
                </p>
<p>
                    Estimated speed loss after drop: 3 km/h
                </p>
<p>
</p>
<p>
<strong>254 kg General Purpose Bomb FAB-250tsk</strong>
</p>
<p>
                    Additional mass: 264 kg
                </p>
<p>
                    Ammunition mass: 254 kg
                </p>
<p>
                    Rack mass: 10 kg
                </p>
<p>
                    Estimated speed loss before drop: 19 km/h
                </p>
<p>
                    Estimated speed loss after drop: 7 km/h
                </p>
<p>
</p>
<p>
<strong>Bendix MN-28Y fixed loop radio compass for navigation with radio beacons</strong>
</p>
<p>
                    Additional mass: 20 kg
                </p>
<p>
                    Estimated speed loss: 2 km/h
                </p>
<p>
</p>
</div>
</div>
<p>
</p>
<p>
            Operation features:
        </p>
<p>
            - There is War Emergency power mode. To engage it, move the throttle to max forward position and set the mxiture control to Full Rich (move it 90% forward to engage the Take-Off mode).
        </p>
<p>
            - Engine has a single stage mechanical supercharger which does not require manual control.
        </p>
<p>
            - Engine is equipped with an automatic fuel mixture control which maintains optimal mixture if mixture lever is set to Auto Rich (66%) position. To use automatic mixture leaning to reduce fuel consumption during flight it is necessary to set mixture lever to Auto Lean (33%) position. To stop the engine mixture lever should be set to the Cut Off (0%) position. Full Rich positon is used during take-off, in case of emergency or automatic mixture system malfunction.
        </p>
<p>
            - Engine RPM has an automatic governor and it is maintained at the required RPM corresponding to the governor control lever position. The governor automatically controls the propeller pitch to maintain the required RPM. Also it is possible to turn off the governor and control propeller pitch manually.
        </p>
<p>
            - Water and oil temperatures are controlled manually by adjusting the outlet engine radiator shutters.
        </p>
<p>
            - Airplane has trimmers for all flight-controls: pitch, roll and yaw.
        </p>
<p>
            - Airplane has electrically-actuated landing flaps and they can be extended to any angle up to 43°.
        </p>
<p>
            - The nose gear orients by itself, doesn't have brakes and can't be controlled. Its maximum turn angle is 60° left or right.
        </p>
<p>
            - Airplane has independent left and right hydraulic wheel brake controls. To apply either brake push the upper part of the rudder pedal.
        </p>
<p>
            - Airplane is equipped with a parking brake system.
        </p>
<p>
            - Airplane has two fuel gauges which shows the level in each group of fuel tank.
        </p>
<p>
            - Although there are two cockpit doors equipped with window lifters, usually only the right one is used. They can't be opened during flight, but can be jettisoned to bail out.
        </p>
<p>
            - Airplane is equipped with mechanical releasing system for a single bomb.
        </p>
<p>
            - The gunsight has a sliding sun-filter. There is also a back-up mechanical sight which can be used if main sight is damaged.
        </p>
<p>
</p>
</div>
<div class="ipsSpoiler_contents">
<p>
</p>
<p>
<strong>Special 37mm Gun Ammo Load</strong>
</p>
<p>
                    Additional loadout variant for M4 37mm gun: armour piercing (AP) (Lend-Leasing of this type of rounds was limited)
                </p>
<p>
</p>
<p>
<strong>1000 rounds per ammo load for wing-mounted .30 machine guns</strong>
</p>
<p>
                    Additional mass: 83 kg
                </p>
<p>
                    Estimated speed loss: 0 km/h
                </p>
<p>
</p>
<p>
<strong>Removal of 4 wing-mounted .30 cal machine guns and rear armour plate to reduce total weight</strong>
</p>
<p>
                    Removed mass: 192 kg
                </p>
<p>
                    Removed ammunition mass: 158 kg
                </p>
<p>
                    Removed guns mass: 20 kg
                </p>
<p>
                    Estimated speed gain: 3 km/h
                </p>
<p>
</p>
<p>
<strong>104 kg General Purpose Bomb FAB-100M</strong>
</p>
<p>
                    Additional mass: 114 kg
                </p>
<p>
                    Ammunition mass: 104 kg
                </p>
<p>
                    Rack mass: 10 kg
                </p>
<p>
                    Estimated speed loss before drop: 18 km/h
                </p>
<p>
                    Estimated speed loss after drop: 3 km/h
                </p>
<p>
</p>
<p>
<strong>254 kg General Purpose Bomb FAB-250tsk</strong>
</p>
<p>
                    Additional mass: 264 kg
                </p>
<p>
                    Ammunition mass: 254 kg
                </p>
<p>
                    Rack mass: 10 kg
                </p>
<p>
                    Estimated speed loss before drop: 19 km/h
                </p>
<p>
                    Estimated speed loss after drop: 7 km/h
                </p>
<p>
</p>
<p>
<strong>Bendix MN-28Y fixed loop radio compass for navigation with radio beacons</strong>
</p>
<p>
                    Additional mass: 20 kg
                </p>
<p>
                    Estimated speed loss: 2 km/h
                </p>
<p>
</p>
</div>
<div class="ipsSpoiler_contents">
<p>
</p>
<p>
            Indicated stall speed in flight configuration: 144..159 km/h
        </p>
<p>
            Indicated stall speed in takeoff/landing configuration: 135..152 km/h
        </p>
<p>
            Dive speed limit: 570 km/h
        </p>
<p>
            Maximum load factor: 10.5 G
        </p>
<p>
            Stall angle of attack in flight configuration: 19.4 °
        </p>
<p>
            Stall angle of attack in landing configuration: 17.5 °
        </p>
<p>
</p>
<p>
            Maximum true air speed at sea level, engine mode - Boosted: 407 km/h
        </p>
<p>
            Maximum true air speed at sea level, engine mode - Nominal: 389 km/h
        </p>
<p>
            Maximum true air speed at 1200 m, engine mode - Nominal: 400 km/h
        </p>
<p>
</p>
<p>
            Service ceiling: 5600 m
        </p>
<p>
            Climb rate at sea level: 7.5 m/s
        </p>
<p>
            Climb rate at 3000 m: 4.2 m/s
        </p>
<p>
</p>
<p>
            Maximum performance turn at sea level: 26.6 s, at 250 km/h IAS.
        </p>
<p>
            Maximum performance turn at 3000 m: 39.3 s, at 250 km/h IAS.
        </p>
<p>
</p>
<p>
            Flight endurance at 3000 m: 1.4 h, at 300 km/h IAS.
        </p>
<p>
</p>
<p>
            Takeoff speed: 160..200 km/h
        </p>
<p>
            Glideslope speed: 195..205 km/h
        </p>
<p>
            Landing speed: 145..155 km/h
        </p>
<p>
            Landing angle: 11.7 °
        </p>
<p>
</p>
<p>
            Note 1: the data provided is for international standard atmosphere (ISA).
        </p>
<p>
            Note 2: flight performance ranges are given for possible aircraft mass ranges.
        </p>
<p>
            Note 3: maximum speeds, climb rates and turn times are given for standard aircraft mass.
        </p>
<p>
            Note 4: climb rates are given for Nominal power, turn times are given for Boosted power.
        </p>
<p>
</p>
<p>
            Engine:
        </p>
<p>
            Model: AM-38F
        </p>
<p>
            Maximum power in Boosted mode at sea level: 1720 HP
        </p>
<p>
            Maximum power in Nominal mode at sea level: 1500 HP
        </p>
<p>
            Maximum power in Nominal mode at 750 m: 1500 HP
        </p>
<p>
</p>
<p>
            Engine modes:
        </p>
<p>
            Nominal (unlimited time): 2050 RPM, 1200 mm Hg
        </p>
<p>
            Boosted power (up to 5 minutes): 2350 RPM, 1360 mm Hg
        </p>
<p>
</p>
<p>
            Water rated temperature in engine output: 80..110 °C
        </p>
<p>
            Water maximum temperature in engine output: 120 °C
        </p>
<p>
            Oil rated temperature in engine intake: 40..80 °C
        </p>
<p>
            Oil maximum temperature in engine intake: 85 °C
        </p>
<p>
            Oil rated temperature in engine output: 115 °C
        </p>
<p>
            Oil maximum temperature in engine output: 120 °C
        </p>
<p>
</p>
<p>
            Supercharger gear shift altitude: single gear
        </p>
<p>
</p>
<p>
            Empty weight: 4715 kg
        </p>
<p>
            Minimum weight (no ammo, 10% fuel): 5014 kg
        </p>
<p>
            Standard weight: 5681 kg
        </p>
<p>
            Maximum takeoff weight: 6375 kg
        </p>
<p>
            Fuel load: 535 kg / 730 l
        </p>
<p>
            Useful load: 1660 kg
        </p>
<p>
</p>
<p>
            Forward-firing armament:
        </p>
<p>
            2 x 20mm gun "SsVAK", 250 rounds, 800 rounds per minute, wing-mounted
        </p>
<p>
            2 x 7.62mm machine gun "ShKAS", 750 rounds, 1800 rounds per minute, wing-mounted
        </p>
<p>
            2 x 23mm gun "VYa-23", 150 rounds, 600 rounds per minute, wing-mounted (modification)
        </p>
<p>
            2 x 37mm gun "NS-37", 50 rounds, 250 rounds per minute, wing-mounted (modification)
        </p>
<p>
</p>
<p>
            Defensive armament:
        </p>
<p>
            Backward: 12.7 mm machine gun "UBT", 150 rounds, 1000 rounds per minute (modification)
        </p>
<p>
</p>
<p>
            Bombs:
        </p>
<p>
            Up to 240 x 1.5 kg HEAT bomblets "PTAB-2,5-1,5"
        </p>
<p>
            Up to 6 x 50 kg general purpose bombs "FAB-50sv"
        </p>
<p>
            Up to 6 x 104 kg general purpose bombs "FAB-100M"
        </p>
<p>
            2 x 254 kg general purpose bombs "FAB-250sv"
        </p>
<p>
</p>
<p>
            Rockets:
        </p>
<p>
            4 x 7 kg rockets "ROS-82", HE payload mass 2.5 kg
        </p>
<p>
            4 x 15 kg rockets "RBS-82", HEAT payload mass 7.2 kg
        </p>
<p>
            4 x 42 kg rockets "ROFS-132", HE payload mass 21.3 kg
        </p>
<p>
</p>
<p>
            Length: 11.5 m
        </p>
<p>
            Wingspan: 14.6 m
        </p>
<p>
            Wing surface: 38.5 m^2
        </p>
<p>
</p>
<p>
            Combat debut: early 1943
        </p>
<p>
</p>
<p>
            Additional airplane configurations list:
        </p>
<p>
</p>
<div class="ipsSpoiler" data-ipsspoiler="">
<div class="ipsSpoiler_header">
</div>
<div class="ipsSpoiler_contents">
<p>
</p>
<p>
<strong>2 VYa-23 23mm wing-mounted guns with 150 rounds per each</strong>
</p>
<p>
                    Additional mass: 91 kg
                </p>
<p>
                    Ammunition mass: 170 kg
                </p>
<p>
                    Guns mass: 132 kg
                </p>
<p>
                    Estimated speed loss: 1 km/h
                </p>
<p>
</p>
<p>
<strong>Two NS-37 37mm gun pods with 50 rounds per each</strong>
</p>
<p>
                    Additional mass: 260 kg
                </p>
<p>
                    Ammunition mass: 90 kg
                </p>
<p>
                    Guns mass: 340 kg
                </p>
<p>
                    Estimated speed loss: 15 km/h
                </p>
<p>
</p>
<p>
<strong>2 x 254 kg General Purpose Bombs FAB-250sv</strong>
</p>
<p>
                    Additional mass: 538 kg
                </p>
<p>
                    Ammunition mass: 508 kg
                </p>
<p>
                    Racks mass: 30 kg
                </p>
<p>
                    Estimated speed loss before drop: 18 km/h
                </p>
<p>
                    Estimated speed loss after drop: 7 km/h
                </p>
<p>
</p>
<p>
<strong>4 x 82mm Armour Piercing unguided rockets RBS-82 or 4 x 132mm High Explosive unguided rockets ROFS-132</strong>
</p>
<p>
                    RBS-82:
                </p>
<p>
                    Additional mass: 72 kg
                </p>
<p>
                    Ammunition mass: 60 kg
                </p>
<p>
                    Racks mass: 24 kg
                </p>
<p>
                    Estimated speed loss before launch: 5 km/h
                </p>
<p>
                    Estimated speed loss after launch: 4 km/h
                </p>
<p>
                    ROFS-132:
                </p>
<p>
                    Additional mass: 188 kg
                </p>
<p>
                    Ammunition mass: 168 kg
                </p>
<p>
                    Racks mass: 20 kg
                </p>
<p>
                    Estimated speed loss before launch: 9 km/h
                </p>
<p>
                    Estimated speed loss after launch: 5 km/h
                </p>
<p>
</p>
<p>
<strong>192(240) x 1.5 kg HEAT (anti-tank) bomblets PTAB-2.5-1.5</strong>
</p>
<p>
                    Additional mass: 308(380) kg
                </p>
<p>
                    Ammunition mass: 288(360) kg
                </p>
<p>
                    Racks mass: 20 kg
                </p>
<p>
                    Estimated speed loss before drop: 5 km/h
                </p>
<p>
                    Estimated speed loss after drop: 0 km/h
                </p>
<p>
</p>
</div>
</div>
<p>
</p>
<p>
            Operation features:
        </p>
<p>
            - Engine has a boost mode which is engaged by setting mixture control lever to maximum position.
        </p>
<p>
            - Engine has a single stage mechanical supercharger which does not require manual control.
        </p>
<p>
            - Engine mixture control is automatic when the mixture lever is set to the intermediate (50%) position. It is possible to manually lean the mixture by moving the control lever to less than 50%. This will lower fuel consumption during flight.
        </p>
<p>
            - Engine RPM has an automatic governor and it is maintained at the required RPM corresponding to the governor control lever position. The governor automatically controls the propeller pitch to maintain the required RPM.
        </p>
<p>
            - Water and oil radiator shutter control is manual. Airplane has armored oil radiator shutters which should be closed at the beginning of ground attack to reduce a possibility of combat damage. After finishing the attack, it is necessary to re-open the shutters to the required position.
        </p>
<p>
            - Airplane has only the pitch flight-control trimmer.
        </p>
<p>
            - Landing flaps have a pneumatic actuator. Flaps can be extended fully or to takeoff position - 17°, gradual extending is impossible. Due to the weak force of the actuator the extended landing flaps may be pressed upwards by the airflow if the airspeed is more than 220 km/h. Remember that the flaps will not extend fully in case of high speed. In case of a high-speed landing approach the flaps may extend a few steps further right before the landing which will cause the aircraft to shoot upwards.
        </p>
<p>
            - Airplane has a manual tail wheel lock. Wheel should be locked when taxiing straight for a long distance and before takeoff and landing.
        </p>
<p>
            - Airplane has differential pneumatic wheel brakes with shared control lever. This means that if the brake lever is held and the rudder pedal the opposite wheel brake is gradually released causing the plane to swing to one side or the other.
        </p>
<p>
            - Airplane has a fuel gauge which shows the amount of remaining fuel in the front or bottom fuel tank depending on switch position. In game the fuel indicator switch changes by itself during horizontal flight by every 10 seconds. Rear fuel tank level is not indicated.
        </p>
<p>
            - Cockpit canopy weight is 50 kg and it has no lock in the open position, for this reason the canopy may to spontaneously close in a deep dive. Also, it is impossible to open or close canopy at high speed due to strong airflow. The canopy has no emergency release, so bail out requires the speed drop before it.
        </p>
<p>
            - Airplane is equipped with a joint salvo controller both for bombs and rockets, it has three release/fire modes: single launch, launch two in a salvo or launch four in a salvo.
        </p>
<p>
            - The mechanical gun sight "Visier Vladimirova" allows aiming rockets and guns at ground and air targets and horizontal bombing at certain speeds and altitudes.
        </p>
<p>
</p>
</div>
<div class="ipsSpoiler_contents">
<p>
</p>
<p>
<strong>2 VYa-23 23mm wing-mounted guns with 150 rounds per each</strong>
</p>
<p>
                    Additional mass: 91 kg
                </p>
<p>
                    Ammunition mass: 170 kg
                </p>
<p>
                    Guns mass: 132 kg
                </p>
<p>
                    Estimated speed loss: 1 km/h
                </p>
<p>
</p>
<p>
<strong>Two NS-37 37mm gun pods with 50 rounds per each</strong>
</p>
<p>
                    Additional mass: 260 kg
                </p>
<p>
                    Ammunition mass: 90 kg
                </p>
<p>
                    Guns mass: 340 kg
                </p>
<p>
                    Estimated speed loss: 15 km/h
                </p>
<p>
</p>
<p>
<strong>2 x 254 kg General Purpose Bombs FAB-250sv</strong>
</p>
<p>
                    Additional mass: 538 kg
                </p>
<p>
                    Ammunition mass: 508 kg
                </p>
<p>
                    Racks mass: 30 kg
                </p>
<p>
                    Estimated speed loss before drop: 18 km/h
                </p>
<p>
                    Estimated speed loss after drop: 7 km/h
                </p>
<p>
</p>
<p>
<strong>4 x 82mm Armour Piercing unguided rockets RBS-82 or 4 x 132mm High Explosive unguided rockets ROFS-132</strong>
</p>
<p>
                    RBS-82:
                </p>
<p>
                    Additional mass: 72 kg
                </p>
<p>
                    Ammunition mass: 60 kg
                </p>
<p>
                    Racks mass: 24 kg
                </p>
<p>
                    Estimated speed loss before launch: 5 km/h
                </p>
<p>
                    Estimated speed loss after launch: 4 km/h
                </p>
<p>
                    ROFS-132:
                </p>
<p>
                    Additional mass: 188 kg
                </p>
<p>
                    Ammunition mass: 168 kg
                </p>
<p>
                    Racks mass: 20 kg
                </p>
<p>
                    Estimated speed loss before launch: 9 km/h
                </p>
<p>
                    Estimated speed loss after launch: 5 km/h
                </p>
<p>
</p>
<p>
<strong>192(240) x 1.5 kg HEAT (anti-tank) bomblets PTAB-2.5-1.5</strong>
</p>
<p>
                    Additional mass: 308(380) kg
                </p>
<p>
                    Ammunition mass: 288(360) kg
                </p>
<p>
                    Racks mass: 20 kg
                </p>
<p>
                    Estimated speed loss before drop: 5 km/h
                </p>
<p>
                    Estimated speed loss after drop: 0 km/h
                </p>
<p>
</p>
</div>
<div class="ipsSpoiler_contents">
<p>
</p>
<p>
            Indicated stall speed in flight configuration: 161..193 km/h (100..120 mph)
        </p>
<p>
            Indicated stall speed in takeoff/landing configuration: 139..166 km/h (86..103 mph)
        </p>
<p>
</p>
<p>
            Dive speed limit: 665 km/h (412 mph)
        </p>
<p>
            Maximum load factor: 6.5 G
        </p>
<p>
            Stall angle of attack in flight configuration: 19.1 °
        </p>
<p>
            Stall angle of attack in landing configuration: 17.1 °
        </p>
<p>
</p>
<p>
            Maximum true air speed at sea level, engine mode - Combat: 505 km/h (314 mph)
        </p>
<p>
            Maximum true air speed at 1000 m, engine mode - Combat: 524 km/h (326 mph)
        </p>
<p>
            Maximum true air speed at 5000 m, engine mode - Combat: 544 km/h (338 mph)
        </p>
<p>
</p>
<p>
            Maximum true air speed at sea level, engine mode - Nominal: 467 km/h (290 mph)
        </p>
<p>
            Maximum true air speed at 2000 m, engine mode - Nominal: 500 km/h (311 mph)
        </p>
<p>
            Maximum true air speed at 5000 m, engine mode - Nominal: 525 km/h (326 mph)
        </p>
<p>
</p>
<p>
            Service ceiling: 8700 m (28540 ft)
        </p>
<p>
            Climb rate at sea level: 10.0 m/s (1969 ft/min)
        </p>
<p>
            Climb rate at 3000 m: 8.2 m/s (1614 ft/min)
        </p>
<p>
            Climb rate at 6000 m: 5.0 m/s (984 ft/min)
        </p>
<p>
</p>
<p>
            Maximum performance turn at sea level: 24.5 s, at 270 km/h IAS.
        </p>
<p>
            Maximum performance turn at 3000 m: 34.1 s, at 270 km/h IAS.
        </p>
<p>
</p>
<p>
            Flight endurance at 3000 m: 3.4 h, at 350 km/h IAS. Engine mode - Cruise, 1st supercharger stage
        </p>
<p>
</p>
<p>
            Takeoff speed: 170..195 km/h (105..120 mph)
        </p>
<p>
            Glideslope speed: 185..225 km/h (115..140 mph)
        </p>
<p>
            Landing speed: 150..170 km/h (95..105 mph)
        </p>
<p>
            Landing angle: 3.4 °
        </p>
<p>
</p>
<p>
            Note 1: the data provided is for international standard atmosphere (ISA).
        </p>
<p>
            Note 2: flight performance ranges are given for possible aircraft mass ranges.
        </p>
<p>
            Note 3: maximum speeds, climb rates and turn times are given for aircraft mass with 8 FAB-100 bombs.
        </p>
<p>
            Note 4: climb rates and turn times are given for Nominal power.
        </p>
<p>
</p>
<p>
            Engine:
        </p>
<p>
            Model: Wright R-2600-11
        </p>
<p>
            Maximum power in Cruise mode at 5500 ft: 810 HP
        </p>
<p>
            Maximum power in Cruise mode at 12000 ft: 765 HP
        </p>
<p>
            Maximum power in Nominal mode at 5500 ft: 1350 HP
        </p>
<p>
            Maximum power in Nominal mode at 12000 ft: 1275 HP
        </p>
<p>
            Maximum power in Combat mode at sea level: 1600 HP
        </p>
<p>
            Maximum power in Combat mode at 11500 ft: 1400 HP
        </p>
<p>
</p>
<p>
            Engine modes:
        </p>
<p>
            (boost value is listed for 1st and 2nd supercharger gears)
        </p>
<p>
            Cruise (unlimited time): 1705 RPM, 27,5 / 30,0 inch Hg, mixture "Auto Lean"
        </p>
<p>
            Nominal (unlimited time): 2300 RPM, 36,0 / 40,0 inch Hg, mixture "Auto Rich"
        </p>
<p>
            Combat (5 min limit): 2400 RPM, 43,0 / 41,0 inch Hg, mixture "Auto Rich"
        </p>
<p>
</p>
<p>
            Oil rated temperature in engine output: 80..95 °C
        </p>
<p>
            Oil maximum temperature in engine output: 105 °C
        </p>
<p>
            Cylinder head rated temperature: 140..240 °C
        </p>
<p>
            Cylinder head maximum temperature: 260 °C
        </p>
<p>
</p>
<p>
            Supercharger gear shift altitude: 2900 m (9500 ft)
        </p>
<p>
</p>
<p>
            Empty weight: 6781 kg
        </p>
<p>
            Minimum weight (no ammo, 10% fuel): 7359 kg
        </p>
<p>
            Standard weight: 8366 kg
        </p>
<p>
            Maximum takeoff weight: 10466 kg
        </p>
<p>
            Fuel load: 1057 kg / 1468 l / 388 gal
        </p>
<p>
            Useful load: 3665 kg
        </p>
<p>
</p>
<p>
            Forward-firing armament:
        </p>
<p>
            12.7mm machine gun ANM2 .50, 200 rounds, 850 rounds per minute, nose-mounted
        </p>
<p>
</p>
<p>
            Defensive armament:
        </p>
<p>
            Top: 12.7mm machine gun ANM2 .50, 390 rounds, 850 rounds per minute
        </p>
<p>
            Belly: 7.92mm machine gun ANM2 .30, 600 rounds, 1150 rounds per minute
        </p>
<p>
</p>
<p>
            Bombs:
        </p>
<p>
            Up to 20 x 104 kg general purpose bombs FAB-100M
        </p>
<p>
            Up to 4 x 254 kg general purpose bombs FAB-250ck
        </p>
<p>
</p>
<p>
            Length: 14.54 m
        </p>
<p>
            Wingspan: 18.69 m
        </p>
<p>
            Wing surface: 43.18 m^2
        </p>
<p>
</p>
<p>
            Combat debut: spring 1942
        </p>
<p>
</p>
<p>
            Additional airplane configurations list:
        </p>
<p>
</p>
<div class="ipsSpoiler" data-ipsspoiler="">
<div class="ipsSpoiler_header">
</div>
<div class="ipsSpoiler_contents">
<p>
</p>
<p>
<strong>20 x 104 kg General Purpose Bombs FAB-100M</strong>
</p>
<p>
                    Additional mass: 2080 kg
                </p>
<p>
                    Ammunition mass: 2080 kg
                </p>
<p>
                    Estimated speed loss before drop: 39 km/h
                </p>
<p>
                    Estimated speed loss after drop: 16 km/h
                </p>
<p>
</p>
<p>
<strong>4 x 254 kg General Purpose Bombs FAB-250tsk</strong>
</p>
<p>
                    Additional mass: 1016 kg
                </p>
<p>
                    Ammunition mass: 1016 kg
                </p>
<p>
                    Estimated speed loss before drop: 39 km/h
                </p>
<p>
                    Estimated speed loss after drop: 16 km/h
                </p>
<p>
</p>
<p>
<strong>Bendix MN-28Y fixed loop radio compass for navigation with radio beacons</strong>
</p>
<p>
                    Additional mass: 20 kg
                </p>
<p>
                    Estimated speed loss: 0 km/h
                </p>
<p>
</p>
</div>
</div>
<p>
</p>
<p>
            Operation features:
        </p>
<p>
            - Engine has no manifold pressure automatic governor. For this reason, manifold pressure not only depends on throttle position, but also from RPM and altitude. This requires additional checking of manifold pressure to not cause engine damage.
        </p>
<p>
            - Engine is equipped with an automatic fuel mixture control which maintains optimal mixture if mixture lever is set to Auto Rich (66%) position. To use automatic mixture leaning to reduce fuel consumption during flight it is necessary to set mixture lever to Auto Lean (33%) position. In the case of mulfunction of the automatic mixture control the mixture lever should be set to Full Rich (100%) position. To stop the engine mixture lever should be set to the Cut Off (0%) position.
        </p>
<p>
            - Engine RPM has an automatic governor and it is maintained at the required RPM corresponding to the governor control lever position. The governor automatically controls the propeller pitch to maintain the required RPM.
        </p>
<p>
            - Oil radiators shutters are joint with engine cowl outlet shutters and manually operated.
        </p>
<p>
            - Airplane has trimmers for all flight-controls: pitch, roll and yaw.
        </p>
<p>
            - Landing flaps have a hydraulic actuator and they can be extended to any angle up to 50°.
        </p>
<p>
            - Airplane has independent left and right hydraulic wheel brake controls. To apply either brake push the upper part of the rudder pedal.
        </p>
<p>
            - Airplane is equipped with a parking brake system.
        </p>
<p>
            - Airplane is equipped with a siren that warns a pilot if the throttle is set to low position with landing gear retracted.
        </p>
<p>
            - Airplane is equipped with upper formation lights.
        </p>
<p>
            - Engine has a two-stage mechanical supercharger which must be manually switched at 2900m (9500 ft) altitude.
        </p>
<p>
            - Airplane have a fuel gauge which shows remaining fuel in left and right fuel tanks depending on switch position. In game the fuel indicator switch changes by itself during horizontal flight by every 15 seconds.
        </p>
<p>
            - The aircraft is equipped with an electromechanical safety system that blocks the hydraulic landing gear actuator while the aircraft is on the ground.
        </p>
<p>
            - The nose gear orients by itself, doesn't have brakes and can't be controlled.
        </p>
<p>
            - It is forbidden to open the upper cowl flaps during flight, so they should be closed before taking off.
        </p>
<p>
            - The upper cowl flaps are controlled simultaneously using a shared hydraulic actuator.
        </p>
<p>
            - There are white and red signal lamps in the tail: the white one is lit while bomb doors are open and the red one lights up for 5 seconds when bombs are released.
        </p>
<p>
            - The upper cockpit door can't be opened during flight, but there is an emergency jettison handle.
        </p>
<p>
            - Airplane is equipped with a bomb salvo controller that has four release modes: drop single, drop two in a salvo, drop four in a salvo or drop all bombs in salvo. There is also a controller for a drop delay between each bomb in the salvo.
        </p>
<p>
</p>
</div>
<div class="ipsSpoiler_contents">
<p>
</p>
<p>
<strong>20 x 104 kg General Purpose Bombs FAB-100M</strong>
</p>
<p>
                    Additional mass: 2080 kg
                </p>
<p>
                    Ammunition mass: 2080 kg
                </p>
<p>
                    Estimated speed loss before drop: 39 km/h
                </p>
<p>
                    Estimated speed loss after drop: 16 km/h
                </p>
<p>
</p>
<p>
<strong>4 x 254 kg General Purpose Bombs FAB-250tsk</strong>
</p>
<p>
                    Additional mass: 1016 kg
                </p>
<p>
                    Ammunition mass: 1016 kg
                </p>
<p>
                    Estimated speed loss before drop: 39 km/h
                </p>
<p>
                    Estimated speed loss after drop: 16 km/h
                </p>
<p>
</p>
<p>
<strong>Bendix MN-28Y fixed loop radio compass for navigation with radio beacons</strong>
</p>
<p>
                    Additional mass: 20 kg
                </p>
<p>
                    Estimated speed loss: 0 km/h
                </p>
<p>
</p>
</div>
<div class="ipsSpoiler_contents">
<p>
</p>
<p>
            Indicated stall speed in flight configuration: 165..175 km/h
        </p>
<p>
            Indicated stall speed in takeoff/landing configuration: 154..167 km/h
        </p>
<p>
            Dive speed limit: 850 km/h
        </p>
<p>
            Maximum load factor: 10.5 G
        </p>
<p>
            Stall angle of attack in flight configuration: 19.8 °
        </p>
<p>
            Stall angle of attack in landing configuration: 17 °
        </p>
<p>
</p>
<p>
            Maximum true air speed at sea level, engine mode - Emergency: 540 km/h
        </p>
<p>
            Maximum true air speed at sea level, engine mode - Combat: 517 km/h
        </p>
<p>
            Maximum true air speed at 2000 m, engine mode - Combat: 564 km/h
        </p>
<p>
            Maximum true air speed at 7000 m, engine mode - Combat: 640 km/h
        </p>
<p>
</p>
<p>
            Service ceiling: 11800 m
        </p>
<p>
            Climb rate at sea level: 20.1 m/s
        </p>
<p>
            Climb rate at 3000 m: 18.9 m/s
        </p>
<p>
            Climb rate at 6000 m: 15.4 m/s
        </p>
<p>
</p>
<p>
            Maximum performance turn at sea level: 21.2 s, at 270 km/h IAS.
        </p>
<p>
            Maximum performance turn at 3000 m: 27.2 s, at 270 km/h IAS.
        </p>
<p>
</p>
<p>
            Flight endurance at 3000 m: 2.4 h, at 350 km/h IAS.
        </p>
<p>
</p>
<p>
            Takeoff speed: 155..180 km/h
        </p>
<p>
            Glideslope speed: 195..205 km/h
        </p>
<p>
            Landing speed: 150..155 km/h
        </p>
<p>
            Landing angle: 13.7 °
        </p>
<p>
</p>
<p>
            Note 1: the data provided is for international standard atmosphere (ISA).
        </p>
<p>
            Note 2: flight performance ranges are given for possible aircraft mass ranges.
        </p>
<p>
            Note 3: maximum speeds, climb rates and turn times are given for standard aircraft mass.
        </p>
<p>
            Note 4: climb rates and turn times are given for Combat power.
        </p>
<p>
</p>
<p>
            Engine:
        </p>
<p>
            Model: DB-605A
        </p>
<p>
            Maximum power in Emergency mode at sea level: 1480 HP
        </p>
<p>
            Maximum power in Emergency mode at 5600 m: 1360 HP
        </p>
<p>
            Maximum power in Combat mode at sea level: 1310 HP
        </p>
<p>
            Maximum power in Combat mode at 5800 m: 1250 HP
        </p>
<p>
</p>
<p>
            Engine modes:
        </p>
<p>
            Nominal (unlimited time): 2300 RPM, 1.15 ata
        </p>
<p>
            Combat power (up to 30 minutes): 2600 RPM, 1.3 ata
        </p>
<p>
            Emergency power (up to 1 minute): 2800 RPM, 1.42 ata
        </p>
<p>
</p>
<p>
            Water rated temperature in engine output: 100..102 °C
        </p>
<p>
            Water maximum temperature in engine output: 115 °C
        </p>
<p>
            Oil rated temperature in engine intake: 70..80 °C
        </p>
<p>
            Oil maximum temperature in engine intake: 85 °C
        </p>
<p>
</p>
<p>
            Supercharger gear shift altitude: fluid coupling
        </p>
<p>
</p>
<p>
            Empty weight: 2506 kg
        </p>
<p>
            Minimum weight (no ammo, 10% fuel): 2669 kg
        </p>
<p>
            Standard weight: 3014 kg
        </p>
<p>
            Maximum takeoff weight: 3303 kg
        </p>
<p>
            Fuel load: 304 kg / 400 l
        </p>
<p>
            Useful load: 797 kg
        </p>
<p>
</p>
<p>
            Forward-firing armament:
        </p>
<p>
            20mm gun "MG 151/20", 200 rounds, 700 rounds per minute, nose-mounted
        </p>
<p>
            2 x 7.92mm machine gun "MG 17", 500 rounds, 1200 rounds per minute, synchronized
        </p>
<p>
            2 x 20mm gun "MG 151/20", 135 rounds, 700 rounds per minute, wing-mounted (modification)
        </p>
<p>
</p>
<p>
            Bombs:
        </p>
<p>
            Up to 4 x 55 kg general purpose bombs "SC 50"
        </p>
<p>
            249 kg general purpose bomb "SC 250"
        </p>
<p>
</p>
<p>
            Length: 8.94 m
        </p>
<p>
            Wingspan: 9.97 m
        </p>
<p>
            Wing surface: 16.1 m^2
        </p>
<p>
</p>
<p>
            Combat debut: spring 1943
        </p>
<p>
</p>
<p>
            Additional airplane configurations list:
        </p>
<p>
</p>
<div class="ipsSpoiler" data-ipsspoiler="">
<div class="ipsSpoiler_header">
</div>
<div class="ipsSpoiler_contents">
<p>
</p>
<p>
<strong>MG 151/20 20mm guns in wing-mounted gun pods with 135 rounds per each</strong>
</p>
<p>
                    Additional mass: 212 kg
                </p>
<p>
                    Ammunition mass: 55 kg
                </p>
<p>
                    Guns mass: 157 kg
                </p>
<p>
                    Estimated speed loss: 12 km/h
                </p>
<p>
</p>
<p>
<strong>4 x 55 kg General Purpose Bombs SC 50</strong>
</p>
<p>
                    Additional mass: 260 kg
                </p>
<p>
                    Ammunition mass: 220 kg
                </p>
<p>
                    Racks mass: 40 kg
                </p>
<p>
                    Estimated speed loss before drop: 51 km/h
                </p>
<p>
                    Estimated speed loss after drop: 11 km/h
                </p>
<p>
</p>
<p>
<strong>249 kg General Purpose Bomb SC 250</strong>
</p>
<p>
                    Additional mass: 279 kg
                </p>
<p>
                    Ammunition mass: 249 kg
                </p>
<p>
                    Racks mass: 30 kg
                </p>
<p>
                    Estimated speed loss before drop: 31 km/h
                </p>
<p>
                    Estimated speed loss after drop: 10 km/h
                </p>
<p>
</p>
<p>
<strong>Alternative pilot protection: armoured transparent triplex head rest for better visibility</strong>
</p>
<p>
                    Additional mass: 10 kg
                </p>
<p>
                    Estimated speed loss: 0 km/h
                </p>
<p>
</p>
<p>
<strong>Removed pilot armoured headrest for improved field of view</strong>
</p>
<p>
                    Weight savings: 8 kg
                </p>
<p>
                    Estimated speed loss: 0 km/h
                </p>
<p>
</p>
</div>
</div>
<p>
</p>
<p>
            Operation features:
        </p>
<p>
            - Airplane has a wide automatization of the engine systems, in fact, to control speed it is only necessary to use the throttle lever. There is no need to manually set engine revolutions and mixture or supercharger gear in normal flight.
        </p>
<p>
            - In addition to full-automatic mode there is a special manual control mode for the radiator shutters, which can be used in specific situations.
        </p>
<p>
            - To reduce swinging during taxiing due to prop-wash the propeller pitch control should be switched to manual mode and pitch should be reduced to minimum.
        </p>
<p>
            - Airplane has no flight-control trimmers. Airplane is equipped with bendable trim tabs that can be set pre-flight by ground personnel.
        </p>
<p>
            - Airplane has a manually controlled horizontal stabilizer. It should be set to +1° before takeoff and to -4°...-5° before landing. Also, it may be used to trim the flight stick during the flight. In a deep dive the stabilizer should be set so that the pilot must push the flight stick forward to maintain the dive angle.
        </p>
<p>
            - Airplane has automatic wing slats. They deploy when the high angle of attack increases which makes pre-stall softer.
        </p>
<p>
            - Airplane has a manual mechanical system for retracting the landing flaps, for this reason it is necessary to extend landing flaps well before final approach. Markers on the left-wing flap indicate how far the flaps are extended. The flaps can be extended to any angle up to 40°.
        </p>
<p>
            - Airplane has a manual tail wheel lock. Wheel should be locked when taxiing straight for a long distance and before takeoff and landing.
        </p>
<p>
            - Airplane has independent left and right hydraulic wheel brake controls. To apply either brake push the upper part of the rudder pedal.
        </p>
<p>
            - Airplane has a fuel gauge which shows total fuel remaining. Also, it has an emergency fuel warning light (80 liters).
        </p>
<p>
            - The design of the cockpit canopy does not allow it to be opened during flight. The canopy should be closed before takeoff to prevent damage. The canopy has an emergency release system for bailouts.
        </p>
<p>
            - The control system for the bomb rack only allows to drop bombs one by one.
        </p>
<p>
            - The gunsight has a sliding sun-filter.
        </p>
<p>
</p>
</div>
<div class="ipsSpoiler_contents">
<p>
</p>
<p>
<strong>MG 151/20 20mm guns in wing-mounted gun pods with 135 rounds per each</strong>
</p>
<p>
                    Additional mass: 212 kg
                </p>
<p>
                    Ammunition mass: 55 kg
                </p>
<p>
                    Guns mass: 157 kg
                </p>
<p>
                    Estimated speed loss: 12 km/h
                </p>
<p>
</p>
<p>
<strong>4 x 55 kg General Purpose Bombs SC 50</strong>
</p>
<p>
                    Additional mass: 260 kg
                </p>
<p>
                    Ammunition mass: 220 kg
                </p>
<p>
                    Racks mass: 40 kg
                </p>
<p>
                    Estimated speed loss before drop: 51 km/h
                </p>
<p>
                    Estimated speed loss after drop: 11 km/h
                </p>
<p>
</p>
<p>
<strong>249 kg General Purpose Bomb SC 250</strong>
</p>
<p>
                    Additional mass: 279 kg
                </p>
<p>
                    Ammunition mass: 249 kg
                </p>
<p>
                    Racks mass: 30 kg
                </p>
<p>
                    Estimated speed loss before drop: 31 km/h
                </p>
<p>
                    Estimated speed loss after drop: 10 km/h
                </p>
<p>
</p>
<p>
<strong>Alternative pilot protection: armoured transparent triplex head rest for better visibility</strong>
</p>
<p>
                    Additional mass: 10 kg
                </p>
<p>
                    Estimated speed loss: 0 km/h
                </p>
<p>
</p>
<p>
<strong>Removed pilot armoured headrest for improved field of view</strong>
</p>
<p>
                    Weight savings: 8 kg
                </p>
<p>
                    Estimated speed loss: 0 km/h
                </p>
<p>
</p>
</div>
<div class="ipsSpoiler_contents">
<p>
</p>
<p>
            Indicated stall speed in flight configuration: 169..195 km/h
        </p>
<p>
            Indicated stall speed in takeoff/landing configuration: 160..175 km/h
        </p>
<p>
            Dive speed limit: 850 km/h
        </p>
<p>
            Maximum load factor: 11 G
        </p>
<p>
            Stall angle of attack in flight configuration: 19.5°
        </p>
<p>
            Stall angle of attack in landing configuration: 18.1°
        </p>
<p>
</p>
<p>
            Maximum true air speed at sea level, engine mode - Emergency: 558 km/h
        </p>
<p>
            Maximum true air speed at 3000 m, engine mode - Emergency: 578 km/h
        </p>
<p>
            Maximum true air speed at 6400 m, engine mode - Emergency: 658 km/h
        </p>
<p>
</p>
<p>
            Maximum true air speed at sea level, engine mode - Combat: 533 km/h
        </p>
<p>
            Maximum true air speed at 3000 m, engine mode - Combat: 558 km/h
        </p>
<p>
            Maximum true air speed at 6000 m, engine mode - Combat: 622 km/h
        </p>
<p>
</p>
<p>
            Service ceiling: 10600 m
        </p>
<p>
            Climb rate at sea level: 15.4 m/s
        </p>
<p>
            Climb rate at 3000 m: 11.9 m/s
        </p>
<p>
            Climb rate at 6000 m: 9.7 m/s
        </p>
<p>
</p>
<p>
            Maximum performance turn at sea level: 23.5 s, at 280 km/h IAS.
        </p>
<p>
            Maximum performance turn at 3000 m: 35.5 s, at 280 km/h IAS.
        </p>
<p>
</p>
<p>
            Flight endurance at 3000 m: 3.0 h, at 350 km/h IAS.
        </p>
<p>
</p>
<p>
            Takeoff speed: 170..210 km/h
        </p>
<p>
            Glideslope speed: 205..215 km/h
        </p>
<p>
            Landing speed: 160..170 km/h
        </p>
<p>
            Landing angle: 12.5°
        </p>
<p>
</p>
<p>
            Note 1: the data provided is for international standard atmosphere (ISA).
        </p>
<p>
            Note 2: flight performance ranges are given for possible aircraft mass ranges.
        </p>
<p>
            Note 3: maximum speeds, climb rates and turn times are given for standard aircraft mass.
        </p>
<p>
            Note 4: climb rates are given for Combat power, turn times are given for Emergency power.
        </p>
<p>
</p>
<p>
            Engine:
        </p>
<p>
            Model: BMW-801D
        </p>
<p>
            Maximum power in Emergency mode at sea level: 1700 HP
        </p>
<p>
            Maximum power in Emergency mode at 5700 m: 1440 HP
        </p>
<p>
            Maximum power in Combat mode at 700 m: 1520 HP
        </p>
<p>
            Maximum power in Combat mode at 5300 m: 1320 HP
        </p>
<p>
</p>
<p>
            Engine modes:
        </p>
<p>
            Nominal (unlimited time): 2300 RPM, 1.2 ata
        </p>
<p>
            Combat power (up to 30 minutes): 2400 RPM, 1.32 ata
        </p>
<p>
            Emergency power (up to 3 minutes): 2700 RPM, 1.42 ata
        </p>
<p>
</p>
<p>
            Oil rated temperature in engine intake: 60..70 °C
        </p>
<p>
            Oil maximum temperature in engine intake: 85 °C
        </p>
<p>
            Oil rated temperature in engine output: 105 °C
        </p>
<p>
            Oil maximum temperature in engine output: 120 °C
        </p>
<p>
            Cylinder head rated temperature: 180 °C
        </p>
<p>
            Cylinder head maximum temperature: 220 °C
        </p>
<p>
            Supercharger gear shift altitude: automatic
        </p>
<p>
</p>
<p>
            Empty weight: 3219 kg
        </p>
<p>
            Minimum weight (no ammo, 10% fuel): 3401 kg
        </p>
<p>
            Standard weight: 3926 kg
        </p>
<p>
            Maximum takeoff weight: 4648 kg
        </p>
<p>
            Fuel load: 409 kg / 524 l
        </p>
<p>
            Useful load: 1429 kg
        </p>
<p>
</p>
<p>
            Forward-firing armament:
        </p>
<p>
            2 x 20mm gun "MG 151/20", 250 rounds, 700 rounds per minute, synchronized
        </p>
<p>
            2 x 7.92mm machine gun "MG 17", 900 rounds, 1200 rounds per minute, synchronized
        </p>
<p>
            2 x 20mm gun "MG FF", 90 rounds, 540 rounds per minute, wing-mounted (modification)
        </p>
<p>
            4 x 20mm gun "MG 151/20", 500 rounds, 700 rounds per minute, wing-mounted (modification)
        </p>
<p>
</p>
<p>
            Bombs:
        </p>
<p>
            Up to 8 x 55 kg general purpose bombs "SC 50"
        </p>
<p>
            249 kg general purpose bomb "SC 250"
        </p>
<p>
            500 kg general purpose bomb "SC 500"
        </p>
<p>
</p>
<p>
            Length: 8.85 m
        </p>
<p>
            Wingspan: 10.51 m
        </p>
<p>
            Wing surface: 18.3 m^2
        </p>
<p>
</p>
<p>
            Combat debut: Spring of 1943
        </p>
<p>
</p>
<p>
            Additional airplane configurations list:
        </p>
<p>
</p>
<div class="ipsSpoiler" data-ipsspoiler="">
<div class="ipsSpoiler_header">
</div>
<div class="ipsSpoiler_contents">
<p>
</p>
<p>
<strong>MG 151/20 20mm guns in wing-mounted gun pods with 125 rounds per each</strong>
</p>
<p>
                    Additional mass: 247 kg
                </p>
<p>
                    Ammunition mass: 105 kg
                </p>
<p>
                    Guns mass: 142 kg
                </p>
<p>
                    Estimated speed loss: 39 km/h
                </p>
<p>
</p>
<p>
<strong>MG FF/M 20mm additional wing-mounted guns with 90 rounds per each</strong>
</p>
<p>
                    Additional mass: 131 kg
                </p>
<p>
                    Ammunition mass: 37 kg
                </p>
<p>
                    Guns mass: 94 kg
                </p>
<p>
                    Estimated speed loss: 6 km/h
                </p>
<p>
</p>
<p>
<strong>Fw 190 A5/U17 strike modification includes 1.65 ATA modified engine, additional fuselage bottom and engine armor and SC 50 underwing bomb holders</strong>
</p>
<p>
                    Additional mass: 218 kg
                </p>
<p>
                    Estimated speed loss: 14 km/h (with C3 system disengaged)
                </p>
<p>
</p>
<p>
<strong>4 x 55 kg General Purpose Bombs SC 50</strong>
</p>
<p>
                    Additional mass: 282 kg
                </p>
<p>
                    Ammunition mass: 222 kg
                </p>
<p>
                    Racks mass: 60 kg
                </p>
<p>
                    Estimated speed loss before drop: 83 km/h
                </p>
<p>
                    Estimated speed loss after drop: 39 km/h
                </p>
<p>
</p>
<p>
<strong>249 kg General Purpose Bomb SC 250</strong>
</p>
<p>
                    Additional mass: 279 kg
                </p>
<p>
                    Ammunition mass: 249 kg
                </p>
<p>
                    Racks mass: 30 kg
                </p>
<p>
                    Estimated speed loss before drop: 37 km/h
                </p>
<p>
                    Estimated speed loss after drop: 13 km/h
                </p>
<p>
</p>
<p>
<strong>500 kg General Purpose Bomb SC 500</strong>
</p>
<p>
                    Additional mass: 530 kg
                </p>
<p>
                    Ammunition mass: 500 kg
                </p>
<p>
                    Racks mass: 30 kg
                </p>
<p>
                    Estimated speed loss before drop: 41 km/h
                </p>
<p>
                    Estimated speed loss after drop: 13 km/h
                </p>
<p>
</p>
</div>
</div>
<p>
</p>
<p>
            Operation features:
        </p>
<p>
            - Airplane has a wide automatization of the engine systems, in fact, to control speed it is only necessary to use the throttle lever. There is no need to manually set engine revolutions and mixture or supercharger gear in normal flight. The engine supercharger has an automatic switch system which depends on altitude and engine revolutions.
        </p>
<p>
            - U17 strike modification includes C3 additional fuel injection system. When engaged, it increases pressure to 1.65 ATA (10 minutes time limit). This system can be turned on by engine boost command only at 100% throttle, with automatic propeller pitch control enabled and at altitudes lower than 1 km.
        </p>
<p>
            - Outlet cowl shutters are operated manually.
        </p>
<p>
            - To reduce swinging during taxiing due to prop-wash the propeller pitch control should be switched to manual mode and pitch should be reduced to minimum.
        </p>
<p>
            - When the angle of attack increases to critical levels the wing may stall suddenly and unexpectedly. There is almost no pre-stall buffet before the stalling. To avoid this the pilot must pay additional attention when performing extreme maneuvering.
        </p>
<p>
            - Airplane has no flight-control trimmers. Airplane is equipped with bendable trim tabs that can be set pre-flight by ground personnel.
        </p>
<p>
            - Airplane has a manually controlled horizontal stabilizer which is electrically-actuated. It should be set to +1.5° before takeoff and landing. Also, it may be used to trim the flight stick during the flight. In a deep dive the stabilizer should be set so that the pilot must push the flight stick forward to maintain the dive angle.
        </p>
<p>
            - Airplane has electrically-actuated landing flaps with three fixed positions: retracted, takeoff (13°) and landing (58°). Flaps control buttons and indicator lights are located on left panel near the throttle. The flap angle may also be checked by indicators on the left and right wing outside the cockpit.
        </p>
<p>
            - Airplane has a tail wheel lock system which locks the tail wheel if the flight-stick is pulled backward. The tailwheel should be locked when taxiing straight for a long distance, before takeoff and after touchdown upon landing.
        </p>
<p>
            - Airplane has independent left and right hydraulic wheel brake controls. To apply either brake push the upper part of the rudder pedal.
        </p>
<p>
            - Airplane has a fuel gauge which shows the amount of remaining fuel in the front or rear fuel tank depending on switch position. In game the fuel indicator switch changes by itself during horizontal flight by every 10 seconds. Also, the airplane has an emergency fuel warning light (100 liters).
        </p>
<p>
            - It is impossible to open or close the canopy at high speed due to strong airflow. The canopy has an emergency release system for bailouts.
        </p>
<p>
            - The control system for the bomb rack only allows for dropping bombs one by one.
        </p>
<p>
            - The gunsight has a sliding sun-filter.
        </p>
<p>
</p>
</div>
<div class="ipsSpoiler_contents">
<p>
</p>
<p>
<strong>MG 151/20 20mm guns in wing-mounted gun pods with 125 rounds per each</strong>
</p>
<p>
                    Additional mass: 247 kg
                </p>
<p>
                    Ammunition mass: 105 kg
                </p>
<p>
                    Guns mass: 142 kg
                </p>
<p>
                    Estimated speed loss: 39 km/h
                </p>
<p>
</p>
<p>
<strong>MG FF/M 20mm additional wing-mounted guns with 90 rounds per each</strong>
</p>
<p>
                    Additional mass: 131 kg
                </p>
<p>
                    Ammunition mass: 37 kg
                </p>
<p>
                    Guns mass: 94 kg
                </p>
<p>
                    Estimated speed loss: 6 km/h
                </p>
<p>
</p>
<p>
<strong>Fw 190 A5/U17 strike modification includes 1.65 ATA modified engine, additional fuselage bottom and engine armor and SC 50 underwing bomb holders</strong>
</p>
<p>
                    Additional mass: 218 kg
                </p>
<p>
                    Estimated speed loss: 14 km/h (with C3 system disengaged)
                </p>
<p>
</p>
<p>
<strong>4 x 55 kg General Purpose Bombs SC 50</strong>
</p>
<p>
                    Additional mass: 282 kg
                </p>
<p>
                    Ammunition mass: 222 kg
                </p>
<p>
                    Racks mass: 60 kg
                </p>
<p>
                    Estimated speed loss before drop: 83 km/h
                </p>
<p>
                    Estimated speed loss after drop: 39 km/h
                </p>
<p>
</p>
<p>
<strong>249 kg General Purpose Bomb SC 250</strong>
</p>
<p>
                    Additional mass: 279 kg
                </p>
<p>
                    Ammunition mass: 249 kg
                </p>
<p>
                    Racks mass: 30 kg
                </p>
<p>
                    Estimated speed loss before drop: 37 km/h
                </p>
<p>
                    Estimated speed loss after drop: 13 km/h
                </p>
<p>
</p>
<p>
<strong>500 kg General Purpose Bomb SC 500</strong>
</p>
<p>
                    Additional mass: 530 kg
                </p>
<p>
                    Ammunition mass: 500 kg
                </p>
<p>
                    Racks mass: 30 kg
                </p>
<p>
                    Estimated speed loss before drop: 41 km/h
                </p>
<p>
                    Estimated speed loss after drop: 13 km/h
                </p>
<p>
</p>
</div>
<div class="ipsSpoiler_contents">
<p>
</p>
<p>
            Indicated stall speed in flight configuration: 160..190 km/h
        </p>
<p>
            Indicated stall speed in takeoff/landing configuration: 141..168 km/h
        </p>
<p>
            Dive speed limit: 740 km/h
        </p>
<p>
            Maximum load factor: 11 G
        </p>
<p>
            Stall angle of attack in flight configuration: 20.3 °
        </p>
<p>
            Stall angle of attack in landing configuration: 17.4 °
        </p>
<p>
</p>
<p>
            Maximum true air speed at sea level, engine mode - Combat: 489 km/h
        </p>
<p>
            Maximum true air speed at 2000 m, engine mode - Combat: 533 km/h
        </p>
<p>
            Maximum true air speed at 6500 m, engine mode - Combat: 581 km/h
        </p>
<p>
</p>
<p>
            Service ceiling: 10800 m
        </p>
<p>
            Climb rate at sea level: 15.6 m/s
        </p>
<p>
            Climb rate at 3000 m: 14.1 m/s
        </p>
<p>
            Climb rate at 6000 m: 10.7 m/s
        </p>
<p>
</p>
<p>
            Maximum performance turn at sea level: 23.5 s, at 270 km/h IAS.
        </p>
<p>
            Maximum performance turn at 3000 m: 31.2 s, at 270 km/h IAS.
        </p>
<p>
</p>
<p>
            Flight endurance at 3000 m: 4.0 h, at 300 km/h IAS.
        </p>
<p>
</p>
<p>
            Takeoff speed: 190..230 km/h
        </p>
<p>
            Glideslope speed: 210..230 km/h
        </p>
<p>
            Landing speed: 150..170 km/h
        </p>
<p>
            Landing angle: 10.7 °
        </p>
<p>
</p>
<p>
            Note 1: the data provided is for international standard atmosphere (ISA).
        </p>
<p>
            Note 2: flight performance ranges are given for possible aircraft mass ranges.
        </p>
<p>
            Note 3: maximum speeds, climb rates and turn times are given for standard aircraft mass.
        </p>
<p>
            Note 4: climb rates are given for Combat power, turn times are given for Emergency power.
        </p>
<p>
</p>
<p>
            Engine:
        </p>
<p>
            Model: DB-605B
        </p>
<p>
            Maximum power in Emergency mode at sea level: 1480 HP
        </p>
<p>
            Maximum power in Emergency mode at 5600 m: 1360 HP
        </p>
<p>
            Maximum power in Combat mode at sea level: 1310 HP
        </p>
<p>
            Maximum power in Combat mode at 5800 m: 1250 HP
        </p>
<p>
</p>
<p>
            Engine modes:
        </p>
<p>
            Nominal (unlimited time): 2300 RPM, 1.15 ata
        </p>
<p>
            Combat power (up to 30 minutes): 2600 RPM, 1.3 ata
        </p>
<p>
            Emergency power (up to 1 minute): 2800 RPM, 1.42 ata
        </p>
<p>
</p>
<p>
            Water rated temperature in engine output: 100..102 °C
        </p>
<p>
            Water maximum temperature in engine output: 115 °C
        </p>
<p>
            Oil rated temperature in engine intake: 70..80 °C
        </p>
<p>
            Oil maximum temperature in engine intake: 85 °C
        </p>
<p>
</p>
<p>
            Supercharger gear shift altitude: fluid coupling
        </p>
<p>
</p>
<p>
            Empty weight: 5905 kg
        </p>
<p>
            Minimum weight (no ammo, 10% fuel): 6335 kg
        </p>
<p>
            Standart weight: 7514 kg
        </p>
<p>
            Maximum takeoff weight: 8928 kg
        </p>
<p>
            Fuel load: 1003 kg / 1270 l
        </p>
<p>
            Useful load: 3023 kg
        </p>
<p>
</p>
<p>
            Forward-firing armament:
        </p>
<p>
            4 x 7.92mm machine gun "MG 17", 1000 rounds, 1200 rounds per minute, nose-mounted
        </p>
<p>
            20mm gun "MG 151/20", 400 rounds, 700 rounds per minute, nose-mounted left
        </p>
<p>
            20mm gun "MG 151/20", 350 rounds, 700 rounds per minute, nose-mounted right
        </p>
<p>
            2 х 20mm gun "MG 151/20", 200 rounds, 700 rounds per minute, nose-mounted (modification)
        </p>
<p>
            37mm gun "BK37", 66 rounds, 160 rounds per minute, nose-mounted (modification)
        </p>
<p>
</p>
<p>
            Defensive armament:
        </p>
<p>
            Backward: 2 x 7.92mm machine guns "MG 81", 750 rounds, 1600 rounds per minute
        </p>
<p>
</p>
<p>
            Bombs:
        </p>
<p>
            Up to 12 x 55 kg general purpose bombs "SC 50"
        </p>
<p>
            Up to 2 x 249 kg general purpose bombs "SC 250"
        </p>
<p>
            Up to 2 x 500 kg general purpose bombs "SC 500"
        </p>
<p>
            1090 kg general purpose bomb "SC 1000"
        </p>
<p>
</p>
<p>
            Length: 12.1 m
        </p>
<p>
            Wingspan: 16.3 m
        </p>
<p>
            Wing surface: 38.4 m^2
        </p>
<p>
</p>
<p>
            Combat debut: Autumn 1942
        </p>
<p>
</p>
<p>
            Additional airplane configurations list:
        </p>
<p>
</p>
<div class="ipsSpoiler" data-ipsspoiler="">
<div class="ipsSpoiler_header">
</div>
<div class="ipsSpoiler_contents">
<p>
</p>
<p>
<strong>Removed pilot armoured headrest for improved field of view</strong>
</p>
<p>
                    Removed mass: 8 kg
                </p>
<p>
                    Estimated speed gain: 0 km/h
                </p>
<p>
</p>
<p>
<strong>12 x 55 kg General Purpose Bombs SC 50</strong>
</p>
<p>
                    Additional mass: 820 kg
                </p>
<p>
                    Ammunition mass: 660 kg
                </p>
<p>
                    Racks mass: 160 kg
                </p>
<p>
                    Estimated speed loss before drop: 80 km/h
                </p>
<p>
                    Estimated speed loss after drop: 38 km/h
                </p>
<p>
</p>
<p>
<strong>2 x 500 kg General Purpose Bomb SC 500</strong>
</p>
<p>
                    Additional mass: 1025 kg
                </p>
<p>
                    Ammunition mass: 1000 kg
                </p>
<p>
                    Racks mass: 50 kg
                </p>
<p>
                    Estimated speed loss before drop: 35 km/h
                </p>
<p>
                    Estimated speed loss after drop: 5 km/h
                </p>
<p>
</p>
<p>
<strong>1090 kg General Purpose Bomb SC 1000</strong>
</p>
<p>
                    Additional mass: 1140 kg
                </p>
<p>
                    Ammunition mass: 1090 kg
                </p>
<p>
                    Racks mass: 50 kg
                </p>
<p>
                    Estimated speed loss before drop: 33 km/h
                </p>
<p>
                    Estimated speed loss after drop: 5 km/h
                </p>
<p>
</p>
<p>
<strong>Two MG 151/20 20mm guns in fuselage mounted gun pod with 200 rounds per each</strong>
</p>
<p>
                    Additional mass: 274 kg
                </p>
<p>
                    Ammunition mass: 84 kg
                </p>
<p>
                    Guns mass: 190 kg
                </p>
<p>
                    Estimated speed loss: 40 km/h
                </p>
<p>
</p>
<p>
<strong>37mm 3.7cm BK autocannon gun pod with 66 rounds (11 clips with 6 rounds in each)</strong>
</p>
<p>
                    Additional mass: 251 kg
                </p>
<p>
                    Ammunition mass: 95 kg
                </p>
<p>
                    Guns mass: 419 kg
                </p>
<p>
                    Estimated speed loss: 54 km/h
                </p>
<p>
</p>
</div>
</div>
<p>
</p>
<p>
            Operation features:
        </p>
<p>
            - Airplane has a wide automatization of the engine systems, in fact, to control speed it is only necessary to use the throttle lever. There is no need to manually set engine revolutions and mixture or supercharger gear in normal flight.
        </p>
<p>
            - Water and oil radiator shutters are controlled manually. The oil radiator control has five fixed positions. The water radiator control has nine fixed positions.
        </p>
<p>
            - Propellers have a feathering system which should be activated in case of engine damage to reduce drag of the propeller in auto-rotation.
        </p>
<p>
            - To reduce swinging during taxiing due to prop-wash it is necessary to use asymmetrical engines thrust. It is recommended to give the left engine 20% more power. Also, the propeller pitch control should be switched to manual mode and pitch should be reduced to minimum.
        </p>
<p>
            - Airplane has only pitch and yaw flight-control trimmers.
        </p>
<p>
            - Airplane has automatic wing slats. They deploy when the high angle of attack increases which makes pre-stall softer.
        </p>
<p>
            - Landing flaps have a hydraulic actuator and they can be extended to any angle up to 50°.
        </p>
<p>
            - Airplane has an automatically controlled horizontal stabilizer. An automatic control system adjusts the stabilizer angle depending on the extended angle of the landing flaps.
        </p>
<p>
            - Airplane tail wheel rotates freely and does not have a lock. For this reason, it is necessary to confidently and accurately operate the rudder pedals during the takeoff and landing.
        </p>
<p>
            - Airplane has independent left and right hydraulic wheel brake controls. To apply either brake push the upper part of the rudder pedal.
        </p>
<p>
            - Airplane has a fuel gauge which shows the remaining fuel in one of four fuel tanks depending on the switch position. In the game the fuel indicator switch changes by itself during horizontal flight by every 10 seconds. Also, the airplane has a low fuel warning light (50 liters) for each tank.
        </p>
<p>
            - The design of the cockpit canopy does not allow it to be opened during flight. The canopy should be closed before takeoff to prevent damage. The canopy has an emergency release system for bailouts.
        </p>
<p>
            - Airplane is equipped with an automatic bomb salvo controller, it allows you to choose which bomb-racks to be released (central belly, left and right wing) and to switch the bomb salvo (single release or release all bombs).
        </p>
<p>
            - Reloading of BK37 gun is performed by the rear gunner at the pilot`s command.
        </p>
<p>
            - The gunsight has a sliding sun-filter.
        </p>
<p>
</p>
</div>
<div class="ipsSpoiler_contents">
<p>
</p>
<p>
<strong>Removed pilot armoured headrest for improved field of view</strong>
</p>
<p>
                    Removed mass: 8 kg
                </p>
<p>
                    Estimated speed gain: 0 km/h
                </p>
<p>
</p>
<p>
<strong>12 x 55 kg General Purpose Bombs SC 50</strong>
</p>
<p>
                    Additional mass: 820 kg
                </p>
<p>
                    Ammunition mass: 660 kg
                </p>
<p>
                    Racks mass: 160 kg
                </p>
<p>
                    Estimated speed loss before drop: 80 km/h
                </p>
<p>
                    Estimated speed loss after drop: 38 km/h
                </p>
<p>
</p>
<p>
<strong>2 x 500 kg General Purpose Bomb SC 500</strong>
</p>
<p>
                    Additional mass: 1025 kg
                </p>
<p>
                    Ammunition mass: 1000 kg
                </p>
<p>
                    Racks mass: 50 kg
                </p>
<p>
                    Estimated speed loss before drop: 35 km/h
                </p>
<p>
                    Estimated speed loss after drop: 5 km/h
                </p>
<p>
</p>
<p>
<strong>1090 kg General Purpose Bomb SC 1000</strong>
</p>
<p>
                    Additional mass: 1140 kg
                </p>
<p>
                    Ammunition mass: 1090 kg
                </p>
<p>
                    Racks mass: 50 kg
                </p>
<p>
                    Estimated speed loss before drop: 33 km/h
                </p>
<p>
                    Estimated speed loss after drop: 5 km/h
                </p>
<p>
</p>
<p>
<strong>Two MG 151/20 20mm guns in fuselage mounted gun pod with 200 rounds per each</strong>
</p>
<p>
                    Additional mass: 274 kg
                </p>
<p>
                    Ammunition mass: 84 kg
                </p>
<p>
                    Guns mass: 190 kg
                </p>
<p>
                    Estimated speed loss: 40 km/h
                </p>
<p>
</p>
<p>
<strong>37mm 3.7cm BK autocannon gun pod with 66 rounds (11 clips with 6 rounds in each)</strong>
</p>
<p>
                    Additional mass: 251 kg
                </p>
<p>
                    Ammunition mass: 95 kg
                </p>
<p>
                    Guns mass: 419 kg
                </p>
<p>
                    Estimated speed loss: 54 km/h
                </p>
<p>
</p>
</div>
<div class="ipsSpoiler_contents">
<p>
</p>
<p>
            Indicated stall speed in flight configuration: 150..194 km/h
        </p>
<p>
            Indicated stall speed in takeoff/landing configuration: 123..156 km/h
        </p>
<p>
            Dive speed limit: 560 km/h
        </p>
<p>
            Maximum load factor: 4.5 G
        </p>
<p>
            Stall angle of attack in flight configuration: 20 °
        </p>
<p>
            Stall angle of attack in landing configuration: 17 °
        </p>
<p>
</p>
<p>
            Maximum true air speed at sea level, engine mode - Climb: 370 km/h
        </p>
<p>
            Maximum true air speed at 2000 m, engine mode - Climb: 399 km/h
        </p>
<p>
            Maximum true air speed at 5000 m, engine mode - Climb: 410 km/h
        </p>
<p>
</p>
<p>
            Service ceiling: 6850 m
        </p>
<p>
            Climb rate at sea level: 5.3 m/s
        </p>
<p>
            Climb rate at 3000 m: 4.1 m/s
        </p>
<p>
            Climb rate at 6000 m: 2.3 m/s
        </p>
<p>
</p>
<p>
            Maximum performance turn at sea level: 30.8 s, at 250 km/h IAS.
        </p>
<p>
            Maximum performance turn at 3000 m: 45.2 s, at 250 km/h IAS.
        </p>
<p>
</p>
<p>
            Flight endurance at 3000 m: 6.7 h, at 300 km/h IAS.
        </p>
<p>
</p>
<p>
            Takeoff speed: 170..210 km/h
        </p>
<p>
            Glideslope speed: 180..200 km/h
        </p>
<p>
            Landing speed: 125..150 km/h
        </p>
<p>
            Landing angle: 9 °
        </p>
<p>
</p>
<p>
            Note 1: the data provided is for international standard atmosphere (ISA).
        </p>
<p>
            Note 2: flight performance ranges are given for possible aircraft mass ranges.
        </p>
<p>
            Note 3: maximum speeds, climb rates and turn times are given for standard aircraft mass.
        </p>
<p>
            Note 4: climb rates are given for Climb power, turn times are given for Take-off power.
        </p>
<p>
</p>
<p>
            Engine:
        </p>
<p>
            Model: Jumo-211F
        </p>
<p>
            Maximum power in Take-off mode at sea level: 1340 HP
        </p>
<p>
            Maximum power in Climb mode at sea level: 1120 HP
        </p>
<p>
            Maximum power in Climb mode at 1900 m: 1210 HP
        </p>
<p>
            Maximum power in Climb mode at 5300 m: 1060 HP
        </p>
<p>
</p>
<p>
            Engine modes:
        </p>
<p>
            Nominal (unlimited time): 2250 RPM, 1.15 ata
        </p>
<p>
            Climb power (up to 30 minutes): 2400 RPM, 1.25 ata
        </p>
<p>
            Take-off power (up to 1 minute): 2600 RPM, 1.40 ata
        </p>
<p>
</p>
<p>
            Water rated temperature in engine output: 80 °C
        </p>
<p>
            Water maximum temperature in engine output: 110 °C
        </p>
<p>
            Oil rated temperature in engine output: 90 °C
        </p>
<p>
            Oil maximum temperature in engine output: 105 °C
        </p>
<p>
</p>
<p>
            Supercharger gear shift altitude: automatic
        </p>
<p>
</p>
<p>
            Empty weight: 8698 kg
        </p>
<p>
            Minimum weight (no ammo, 10% fuel): 9831 kg
        </p>
<p>
            Standard weight: 13017 kg
        </p>
<p>
            Maximum takeoff weight: 15689 kg
        </p>
<p>
            Fuel load: 2553 kg / 3450 l
        </p>
<p>
            Useful load: 6991 kg
        </p>
<p>
</p>
<p>
            Defensive armament:
        </p>
<p>
            Nose: 20mm gun "MG FF", 240 rounds, 540 rounds per minute
        </p>
<p>
            Top: 13mm machine gun "MG 131", 1000 rounds, 900 rounds per minute
        </p>
<p>
            Belly-backward: 2 x 7.92mm machine guns "MG 81", 850 rounds, 1600 rounds per minute
        </p>
<p>
            Left: 7.92mm machine gun "MG 81", 500 rounds, 1600 rounds per minute
        </p>
<p>
            Right: 7.92mm machine gun "MG 81", 500 rounds, 1600 rounds per minute
        </p>
<p>
</p>
<p>
            Bombs:
        </p>
<p>
            Up to 16 x 55 kg general purpose bombs "SC 50"
        </p>
<p>
            Up to 4 x 249 kg general purpose bombs "SC 250"
        </p>
<p>
            Up to 2 x 500 kg general purpose bombs "SC 500"
        </p>
<p>
            Up to 2 x 1090 kg general purpose bombs "SC 1000"
        </p>
<p>
            Up to 2 x 1780 kg general purpose bombs "SC 1800"
        </p>
<p>
            2400 kg general purpose bomb "SC 2500"
        </p>
<p>
</p>
<p>
            Length: 16.38 m
        </p>
<p>
            Wingspan: 22.5 m
        </p>
<p>
            Wing surface: 79.5 m^2
        </p>
<p>
</p>
<p>
            Combat debut: Winter of 1943
        </p>
<p>
</p>
<p>
            Additional airplane configurations list:
        </p>
<p>
</p>
<div class="ipsSpoiler" data-ipsspoiler="">
<div class="ipsSpoiler_header">
</div>
<div class="ipsSpoiler_contents">
<p>
</p>
<p>
<strong>2 x 1090 kg General Purpose Bomb SC 1000</strong>
</p>
<p>
                    Additional mass: 2180 kg
                </p>
<p>
                    Ammunition mass: 2180 kg
                </p>
<p>
                    Estimated speed loss before drop: 23 km/h
                </p>
<p>
                    Estimated speed loss after drop: 0 km/h
                </p>
<p>
</p>
<p>
<strong>2 x 1780 kg General Purpose Bomb SC 1800</strong>
</p>
<p>
                    Additional mass: 3560 kg
                </p>
<p>
                    Ammunition mass: 3560 kg
                </p>
<p>
                    Estimated speed loss before drop: 32 km/h
                </p>
<p>
                    Estimated speed loss after drop: 0 km/h
                </p>
<p>
</p>
<p>
<strong>2400 kg General Purpose Bomb SC 2500</strong>
</p>
<p>
                    Additional mass: 2400 kg
                </p>
<p>
                    Ammunition mass: 2400 kg
                </p>
<p>
                    Estimated speed loss before drop: 17 km/h
                </p>
<p>
                    Estimated speed loss after drop: 0 km/h
                </p>
<p>
</p>
</div>
</div>
<p>
</p>
<p>
            Operation features:
        </p>
<p>
            - Each engine has a two-stage mechanical supercharger with an automatic switch system that switches gears depending altitude and engine revolutions. It can also be manually switched to first gear.
        </p>
<p>
            - Engine mixture control is automatic.
        </p>
<p>
            - Engine RPM has an automatic governor and it is maintained at the required RPM corresponding to the governor control lever position. The governor automatically controls the propeller pitch to maintain the required RPM.
        </p>
<p>
            - Propellers have a feathering system which should be activated in case of engine damage to reduce drag of the propeller in auto-rotation.
        </p>
<p>
            - Water and oil radiator shutter controls are manual. The oil radiator control has five fixed positions.
        </p>
<p>
            - Airplane has trimmers for all flight-controls: pitch, roll and yaw.
        </p>
<p>
            - Landing flaps have a hydraulic actuator and they can be extended to any angle up to 60°.
        </p>
<p>
            - Airplane tail wheel rotates freely and does not have a lock. For this reason, it is necessary to confidently and accurately operate the rudder pedals during the takeoff and landing.
        </p>
<p>
            - Airplane has independent left and right hydraulic wheel brake controls. To apply either brake push the upper part of the rudder pedal.
        </p>
<p>
            - Airplane has dedicated fuel gauges for left and right fuel tank groups and there is a switch between the internal and external fuel tank group indicator. In game the fuel indicator switch changes by itself during horizontal flight every 10 seconds. Also, the airplane has low fuel warning lights (200 liters) for left and right fuel tank groups.
        </p>
<p>
            - Airplane is equipped with an automatic bomb salvo controller, it allows you to switch between the bomb racks to be released (internal or external) and to switch between different salvo quantities. There is also a controller for a drop delay between each bomb in the salvo.
        </p>
<p>
</p>
</div>
<div class="ipsSpoiler_contents">
<p>
</p>
<p>
<strong>2 x 1090 kg General Purpose Bomb SC 1000</strong>
</p>
<p>
                    Additional mass: 2180 kg
                </p>
<p>
                    Ammunition mass: 2180 kg
                </p>
<p>
                    Estimated speed loss before drop: 23 km/h
                </p>
<p>
                    Estimated speed loss after drop: 0 km/h
                </p>
<p>
</p>
<p>
<strong>2 x 1780 kg General Purpose Bomb SC 1800</strong>
</p>
<p>
                    Additional mass: 3560 kg
                </p>
<p>
                    Ammunition mass: 3560 kg
                </p>
<p>
                    Estimated speed loss before drop: 32 km/h
                </p>
<p>
                    Estimated speed loss after drop: 0 km/h
                </p>
<p>
</p>
<p>
<strong>2400 kg General Purpose Bomb SC 2500</strong>
</p>
<p>
                    Additional mass: 2400 kg
                </p>
<p>
                    Ammunition mass: 2400 kg
                </p>
<p>
                    Estimated speed loss before drop: 17 km/h
                </p>
<p>
                    Estimated speed loss after drop: 0 km/h
                </p>
<p>
</p>
</div>
<div class="ipsSpoiler_contents">
<p>
</p>
<p>
            Indicated stall speed in flight configuration: 143...163 km/h<br/>
            Indicated stall speed in takeoff/landing configuration: 135...154 km/h
        </p>
<p>
<br/>
            Dive speed limit: 725 km/h<br/>
            Maximum load factor: 12.5 G<br/>
            Stall angle of attack in flight configuration: 18.8 °<br/>
            Stall angle of attack in landing configuration: 16.0 °
        </p>
<p>
<br/>
            Merlin 66 engine:
        </p>
<p>
<br/>
            Maximum true air speed at sea level, 3000 RPM, boost +18: 542 km/h<br/>
            Maximum true air speed at 3350 m, 3000 RPM, boost +18: 610 km/h<br/>
            Maximum true air speed at 6850 m, 3000 RPM, boost +18: 664 km/h
        </p>
<p>
<br/>
            Service ceiling: 12500 m<br/>
            Climb rate at sea level: 21.5 m/s<br/>
            Climb rate at 3000 m: 18.6 m/s<br/>
            Climb rate at 6000 m: 15.5 m/s
        </p>
<p>
<br/>
            Maximum performance turn at sea level: 17.7 s, at 270 km/h IAS.<br/>
            Maximum performance turn at 3000 m: 20.5 s, at 260 km/h IAS.
        </p>
<p>
<br/>
            Merlin 70 engine:
        </p>
<p>
<br/>
            Maximum true air speed at sea level, 3000 RPM, boost +18: 532 km/h<br/>
            Maximum true air speed at 4900 m, 3000 RPM, boost +18: 634 km/h<br/>
            Maximum true air speed at 8500 m, 3000 RPM, boost +18: 677 km/h
        </p>
<p>
<br/>
            Service ceiling: 13000 m<br/>
            Climb rate at sea level: 18.5 m/s<br/>
            Climb rate at 3000 m: 17.5 m/s<br/>
            Climb rate at 6000 m: 14.1 m/s
        </p>
<p>
<br/>
            Maximum performance turn at sea level: 17.8 s, at 270 km/h IAS.<br/>
            Maximum performance turn at 3000 m: 20.7 s, at 260 km/h IAS.
        </p>
<p>
<br/>
            Flight endurance at 3000 m: 1 h 40 m, at 350 km/h IAS.
        </p>
<p>
<br/>
            Takeoff speed: 185..195 km/h<br/>
            Glideslope speed: 165..185 km/h<br/>
            Landing speed: 150..155 km/h<br/>
            Landing angle: 12.5 °
        </p>
<p>
<br/>
            Note 1: the data provided is for international standard atmosphere (ISA).<br/>
            Note 2: flight performance ranges are given for possible aircraft mass ranges.<br/>
            Note 3: maximum speeds, climb rates and turn times are given for standard aircraft mass.<br/>
            Note 4: climb rates are given for 2850 RPM and boost +12, turn times are given for 3000 RPM and boost +18.
        </p>
<p>
<br/>
            Engine:<br/>
            Model: Merlin 66<br/>
            Maximum power in Take-off mode (3000 RPM, boost +12, low gear) at sea level: 1320 HP<br/>
            Maximum power in International power mode (2850 RPM, boost +12, low gear) at 9250 feet: 1400 HP<br/>
            Maximum power in International power mode (2850 RPM, boost +12, high gear) at 19000 feet: 1310 HP<br/>
            Maximum power in Emergency Max All Out mode (3000 RPM, boost +18, low gear) at 5750 feet: 1705 HP<br/>
            Maximum power in Emergency Max All Out mode (3000 RPM, boost +18, high gear) at 16000 feet: 1580 HP
        </p>
<p>
<br/>
            Model: Merlin 70<br/>
            Maximum power in Take-off mode (3000 RPM, boost +12, low gear) at sea level: 1250 HP<br/>
            Maximum power in International power mode (2850 RPM, boost +12, low gear) at 13500 feet: 1375 HP<br/>
            Maximum power in International power mode (2850 RPM, boost +12, high gear) at 25250 feet: 1255 HP<br/>
            Maximum power in Emergency Max All Out mode (3000 RPM, boost +18, low gear) at 10000 feet: 1655 HP<br/>
            Maximum power in Emergency Max All Out mode (3000 RPM, boost +18, high gear) at 22250 feet: 1475 HP
        </p>
<p>
<br/>
            Engine modes:<br/>
            Max Cruising power (unlimited time): 2650 RPM, boost +7<br/>
            International power (up to 1 hour): 2850 RPM, boost +12<br/>
            Emergency Max All Out power (up to 5 minutes): 3000 RPM, boost +18
        </p>
<p>
<br/>
            Water rated temperature in engine output: 105..115 °C<br/>
            Water maximum temperature in engine output: 135 °C<br/>
            Oil rated temperature in engine intake: 90 °C<br/>
            Oil maximum temperature in engine intake: 105 °C
        </p>
<p>
<br/>
            Supercharger gear shift altitude: automatic with possibility of manual switch to low gear
        </p>
<p>
<br/>
            Empty weight: 2530 kg<br/>
            Minimum weight (no ammo, 10% fuel): 2977 kg<br/>
            Standard weight: 3359 kg<br/>
            Fuel load: 274 kg / 386 l / 85 gallons<br/>
            Maximum useful load: 1302 kg
        </p>
<p>
<br/>
            Forward-firing armament:<br/>
            2 x 20mm gun "Hispano Mk.II", 120 rounds per gun, 650 rounds per minute, wing-mounted<br/>
            2 x 12.7mm machine gun "Browning .50", 250 rounds per gun, 850 rounds per minute, wing-mounted
        </p>
<p>
<br/>
            Bombs:<br/>
            2 x 250 lb general purpose bomb "250 lb. G.P."<br/>
            500 lb general purpose bomb "500 lb. G.P."
        </p>
<p>
<br/>
            Rockets:<br/>
            2 x 25 lb armour-piercing rocket "RP-3 A.P. 25 lb. mk.II"<br/>
            2 x 60 lb semi-armour-piercing rocket "RP-3 S.A.P. 60 lb. mk.II"
        </p>
<p>
<br/>
            Length: 9.65 m<br/>
            Wingspan: 11.21 m<br/>
            Wing surface: 22.48 m^2
        </p>
<p>
<br/>
            Combat debut: June 1942
        </p>
<p>
<br/>
            Additional airplane configurations list:
        </p>
<div class="ipsSpoiler" data-ipsspoiler="">
<div class="ipsSpoiler_header">
<span>Скрытый текст</span>
</div>
<div class="ipsSpoiler_contents">
<p>
</p>
<p>
<strong>500 lb General Purpose Bomb</strong><br/>
                    Additional mass: 237 kg<br/>
                    Ammunition mass: 227 kg<br/>
                    Racks mass: 10 kg<br/>
                    Estimated speed loss before drop: 13 km/h<br/>
                    Estimated speed loss after drop: 7 km/h
                </p>
<p>
<br/><strong>2 x 250 lb General Purpose Bombs</strong><br/>
                    Additional mass: 247 kg<br/>
                    Ammunition mass: 227 kg<br/>
                    Racks mass: 20 kg<br/>
                    Estimated speed loss before drop: 24 km/h<br/>
                    Estimated speed loss after drop: 8 km/h
                </p>
<p>
<br/><strong>2 х 82-in High Explosive or Armour Piercing unguided rockets RP-3</strong><br/><em>RP-3 HE:</em><br/>
                    Additional mass: 106 kg<br/>
                    Ammunition mass: 86 kg<br/>
                    Racks mass: 20 kg<br/>
                    Estimated speed loss before launch: 23 km/h<br/>
                    Estimated speed loss after launch: 17 km/h<br/><em>RP-3 AP:</em><br/>
                    Additional mass: 75 kg<br/>
                    Ammunition mass: 55 kg<br/>
                    Racks mass: 20 kg<br/>
                    Estimated speed loss before launch: 21 km/h<br/>
                    Estimated speed loss after launch: 17 km/h
                </p>
<p>
<br/><strong>MkII Gyro Gunsight</strong><br/>
                    Additional mass: 5.2 kg<br/>
                    Estimated speed loss: 0 km/h
                </p>
<p>
<br/><strong>Rear view mirror</strong><br/>
                    Additional mass: 1 kg<br/>
                    Estimated speed loss: 1 km/h
                </p>
<p>
<br/><strong>Clipped Wing</strong><br/>
                    Removed mass: 4 kg<br/>
                    Estimated speed loss: 0 km/h
                </p>
<p>
<br/><strong>Merlin 70 engine</strong><br/>
                    Additional mass: 0 kg<br/>
                    Estimated speed loss: 0 km/h
                </p>
<p>
</p>
</div>
</div>
<p>
<br/>
            Operation features:<br/>
            - Engine is equipped with the automatic governor of the manifold pressure that works when the throttle is set to 1/3 position or above.<br/>
            - Engine has a two stage mechanical supercharger which does not require manual control. It can be switched to the low gear manually.<br/>
            - Engine is equipped with an automatic fuel mixture control which maintains optimal mixture if mixture lever is set to the forward position. It is possible to manually lean the mixture by moving the mixture control to less than maximum. This also reduces fuel consumption during flight.<br/>
            - Engine RPM has an automatic governor that controls the propeller pitch to maintain the required RPM.<br/>
            - The water and oil radiators shutters are operated automatically, but there is a special manual mode that forces radiator shutters to open completely.<br/>
            - Aircraft has a neutral static stability. The elevator effectiveness is high, so the aircraft should be controlled carefully, not giving too much flight stick input.<br/>
            - Aircraft becomes unstable with extended landing flaps.<br/>
            - Aircraft is equipped with elevator and rudder trimmers.<br/>
            - Landing flaps have a pneumatic actuator so they can be extended to maximum position only. Speed with extended landing flaps is limited to 140 mph.<br/>
            - Airplane tail wheel rotates freely and does not have a lock. Since the landing gear wheels are relatively close to each other, it is necessary to confidently and accurately operate the rudder pedals during the takeoff and landing.<br/>
            - Airplane has differential pneumatic wheel brakes with shared control lever. This means that if the brake lever is held and the rudder pedal the opposite wheel brake is gradually released causing the plane to swing to one side or the other.<br/>
            - Airplane is equipped with a siren that warns a pilot if the throttle is set to low position with landing gear retracted.<br/>
            - It is impossible to open or close the canopy at high speed due to strong airflow. The canopy has an emergency release system for bailouts.<br/>
            - The aircraft is equipped with a bottom formation light.<br/>
            - Standard gunsight is adjustable: both the target distance and target base can be set.<br/>
            - The gyroscopic gunsight automaticly calculates required angular deflection while firing at a target. It has 4 modes: fixed reticle, fixed and gyro reticle, gyro reticle, gyro reticle with the target range fixed at 150 yards (night mode). The angular deflection will be calculated correctly only if the target range is set properly. To set the range, adjust the target base first using separate controls and then set the range by adjusting the size of the rangefiding reticle to be the same as the target size.<br/>
            - Both gunsights have sliding sun-filters.
        </p>
<p>
</p>
</div>
<div class="ipsSpoiler_contents">
<p>
</p>
<p>
<strong>500 lb General Purpose Bomb</strong><br/>
                    Additional mass: 237 kg<br/>
                    Ammunition mass: 227 kg<br/>
                    Racks mass: 10 kg<br/>
                    Estimated speed loss before drop: 13 km/h<br/>
                    Estimated speed loss after drop: 7 km/h
                </p>
<p>
<br/><strong>2 x 250 lb General Purpose Bombs</strong><br/>
                    Additional mass: 247 kg<br/>
                    Ammunition mass: 227 kg<br/>
                    Racks mass: 20 kg<br/>
                    Estimated speed loss before drop: 24 km/h<br/>
                    Estimated speed loss after drop: 8 km/h
                </p>
<p>
<br/><strong>2 х 82-in High Explosive or Armour Piercing unguided rockets RP-3</strong><br/><em>RP-3 HE:</em><br/>
                    Additional mass: 106 kg<br/>
                    Ammunition mass: 86 kg<br/>
                    Racks mass: 20 kg<br/>
                    Estimated speed loss before launch: 23 km/h<br/>
                    Estimated speed loss after launch: 17 km/h<br/><em>RP-3 AP:</em><br/>
                    Additional mass: 75 kg<br/>
                    Ammunition mass: 55 kg<br/>
                    Racks mass: 20 kg<br/>
                    Estimated speed loss before launch: 21 km/h<br/>
                    Estimated speed loss after launch: 17 km/h
                </p>
<p>
<br/><strong>MkII Gyro Gunsight</strong><br/>
                    Additional mass: 5.2 kg<br/>
                    Estimated speed loss: 0 km/h
                </p>
<p>
<br/><strong>Rear view mirror</strong><br/>
                    Additional mass: 1 kg<br/>
                    Estimated speed loss: 1 km/h
                </p>
<p>
<br/><strong>Clipped Wing</strong><br/>
                    Removed mass: 4 kg<br/>
                    Estimated speed loss: 0 km/h
                </p>
<p>
<br/><strong>Merlin 70 engine</strong><br/>
                    Additional mass: 0 kg<br/>
                    Estimated speed loss: 0 km/h
                </p>
<p>
</p>
</div>
<div class="ipsSpoiler_contents">
<p>
</p>
<p>
            Indicated stall speed in flight configuration: 178..222 km/h (111..138 mph)<br/>
            Indicated stall speed in takeoff/landing configuration: 139..171 km/h (86..106 mph)
        </p>
<p>
<br/>
            Dive speed limit: 805 km/h (500 mph)<br/>
            Maximum load factor: 11.0 G<br/>
            Stall angle of attack in flight configuration: 17.1 °<br/>
            Stall angle of attack in landing configuration: 15.3 °
        </p>
<p>
<br/>
            Maximum true air speed at sea level, engine mode - WEP: 557 km/h (346 mph)<br/>
            Maximum true air speed at 7000 m (22960 feet), engine mode - WEP: 700 km/h (435 mph)
        </p>
<p>
<br/>
            Maximum true air speed at sea level, engine mode - Combat: 502 km/h (312 mph)<br/>
            Maximum true air speed at 9000 m (29530 feet), engine mode - Combat: 656 km/h (407 mph)
        </p>
<p>
<br/>
            Maximum true air speed at sea level, engine mode - Cruise: 467 km/h (290 mph)<br/>
            Maximum true air speed at 10000 m (32800 feet), engine mode - Cruise: 619 km/h (388 mph)
        </p>
<p>
<br/>
            Service ceiling: 11580 m (38000 feet)
        </p>
<p>
<br/>
            Climb at engine mode - WEP<br/>
            Climb rate at sea level: 18.1 m/s (3567 feet/min)<br/>
            Climb rate at 3000 m (9843 feet): 17.6 m/s (3455 feet/min)<br/>
            Climb rate at 6000 m (19685 feet): 16.4 m/s (3226 feet/min)
        </p>
<p>
<br/>
            Climb at engine mode - Combat<br/>
            Climb rate at sea level: 12.1 m/s (2378 feet/min)<br/>
            Climb rate at 3000 m (9843 feet): 11.5 m/s (2256 feet/min)<br/>
            Climb rate at 6000 m (19685 feet): 10.3 m/s (2031 feet/min)
        </p>
<p>
<br/>
            Maximum performance turn at sea level: 27.5 s, at 322 km/h (200 mph) IAS.<br/>
            Maximum performance turn at 3000 m (9843 feet): 31.0 s, at 330 km/h (205 mph) IAS.
        </p>
<p>
<br/>
            Flight endurance at 3000 m (9843 feet): 2.4 h, at 350 km/h (217 mph) IAS.
        </p>
<p>
<br/>
            Takeoff speed: 185..200 km/h (115..125 mph)<br/>
            Glideslope speed: 185..210 km/h (115..130 mph)<br/>
            Landing speed: 175..195 km/h (110..120 mph)<br/>
            Landing angle: 11.9 °
        </p>
<p>
<br/>
            Note 1: the data provided is for international standard atmosphere (ISA).<br/>
            Note 2: flight performance ranges are given for possible aircraft mass ranges.<br/>
            Note 3: maximum speeds, climb rates and turn times are given for standard aircraft mass and 50% of fuel.<br/>
            Note 4: turn times are given for WEP power.
        </p>
<p>
<br/>
            Engine:<br/>
            Model: R-2800-59<br/>
            Maximum power in WEP mode at sea level: 2600 HP<br/>
            Maximum power in Combat mode at sea level: 1950 HP<br/>
            Maximum power in Cruise mode at sea level: 1620 HP
        </p>
<p>
<br/>
            Maximum power in WEP mode at 7000 m (22970 feet): 2600 HP<br/>
            Maximum power in Combat mode at 9000 m (29530 feet): 1900 HP<br/>
            Maximum power in Cruise mode at 10500 m (34450 feet): 1600 HP
        </p>
<p>
<br/>
            Engine modes:<br/>
            Cruise (unlimited time): 2550 RPM, 42.0 inch Hg<br/>
            Combat power (up to 15 minutes): 2700 RPM, 52 inch Hg<br/>
            WEP (up to 5 minutes): 2700 RPM, 64.0 inch Hg
        </p>
<p>
<br/>
            Maximum continuous turbocharger RPM: 20000<br/>
            Maximum turbocharger RPM for up to 15 minutes: 22000
        </p>
<p>
<br/>
            Oil rated temperature in engine intake: 60..95 °C<br/>
            Oil maximum temperature in engine intake: 100 °C
        </p>
<p>
<br/>
            Supercharger gear shift altitude: single gear
        </p>
<p>
<br/>
            Empty weight: 4755 kg (10483 lb)<br/>
            Minimum weight (no ammo, 10% fuel, 4 MG removed): 5163.9 kg (11385 lb)<br/>
            Standard weight: 6503 kg (14337 lb)<br/>
            Maximum takeoff weight: 8163.1 kg (17996 lb)<br/>
            Fuel load: 1006 kg (3095 lb) / 1404 l (370 gal)<br/>
            Useful load: 3408.1 kg (7514 lb)
        </p>
<p>
<br/>
            Forward-firing armament:<br/>
            8 x 12.7mm machine gun "M2.50", 267 rounds, 850 rounds per minute, wing-mounted<br/>
            It is possible to remove 2 or 4 machine guns and/or increase the ammo load to 425 rounds per gun.
        </p>
<p>
<br/>
            Bombs:<br/>
            Up to three 500 lb general purpose bomb "M64"<br/>
            Up to two 1000 lb general purpose bomb "M65"
        </p>
<p>
<br/>
            Rockets:<br/>
            6 x unguided rockets "M8" in two "M10" launchers that can be jettisoned
        </p>
<p>
<br/>
            Length: 11.00 m (36.09 feet)<br/>
            Wingspan: 12.43 m (40.78 feet)<br/>
            Wing surface: 27.87 m^2 (300 feet^2)
        </p>
<p>
<br/>
            Combat debut: 1944
        </p>
<p>
<br/>
            Additional airplane configurations list:
        </p>
<div class="ipsSpoiler" data-ipsspoiler="">
<div class="ipsSpoiler_header">
<span>Скрытый текст</span>
</div>
<div class="ipsSpoiler_contents">
<p>
</p>
<p>
<strong>Removal of 2 external wing-mounted machine guns to reduce total weight</strong><br/>
                    Removed mass: 140.3 kg (309.3 lbs)<br/>
                    Removed ammunition mass: 75.3 kg (166.0 lbs)<br/>
                    Removed guns mass: 65 kg (143.3 lbs)<br/>
                    Estimated speed gain: 3 km/h (1.8 mph)
                </p>
<p>
<br/><strong>Removal of 4 external wing-mounted machine guns to reduce total weight</strong><br/>
                    Removed mass: 280.6 kg (618.7 lbs)<br/>
                    Removed ammunition mass: 150.6 kg (332.1 lbs)<br/>
                    Removed guns mass: 130 kg (286.6 lbs)<br/>
                    Estimated speed gain: 6 km/h (3.7 mph)
                </p>
<p>
<br/><strong>Additional ammo for machine guns: 425 for each gun.</strong><br/><em>8 machineguns:</em><br/>
                    Additional mass: 178.2 kg (393 lbs)<br/>
                    Estimated speed loss: 1 km/h<br/><em>6 machineguns:</em><br/>
                    Additional mass: 133.6 kg (294.8 lbs)<br/>
                    Estimated speed loss: 0 km/h<br/><em>4 machineguns:</em><br/>
                    Additional mass: 89.1 kg (196.5 lbs)<br/>
                    Estimated speed loss: 0 km/h
                </p>
<p>
<br/><strong>Underwing and underbelly racks for bombs and rockets</strong><br/><em>Racks only:</em><br/>
                    Rack mass: 30 kg (66.2 lbs)<br/>
                    Estimated speed loss: 7 km/h (4.4 mph)<br/><em>3*500 lb General Purpose Bomb M64:</em><br/>
                    Additional mass: 792 kg (1746.4 lbs)<br/>
                    Ammunition mass: 762 kg (1680.2 lbs)<br/>
                    Rack mass: 30 kg (66.2 lbs)<br/>
                    Estimated speed loss before drop: 35 km/h (21.8 mph)<br/>
                    Estimated speed loss after drop: 12 km/h (7.5 mph) <br/><em>2*1000 lb General Purpose Bomb M65:</em><br/>
                    Additional mass: 1054 kg (2324.1 lbs)<br/>
                    Ammunition mass: 1024 kg (2257.9 lbs)<br/>
                    Rack mass: 30 kg (66.2 lbs)<br/>
                    Estimated speed loss before drop: 47 km/h (29.2 mph)<br/>
                    Estimated speed loss after drop: 10 km/h (6.2 mph)<br/><em>6*M8 rockets in M10 jettisonable launchers:</em><br/>
                    Additional mass: 179.9 kg (396.7 lbs)<br/>
                    Ammunition mass: 115.9 kg (255.6 lbs)<br/>
                    Racks mass: 64 kg (141.1 lbs)<br/>
                    Estimated speed loss before launch: 27 km/h (16.8 mph)<br/>
                    Estimated speed loss after launch: 21 km/h (13.1 mph)<br/>
                    Estimated speed loss after drop: 8 km/h (5.0 mph)
                </p>
<p>
<br/><strong>K-14A Gyro Gunsight</strong><br/>
                    Additional mass: 5.2 kg (11.5 lbs)<br/>
                    Estimated speed loss: 0 km/h
                </p>
<p>
<br/><strong>Bendix MN-28Y fixed loop radio compass for navigation with radio beacons</strong><br/>
                    Additional mass: 17,5 kg (38.6 lbs)<br/>
                    Estimated speed loss: 1 km/h
                </p>
<p>
<br/><strong>Rear view mirror</strong><br/>
                    Additional mass: 1 kg (2.2 lbs)<br/>
                    Estimated speed loss: 3 km/h (1.8 mph)
                </p>
<p>
</p>
</div>
</div>
<p>
<br/>
            Operation features:<br/>
            - In addition to the automatic single stage supercharger, the engine is equipped with a turbocharger that the pilot can control.<br/>
            - The turbocharger is powered by the engine exhaust back pressure which can be set by a lever in the cockpit and maintained automatically using the throttle shutters on the exhaust pipes.<br/>
            - The air compressed in the turbocharger goes to the intercooler where it is cooled by the incoming airflow. The cool compressed air goes to the carburetor and the resulting fuel-air mixture goes to the supercharger.<br/>
            - The temperature of the air after the intercooler is indicated by a separate gauge. The pilot can control the intercooler flaps using the toggle switch and observe their position using the indicator on the left. Their default position is neutral (50%).<br/>
            - The turbocharger RPM is controlled by the lever in the cockpit ("T" and "+"/"-" keys by default). At the back lever position the throttle shutters are fully open and exhaust gases all go to the atmosphere, resulting in minimal turbocharger RPM. At the forward lever position, the exhaust back pressure and the resulting turbocharger RPM are at maximum. It should be noted that the RPM will change with the altitude even if the lever is kept in the same position. The turbocharger RPM is indicated by a dedicated gauge; in addition, the signal lamp will light up if the maximum RPM limit is exceeded.<br/>
            - The total engine power should be controlled using the joint method when the three levers - RPM lever, throttle lever and turbocharger lever are moved together. However, in certain cases (for instance, when going higher than the critical altitude) the turbocharger lever should be adjusted separately.<br/>
            - It should be noted that turbocharger RPM changes relatively slowly and not immediately after the control lever adjustment.<br/>
            - The aircraft is equipped with the water injection system that boosts the power in the emergency mode. When this system is engaged, the exhaust back pressure and turbocharger RPM increase automatically while the mixture becomes leaner. The water supply is good for around 15 minutes at the emergency power.<br/>
            - The engine is equipped with an automatic fuel mixture control which maintains optimal mixture if the mixture lever is set to Auto Rich (85%) position. To use automatic mixture leaning to reduce fuel consumption during flight it is necessary to set the mixture lever to Auto Lean (60%) position. In the case of malfunction of the automatic mixture control the mixture lever should be set to Full Rich (100%) position. To stop the engine mixture lever should be set to the Cut Off (0%) position.<br/>
            - Engine RPM has an automatic governor and it is maintained at the required RPM corresponding to the governor control lever position. The governor automatically controls the propeller pitch to maintain the required RPM. Also, it is possible to turn off the governor and control propeller pitch manually.<br/>
            - Oil radiators shutters are manually operated.<br/>
            - The aircraft has trimmers for all flight-controls: pitch, roll and yaw.<br/>
            - Landing flaps have a hydraulic actuator and they can be extended to any angle up to 40°.<br/>
            - It is forbidden to open the cowl flaps at speeds exceeding 225 mph, perform sharp maneuvers with the opened cowl shutters and dive with the opened intercooler shutters.<br/>
            - The aircraft has a manual control for the tailwheel lock. The tailwheel should be locked when taxiing straight for a long distance and before takeoff and landing.<br/>
            - The aircraft has independent left and right hydraulic wheel brake controls. To apply either brake push the upper part of the rudder pedal.<br/>
            - The aircraft is equipped with a parking brake system.<br/>
            - The signal lamp lights up when the landing gear is up and the throttle is in the backward position or when the landing gear is down, but the throttle is in the forward position.<br/>
            - It should be noted that the aircraft requires a long takeoff run - around 650 meters at standard load and 1500 meters at maximum takeoff weight. It is possible to lower the flaps to 10-20 degrees to shorten the takeoff run. <br/>
            - The aircraft is equipped with one fuel gauge, but two indicator needles for the forward and rear fuel tanks.<br/>
            - The engine consumes much fuel at the combat power mode - around 4.5 gallons per minute.<br/>
            - The canopy has an emergency release system for bailouts.<br/>
            - The aircraft is equipped with the manual bomb release system for each of the three bomb racks.<br/>
            - The unguided rockets are launched using the electric controller which allows single, pair, triple and salvo (all rockets at 0.1 seconds interval) launch.<br/>
            - There is a backup mechanical sight which can be used if the main sight is damaged.<br/>
            - The gyroscopic gunsight automatically calculates required angular deflection while firing at a target. It has 3 modes: fixed reticle, fixed and gyro reticle, gyro reticle. The angular deflection will be calculated correctly only if the target range is set properly. To set the range, adjust the target base first using separate controls and then set the range by adjusting the size of the range-finding reticle to be the same as the target size.
        </p>
<p>
</p>
</div>
<div class="ipsSpoiler_contents">
<p>
</p>
<p>
<strong>Removal of 2 external wing-mounted machine guns to reduce total weight</strong><br/>
                    Removed mass: 140.3 kg (309.3 lbs)<br/>
                    Removed ammunition mass: 75.3 kg (166.0 lbs)<br/>
                    Removed guns mass: 65 kg (143.3 lbs)<br/>
                    Estimated speed gain: 3 km/h (1.8 mph)
                </p>
<p>
<br/><strong>Removal of 4 external wing-mounted machine guns to reduce total weight</strong><br/>
                    Removed mass: 280.6 kg (618.7 lbs)<br/>
                    Removed ammunition mass: 150.6 kg (332.1 lbs)<br/>
                    Removed guns mass: 130 kg (286.6 lbs)<br/>
                    Estimated speed gain: 6 km/h (3.7 mph)
                </p>
<p>
<br/><strong>Additional ammo for machine guns: 425 for each gun.</strong><br/><em>8 machineguns:</em><br/>
                    Additional mass: 178.2 kg (393 lbs)<br/>
                    Estimated speed loss: 1 km/h<br/><em>6 machineguns:</em><br/>
                    Additional mass: 133.6 kg (294.8 lbs)<br/>
                    Estimated speed loss: 0 km/h<br/><em>4 machineguns:</em><br/>
                    Additional mass: 89.1 kg (196.5 lbs)<br/>
                    Estimated speed loss: 0 km/h
                </p>
<p>
<br/><strong>Underwing and underbelly racks for bombs and rockets</strong><br/><em>Racks only:</em><br/>
                    Rack mass: 30 kg (66.2 lbs)<br/>
                    Estimated speed loss: 7 km/h (4.4 mph)<br/><em>3*500 lb General Purpose Bomb M64:</em><br/>
                    Additional mass: 792 kg (1746.4 lbs)<br/>
                    Ammunition mass: 762 kg (1680.2 lbs)<br/>
                    Rack mass: 30 kg (66.2 lbs)<br/>
                    Estimated speed loss before drop: 35 km/h (21.8 mph)<br/>
                    Estimated speed loss after drop: 12 km/h (7.5 mph) <br/><em>2*1000 lb General Purpose Bomb M65:</em><br/>
                    Additional mass: 1054 kg (2324.1 lbs)<br/>
                    Ammunition mass: 1024 kg (2257.9 lbs)<br/>
                    Rack mass: 30 kg (66.2 lbs)<br/>
                    Estimated speed loss before drop: 47 km/h (29.2 mph)<br/>
                    Estimated speed loss after drop: 10 km/h (6.2 mph)<br/><em>6*M8 rockets in M10 jettisonable launchers:</em><br/>
                    Additional mass: 179.9 kg (396.7 lbs)<br/>
                    Ammunition mass: 115.9 kg (255.6 lbs)<br/>
                    Racks mass: 64 kg (141.1 lbs)<br/>
                    Estimated speed loss before launch: 27 km/h (16.8 mph)<br/>
                    Estimated speed loss after launch: 21 km/h (13.1 mph)<br/>
                    Estimated speed loss after drop: 8 km/h (5.0 mph)
                </p>
<p>
<br/><strong>K-14A Gyro Gunsight</strong><br/>
                    Additional mass: 5.2 kg (11.5 lbs)<br/>
                    Estimated speed loss: 0 km/h
                </p>
<p>
<br/><strong>Bendix MN-28Y fixed loop radio compass for navigation with radio beacons</strong><br/>
                    Additional mass: 17,5 kg (38.6 lbs)<br/>
                    Estimated speed loss: 1 km/h
                </p>
<p>
<br/><strong>Rear view mirror</strong><br/>
                    Additional mass: 1 kg (2.2 lbs)<br/>
                    Estimated speed loss: 3 km/h (1.8 mph)
                </p>
<p>
</p>
</div>
<div class="ipsSpoiler_contents">
<p>
</p>
<p>
            Indicated stall speed in flight configuration: 164..181 km/h<br/>
            Indicated stall speed in takeoff/landing configuration: 156..172 km/h<br/>
            Dive speed limit: 850 km/h<br/>
            Maximum load factor: 10.5 G<br/>
            Stall angle of attack in flight configuration: 19.8 °<br/>
            Stall angle of attack in landing configuration: 17 °
        </p>
<p>
<br/>
            Maximum true air speed at sea level, engine mode - Emergency: 576 km/h<br/>
            Maximum true air speed at 5500 m,, engine mode - Emergency: 668 km/h<br/>
            Maximum true air speed at sea level, engine mode - Combat: 505 km/h<br/>
            Maximum true air speed at 2000 m, engine mode - Combat: 545 km/h<br/>
            Maximum true air speed at 7000 m, engine mode - Combat: 619 km/h
        </p>
<p>
<br/>
            Service ceiling: 11500 m<br/>
            Climb rate at sea level: 19.2 m/s<br/>
            Climb rate at 3000 m: 17.5 m/s<br/>
            Climb rate at 6000 m: 13.1 m/s
        </p>
<p>
<br/>
            Maximum performance turn at sea level: 23.0 s, at 270 km/h IAS.<br/>
            Maximum performance turn at 3000 m: 31.5 s, at 270 km/h IAS.
        </p>
<p>
<br/>
            Flight endurance at 3000 m: 2.15 h, at 350 km/h IAS.
        </p>
<p>
<br/>
            Takeoff speed: 155..180 km/h<br/>
            Glideslope speed: 195..205 km/h<br/>
            Landing speed: 150..155 km/h<br/>
            Landing angle: 13.7 °
        </p>
<p>
<br/>
            Note 1: the data provided is for international standard atmosphere (ISA).<br/>
            Note 2: flight performance ranges are given for possible aircraft mass ranges.<br/>
            Note 3: maximum speeds, climb rates and turn times are given for standard aircraft mass.<br/>
            Note 4: climb rates and turn times are given for Combat power.
        </p>
<p>
<br/>
            Engine:<br/>
            Model: DB-605AM<br/>
            Maximum power in Emergency mode with MW-50 at sea level: 1800 HP<br/>
            Maximum power in Emergency mode with MW-50 at 5600 m: 1700 HP<br/>
            Maximum power in Combat mode at sea level: 1310 HP<br/>
            Maximum power in Combat mode at 5800 m: 1250 HP
        </p>
<p>
<br/>
            Engine modes:<br/>
            Nominal (unlimited time): 2300 RPM, 1.15 ata<br/>
            Combat power (up to 30 minutes): 2600 RPM, 1.3 ata<br/>
            Emergency power (up to 10 minute): 2800 RPM, 1.7 ata
        </p>
<p>
<br/>
            Water rated temperature in engine output: 100..102 °C<br/>
            Water maximum temperature in engine output: 115 °C<br/>
            Oil rated temperature in engine intake: 70..80 °C<br/>
            Oil maximum temperature in engine intake: 85 °C
        </p>
<p>
<br/>
            Supercharger gear shift altitude: fluid coupling 
        </p>
<p>
<br/>
            Empty weight: 2680 kg<br/>
            Minimum weight (no ammo, 10% fuel): 2899 kg<br/>
            Standard weight: 3266 kg<br/>
            Maximum takeoff weight: 3565 kg<br/>
            Fuel load: 304 kg / 400 l<br/>
            Useful load: 885 kg
        </p>
<p>
<br/>
            Forward-firing armament:<br/>
            20mm gun "MG 151/20", 200 rounds, 700 rounds per minute, nose-mounted<br/>
            2 x 13mm machine gun "MG 131", 300 rounds, 900 rounds per minute, synchronized<br/>
            2 x 20mm gun "MG 151/20", 135 rounds, 700 rounds per minute, wing-mounted (modification)<br/>
            30mm gun "MK 108", 65 rounds, 650 rounds per minute, nose-mounted (modification)
        </p>
<p>
<br/>
            Bombs:<br/>
            Up to 4 x 66 kg fragmentation bombs "SD 70"<br/>
            249 kg general purpose bomb "SC 250"
        </p>
<p>
<br/>
            Rockets:<br/>
            Two WGr.21 rockets in jettisonable launchers
        </p>
<p>
<br/>
            Length: 8.94 m<br/>
            Wingspan: 9.97 m<br/>
            Wing surface: 16.1 m^2
        </p>
<p>
<br/>
            Combat debut: July 1944
        </p>
<p>
<br/>
            Additional airplane configurations list:
        </p>
<div class="ipsSpoiler" data-ipsspoiler="">
<div class="ipsSpoiler_header">
<span>Скрытый текст</span>
</div>
<div class="ipsSpoiler_contents">
<p>
</p>
<p>
<strong>MK 108 30mm nose-gun with 65 rounds</strong><br/>
                    Additional mass: 4 kg<br/>
                    Ammunition mass: 38 kg<br/>
                    Gun mass: 58 kg<br/>
                    Estimated speed loss: 0 km/h
                </p>
<p>
<br/><strong>MG 151/20 20mm guns in wing-mounted gun pods with 135 rounds per each</strong><br/>
                    Additional mass: 212 kg<br/>
                    Ammunition mass: 55 kg<br/>
                    Guns mass: 157 kg<br/>
                    Estimated speed loss: 17 km/h
                </p>
<p>
<br/><strong>4 x 66 kg fragmentation bombs SD 70</strong><br/>
                    Additional mass: 304 kg<br/>
                    Ammunition mass: 264 kg<br/>
                    Racks mass: 40 kg<br/>
                    Estimated speed loss before drop: 63 km/h<br/>
                    Estimated speed loss after drop: 17 km/h
                </p>
<p>
<br/><strong>249 kg General Purpose Bomb SC 250</strong><br/>
                    Additional mass: 279 kg<br/>
                    Ammunition mass: 249 kg<br/>
                    Racks mass: 30 kg<br/>
                    Estimated speed loss before drop: 41 km/h<br/>
                    Estimated speed loss after drop: 14 km/h
                </p>
<p>
<br/><strong>Two 21cm WGr.21 rockets in jettisonable launchers</strong><br/>
                    Additional mass: 258 kg<br/>
                    Ammunition mass: 224 kg<br/>
                    Racks mass: 34 kg<br/>
                    Estimated speed loss before launch: 61 km/h<br/>
                    Estimated speed loss after launch: 14 km/h<br/>
                    Estimated speed loss after drop: 2 km/h
                </p>
<p>
<br/><strong>FuG-16ZY fixed loop radio compass for navigation with radio beacons</strong><br/>
                    Additional mass: 20 kg<br/>
                    Estimated speed loss: 5 km/h
                </p>
<p>
</p>
</div>
</div>
<p>
<br/>
            Operation features:<br/>
            - Airplane has a wide automatization of the engine systems, in fact, to control speed it is only necessary to use the throttle lever. There is no need to manually set engine revolutions and mixture or supercharger gear in normal flight.<br/>
            - The aircraft is equipped with MW-50 water-methanol mixture injection system that prevents the engine detonation in the emergency power mode. It engages automatically when the throttle is set to maximum, there is enough mixture for 25-30 minutes. However, the engine can work up to 10 minutes at this mode, wait for another 10 minutes at the combat mode before engaging the emergency mode again. Attention: running the engine at the emergency mode without the water-methanol mixture or at altitudes higher than 6 km is forbidden! A pilot can check the system using the injection pressure indicator on the left: its normal pressure is 0.6...0.7 atm, stop using it if the pressure is lower than 0.4 atm and switch the engine to combat mode.<br/>
            - In addition to full-automatic mode there is a special manual control mode for the radiator shutters, which can be used in specific situations.<br/>
            - To reduce swinging during taxiing due to prop-wash the propeller pitch control should be switched to manual mode and pitch should be reduced to minimum.<br/>
            - Airplane has no flight-control trimmers. Airplane is equipped with bendable trim tabs that can be set pre-flight by ground personnel.<br/>
            - Airplane has a manually controlled horizontal stabilizer. It should be set to +1° before takeoff and to -4°...-5° before landing. Also, it may be used to trim the flight stick during the flight. In a deep dive the stabilizer should be set so that the pilot must push the flight stick forward to maintain the dive angle.<br/>
            - Airplane has automatic wing slats. They deploy when the high angle of attack increases which makes pre-stall softer.<br/>
            - Airplane has a manual mechanical system for retracting the landing flaps, for this reason it is necessary to extend landing flaps well before final approach. Markers on the left-wing flap indicate how far the flaps are extended. The flaps can be extended to any angle up to 40°.<br/>
            - Airplane has a manual tail wheel lock. Wheel should be locked when taxiing straight for a long distance and before takeoff and landing.<br/>
            - Airplane has independent left and right hydraulic wheel brake controls. To apply either brake push the upper part of the rudder pedal.<br/>
            - Airplane has a fuel gauge which shows total fuel remaining. Also, it has an emergency fuel warning light (80 liters).<br/>
            - The design of the cockpit canopy does not allow it to be opened during flight. The canopy should be closed before takeoff to prevent damage. The canopy has an emergency release system for bailouts.<br/>
            - The control system for the bomb rack only allows to drop bombs one by one.<br/>
            - The gunsight has a sliding sun-filter.
        </p>
<p>
</p>
</div>
<div class="ipsSpoiler_contents">
<p>
</p>
<p>
<strong>MK 108 30mm nose-gun with 65 rounds</strong><br/>
                    Additional mass: 4 kg<br/>
                    Ammunition mass: 38 kg<br/>
                    Gun mass: 58 kg<br/>
                    Estimated speed loss: 0 km/h
                </p>
<p>
<br/><strong>MG 151/20 20mm guns in wing-mounted gun pods with 135 rounds per each</strong><br/>
                    Additional mass: 212 kg<br/>
                    Ammunition mass: 55 kg<br/>
                    Guns mass: 157 kg<br/>
                    Estimated speed loss: 17 km/h
                </p>
<p>
<br/><strong>4 x 66 kg fragmentation bombs SD 70</strong><br/>
                    Additional mass: 304 kg<br/>
                    Ammunition mass: 264 kg<br/>
                    Racks mass: 40 kg<br/>
                    Estimated speed loss before drop: 63 km/h<br/>
                    Estimated speed loss after drop: 17 km/h
                </p>
<p>
<br/><strong>249 kg General Purpose Bomb SC 250</strong><br/>
                    Additional mass: 279 kg<br/>
                    Ammunition mass: 249 kg<br/>
                    Racks mass: 30 kg<br/>
                    Estimated speed loss before drop: 41 km/h<br/>
                    Estimated speed loss after drop: 14 km/h
                </p>
<p>
<br/><strong>Two 21cm WGr.21 rockets in jettisonable launchers</strong><br/>
                    Additional mass: 258 kg<br/>
                    Ammunition mass: 224 kg<br/>
                    Racks mass: 34 kg<br/>
                    Estimated speed loss before launch: 61 km/h<br/>
                    Estimated speed loss after launch: 14 km/h<br/>
                    Estimated speed loss after drop: 2 km/h
                </p>
<p>
<br/><strong>FuG-16ZY fixed loop radio compass for navigation with radio beacons</strong><br/>
                    Additional mass: 20 kg<br/>
                    Estimated speed loss: 5 km/h
                </p>
<p>
</p>
</div>
<div class="ipsSpoiler_contents">
<p>
</p>
<p>
            Indicated stall speed in flight configuration: 167..190 km/h<br/>
            Indicated stall speed in takeoff/landing configuration: 160..181 km/h<br/>
            Dive speed limit: 850 km/h<br/>
            Maximum load factor: 10.5 G<br/>
            Stall angle of attack in flight configuration: 19.8 °<br/>
            Stall angle of attack in landing configuration: 17 °
        </p>
<p>
<br/>
            DB-605DB engine:
        </p>
<p>
<br/>
            Maximum true air speed at sea level, engine mode - Emergency: 599 km/h<br/>
            Maximum true air speed at 7500 m, engine mode - Emergency: 702 km/h<br/>
            Maximum true air speed at sea level, engine mode - Combat: 543 km/h<br/>
            Maximum true air speed at 8000 m, engine mode - Combat: 684 km/h
        </p>
<p>
<br/>
            Service ceiling: 12300 m<br/>
            Climb rate at sea level: 20.5 m/s<br/>
            Climb rate at 3000 m: 17.5 m/s<br/>
            Climb rate at 6000 m: 13.4 m/s
        </p>
<p>
<br/>
            Maximum performance turn at sea level: 24.0 s, at 270 km/h IAS.<br/>
            Maximum performance turn at 3000 m: 32.2 s, at 270 km/h IAS.
        </p>
<p>
<br/>
            DB-605DC engine:
        </p>
<p>
<br/>
            Maximum true air speed at sea level, engine mode - Emergency: 614 km/h<br/>
            Maximum true air speed at 6200 m, engine mode - Emergency: 713 km/h<br/>
            Maximum true air speed at sea level, engine mode - Combat: 536 km/h<br/>
            Maximum true air speed at 8000 m, engine mode - Combat: 684 km/h
        </p>
<p>
<br/>
            Service ceiling: 12300 m<br/>
            Climb rate at sea level: 19.7 m/s<br/>
            Climb rate at 3000 m: 17.4 m/s<br/>
            Climb rate at 6000 m: 13.3 m/s
        </p>
<p>
<br/>
            Maximum performance turn at sea level: 24.2 s, at 270 km/h IAS.<br/>
            Maximum performance turn at 3000 m: 32.3 s, at 270 km/h IAS.
        </p>
<p>
<br/>
            Flight endurance at 3000 m: 2.15 h, at 350 km/h IAS.
        </p>
<p>
<br/>
            Takeoff speed: 160..190 km/h<br/>
            Glideslope speed: 200..215 km/h<br/>
            Landing speed: 155..160 km/h<br/>
            Landing angle: 12.5 °
        </p>
<p>
<br/>
            Note 1: the data provided is for international standard atmosphere (ISA).<br/>
            Note 2: flight performance ranges are given for possible aircraft mass ranges.<br/>
            Note 3: maximum speeds, climb rates and turn times are given for standard aircraft mass.<br/>
            Note 4: climb rates and turn times are given for Combat power.
        </p>
<p>
<br/>
            Engine:<br/>
            Model: DB-605DB<br/>
            Maximum power in Emergency mode with MW-50 at sea level: 1850 HP<br/>
            Maximum power in Emergency mode with MW-50 at 6000 m: 1600 HP<br/>
            Maximum power in Combat mode at sea level: 1430 HP<br/>
            Maximum power in Combat mode at 6800 m: 1285 HP
        </p>
<p>
<br/>
            Engine modes:<br/>
            Nominal (unlimited time): 2400 RPM, 1.35 ata<br/>
            Combat power (up to 30 minutes): 2600 RPM, 1.45 ata<br/>
            Emergency power (up to 10 minutes): 2800 RPM, 1.8 ata
        </p>
<p>
<br/>
            Engine:<br/>
            Model: DB-605DC<br/>
            Maximum power in Emergency mode with MW-50 at sea level: 2000 HP<br/>
            Maximum power in Emergency mode with MW-50 at 4900 m: 1800 HP<br/>
            Maximum power in Combat mode at sea level: 1370 HP<br/>
            Maximum power in Combat mode at 6800 m: 1285 HP
        </p>
<p>
<br/>
            Engine modes:<br/>
            Nominal (unlimited time): 2400 RPM, 1.35 ata<br/>
            Combat power (up to 30 minutes): 2600 RPM, 1.45 ata<br/>
            Emergency power (up to 10 minutes): 2800 RPM, 1.98 ata
        </p>
<p>
<br/>
            Water rated temperature in engine output: 100..102 °C<br/>
            Water maximum temperature in engine output: 115 °C<br/>
            Oil rated temperature in engine intake: 70..80 °C<br/>
            Oil maximum temperature in engine intake: 95 °C
        </p>
<p>
<br/>
            Supercharger gear shift altitude: fluid coupling 
        </p>
<p>
<br/>
            Empty weight: 2754 kg<br/>
            Minimum weight (no ammo, 10% fuel): 3006 kg<br/>
            Standard weight: 3361 kg<br/>
            Maximum takeoff weight: 3891 kg<br/>
            Fuel load: 304 kg / 400 l<br/>
            Useful load: 1137 kg
        </p>
<p>
<br/>
            Forward-firing armament:<br/>
            30mm gun "MK 108", 65 rounds, 650 rounds per minute, nose-mounted<br/>
            2 x 13mm machine gun "MG 131", 300 rounds, 900 rounds per minute, synchronized<br/>
            2 x 20mm gun "MG 151/20", 135 rounds, 700 rounds per minute, wing-mounted (modification)
        </p>
<p>
<br/>
            Bombs:<br/>
            249 kg general purpose bomb "SC 250"<br/>
            500 kg general purpose bomb "SC 500"
        </p>
<p>
<br/>
            Length: 8.94 m<br/>
            Wingspan: 9.97 m<br/>
            Wing surface: 16.1 m^2
        </p>
<p>
<br/>
            Combat debut: October 1944
        </p>
<p>
<br/>
            Additional airplane configurations list:
        </p>
<div class="ipsSpoiler" data-ipsspoiler="">
<div class="ipsSpoiler_header">
<span>Скрытый текст</span>
</div>
<div class="ipsSpoiler_contents">
<p>
</p>
<p>
<strong>MG 151/20 20mm guns in wing-mounted gun pods with 135 rounds per each</strong><br/>
                    Additional mass: 212 kg<br/>
                    Ammunition mass: 55 kg<br/>
                    Guns mass: 157 kg<br/>
                    Estimated speed loss: 17 km/h
                </p>
<p>
<br/><strong>249 kg General Purpose Bomb SC 250</strong><br/>
                    Additional mass: 279 kg<br/>
                    Ammunition mass: 249 kg<br/>
                    Racks mass: 30 kg<br/>
                    Estimated speed loss before drop: 41 km/h<br/>
                    Estimated speed loss after drop: 14 km/h
                </p>
<p>
<br/><strong>500 kg General Purpose Bomb SC 500</strong><br/>
                    Additional mass: 530 kg<br/>
                    Ammunition mass: 500 kg<br/>
                    Racks mass: 30 kg<br/>
                    Estimated speed loss before drop: 41 km/h<br/>
                    Estimated speed loss after drop: 13 km/h
                </p>
<p>
<br/><strong>DB 605 DC engine</strong><br/>
                    Additional mass: 0 kg<br/>
                    Estimated speed loss: 0 km/h
                </p>
<p>
</p>
</div>
</div>
<p>
<br/>
            Operation features:<br/>
            - Airplane has a wide automatization of the engine systems, in fact, to control speed it is only necessary to use the throttle lever. There is no need to manually set engine revolutions and mixture or supercharger gear in normal flight.<br/>
            - The aircraft is equipped with MW-50 water-methanol mixture injection system that prevents the engine detonation in the emergency power mode. It engages automatically when the throttle is set to maximum, there is enough mixture for 25-30 minutes. However, the engine can work up to 10 minutes at this mode, wait for another 10 minutes at the combat mode before engaging the emergency mode again. Attention: running the engine at the emergency mode without the water-methanol mixture or at altitudes higher than 6 km is forbidden! A pilot can check the system using the injection pressure indicator on the left: its normal pressure is 0.6...0.7 atm, stop using it if the pressure is lower than 0.4 atm and switch the engine to combat mode.<br/>
            - In addition to full-automatic mode there is a special manual control mode for the radiator shutters, which can be used in specific situations.<br/>
            - To reduce swinging during taxiing due to prop-wash the propeller pitch control should be switched to manual mode and pitch should be reduced to minimum.<br/>
            - Airplane has no flight-control trimmers. Airplane is equipped with bendable trim tabs that can be set pre-flight by ground personnel.<br/>
            - Airplane has a manually controlled horizontal stabilizer. It should be set to +1° before takeoff and to -4°...-5° before landing. Also, it may be used to trim the flight stick during the flight. In a deep dive the stabilizer should be set so that the pilot must push the flight stick forward to maintain the dive angle.<br/>
            - Airplane has automatic wing slats. They deploy when the high angle of attack increases which makes pre-stall softer.<br/>
            - Airplane has a manual mechanical system for retracting the landing flaps, for this reason it is necessary to extend landing flaps well before final approach. Markers on the left-wing flap indicate how far the flaps are extended. The flaps can be extended to any angle up to 40°.<br/>
            - Airplane has a manual tail wheel lock. Wheel should be locked when taxiing straight for a long distance and before takeoff and landing.<br/>
            - Airplane has independent left and right hydraulic wheel brake controls. To apply either brake push the upper part of the rudder pedal.<br/>
            - Airplane has a fuel gauge which shows total fuel remaining. Also, it has an emergency fuel warning light (80 liters).<br/>
            - The design of the cockpit canopy does not allow it to be opened during flight. The canopy should be closed before takeoff to prevent damage. The canopy has an emergency release system for bailouts.<br/>
            - The gunsight has a sliding sun-filter.
        </p>
<p>
</p>
</div>
<div class="ipsSpoiler_contents">
<p>
</p>
<p>
<strong>MG 151/20 20mm guns in wing-mounted gun pods with 135 rounds per each</strong><br/>
                    Additional mass: 212 kg<br/>
                    Ammunition mass: 55 kg<br/>
                    Guns mass: 157 kg<br/>
                    Estimated speed loss: 17 km/h
                </p>
<p>
<br/><strong>249 kg General Purpose Bomb SC 250</strong><br/>
                    Additional mass: 279 kg<br/>
                    Ammunition mass: 249 kg<br/>
                    Racks mass: 30 kg<br/>
                    Estimated speed loss before drop: 41 km/h<br/>
                    Estimated speed loss after drop: 14 km/h
                </p>
<p>
<br/><strong>500 kg General Purpose Bomb SC 500</strong><br/>
                    Additional mass: 530 kg<br/>
                    Ammunition mass: 500 kg<br/>
                    Racks mass: 30 kg<br/>
                    Estimated speed loss before drop: 41 km/h<br/>
                    Estimated speed loss after drop: 13 km/h
                </p>
<p>
<br/><strong>DB 605 DC engine</strong><br/>
                    Additional mass: 0 kg<br/>
                    Estimated speed loss: 0 km/h
                </p>
<p>
</p>
</div>
<div class="ipsSpoiler_contents">
<p>
</p>
<p>
            Indicated stall speed in flight configuration: 177..208 km/h<br/>
            Indicated stall speed in takeoff/landing configuration: 164..188 km/h<br/>
            Dive speed limit: 850 km/h<br/>
            Maximum load factor: 11 G<br/>
            Stall angle of attack in flight configuration: 19.5°<br/>
            Stall angle of attack in landing configuration: 18.1°
        </p>
<p>
<br/>
            Maximum true air speed at sea level, engine mode - Emergency: 558 km/h<br/>
            Maximum true air speed at 3000 m, engine mode - Emergency: 580 km/h<br/>
            Maximum true air speed at 6200 m, engine mode - Emergency: 641 km/h
        </p>
<p>
<br/>
            Maximum true air speed at sea level, engine mode - Combat: 532 km/h<br/>
            Maximum true air speed at 3000 m, engine mode - Combat: 558 km/h<br/>
            Maximum true air speed at 5800 m, engine mode - Combat: 612 km/h
        </p>
<p>
<br/>
            Service ceiling: 10300 m<br/>
            Climb rate at sea level: 13.8 m/s<br/>
            Climb rate at 3000 m: 10.1 m/s<br/>
            Climb rate at 6000 m: 7.8 m/s
        </p>
<p>
<br/>
            Maximum performance turn at sea level: 24.2 s, at 280 km/h IAS.<br/>
            Maximum performance turn at 3000 m: 33.0 s, at 280 km/h IAS.
        </p>
<p>
<br/>
            Flight endurance at 3000 m: 3.8 h, at 350 km/h IAS.
        </p>
<p>
<br/>
            Takeoff speed: 180..220 km/h<br/>
            Glideslope speed: 215..225 km/h<br/>
            Landing speed: 160..180 km/h<br/>
            Landing angle: 12.5°
        </p>
<p>
<br/>
            Note 1: the data provided is for international standard atmosphere (ISA).<br/>
            Note 2: flight performance ranges are given for possible aircraft mass ranges.<br/>
            Note 3: maximum speeds, climb rates and turn times are given for standard aircraft mass.<br/>
            Note 4: climb rates are given for Combat power, turn times are given for Emergency power.
        </p>
<p>
<br/>
            Engine:<br/>
            Model: BMW-801D<br/>
            Maximum power in Emergency mode at sea level: 1700 HP<br/>
            Maximum power in Emergency mode at 5700 m: 1440 HP<br/>
            Maximum power in Combat mode at 700 m: 1520 HP<br/>
            Maximum power in Combat mode at 5300 m: 1320 HP
        </p>
<p>
<br/>
            Engine modes:<br/>
            Nominal (unlimited time): 2300 RPM, 1.2 ata<br/>
            Combat power (up to 30 minutes): 2400 RPM, 1.32 ata<br/>
            Emergency power (up to 3 minutes): 2700 RPM, 1.42 ata
        </p>
<p>
<br/>
            Oil rated temperature in engine intake: 60..70 °C<br/>
            Oil maximum temperature in engine intake: 85 °C<br/>
            Oil rated temperature in engine output: 105 °C<br/>
            Oil maximum temperature in engine output: 120 °C<br/>
            Cylinder head rated temperature: 180 °C<br/>
            Cylinder head maximum temperature: 220 °C<br/>
            Supercharger gear shift altitude: automatic
        </p>
<p>
<br/>
            Empty weight: 3504 kg<br/>
            Minimum weight (no ammo, 10% fuel): 3697 kg<br/>
            Standard weight: 4391 kg<br/>
            Maximum takeoff weight: 5239 kg<br/>
            Fuel load: 498 kg / 639 l<br/>
            Useful load: 1735 kg
        </p>
<p>
<br/>
            Forward-firing armament:<br/>
            2 x 20mm gun "MG 151/20", 250 rounds, 700 rounds per minute, synchronized<br/>
            2 x 20mm gun "MG 151/20", 140 rounds, 700 rounds per minute, wing-mounted<br/>
            2 x 13mm machine gun "MG 131", 475 rounds, 900 rounds per minute, synchronized<br/>
            2 x 30mm gun "MK 108", 55 rounds, 650 rounds per minute, wing-mounted (modification)
        </p>
<p>
<br/>
            Bombs:<br/>
            Up to 8 x 66 kg fragmentation bombs "SD 70"<br/>
            Up to 3 x 249 kg general purpose bomb "SC 250"<br/>
            500 kg general purpose bomb "SC 500"<br/>
            1090 kg general purpose bomb "SC 1000"
        </p>
<p>
<br/>
            Rockets:<br/>
            Two WGr.21 rockets in jettisonable launchers<br/>
            Up to 12 Panzerblitz 1 rockets (R-HL, M8)
        </p>
<p>
<br/>
            Length: 8.85 m<br/>
            Wingspan: 10.51 m<br/>
            Wing surface: 18.3 m^2
        </p>
<p>
<br/>
            Combat debut: Spring 1944
        </p>
<p>
<br/>
            Additional airplane configurations list:
        </p>
<div class="ipsSpoiler" data-ipsspoiler="">
<div class="ipsSpoiler_header">
<span>Скрытый текст</span>
</div>
<div class="ipsSpoiler_contents">
<p>
</p>
<p>
<strong>Two MK 108 30mm wing-mounted guns with 55 rounds per gun</strong><br/>
                    Additional mass: 63 kg<br/>
                    Ammunition mass: 64 kg<br/>
                    Guns mass: 116 kg<br/>
                    Estimated speed loss: 0 km/h<br/>
</p>
<p>
<strong>TC 501 Central Bombholder</strong><br/><em>4 x 66 kg Fragmentation Bombs SD 70:</em><br/>
                    Additional mass: 324 kg<br/>
                    Ammunition mass: 264 kg<br/>
                    Racks mass: 60 kg<br/>
                    Estimated speed loss before drop: 93 km/h<br/>
                    Estimated speed loss after drop: 46 km/h<br/><em>249 kg General Purpose Bomb SC 250:</em><br/>
                    Additional mass: 279 kg<br/>
                    Ammunition mass: 249 kg<br/>
                    Racks mass: 30 kg<br/>
                    Estimated speed loss before drop: 43 km/h<br/>
                    Estimated speed loss after drop: 16 km/h<br/><em>500 kg General Purpose Bomb SC 500:</em><br/>
                    Additional mass: 530 kg<br/>
                    Ammunition mass: 500 kg<br/>
                    Racks mass: 30 kg<br/>
                    Estimated speed loss before drop: 48 km/h<br/>
                    Estimated speed loss after drop: 16 km/h<br/><em>1090 kg General Purpose Bomb SC 1000:</em><br/>
                    Additional mass: 1120 kg<br/>
                    Ammunition mass: 1090 kg<br/>
                    Racks mass: 30 kg<br/>
                    Estimated speed loss before drop: 85 km/h<br/>
                    Estimated speed loss after drop: 28 km/h
                </p>
<p>
<br/><strong>Two 21cm WGr.21 rockets in jettisonable launchers</strong><br/>
                    Additional mass: 258 kg<br/>
                    Ammunition mass: 224 kg<br/>
                    Racks mass: 34 kg<br/>
                    Estimated speed loss before launch: 67 km/h<br/>
                    Estimated speed loss after launch: 16 km/h<br/>
                    Estimated speed loss after drop: 4 km/h
                </p>
<p>
<br/><strong>Additional protection: side armour plates and armoured glass on the windshield sides.</strong><br/>
                    Additional mass: 85 kg<br/>
                    Estimated speed loss: 5 km/h
                </p>
<p>
<br/><strong>Fw 190 F-8 / G-8</strong><br/>
                    Fw 190 F-8 "Schlachtflugzeug" strike modification includes additional fuselage bottom and engine armour, 70 kg underwing bomb or rocket holders and removes the outer MG151/20 wing-mounted guns.<br/>
                    Fw 190 G-8 "Jabo-Rei" bomber modification is enabled when "Removal of MG 131" is also selected. This modification also allows to attach 250 kg underwing bombs.<br/>
                    Additional mass: 68 kg<br/>
                    Estimated speed loss: 17 km/h
                </p>
<p>
<br/><strong>Removal of 2 nose-mounted 13mm MG 131 machine guns (only together with "Sturmjäger" or "F-8/G-8" modifications).</strong><br/>
                    In combination with "F-8/G-8" modification it allows to carry one SC 1000 or two SC 250 bombs.<br/>
                    Removed ammunition mass: 81 kg<br/>
                    Removed guns mass: 40 kg
                </p>
<p>
</p>
</div>
</div>
<p>
<br/>
            Operation features:<br/>
            - Airplane has a wide automatization of the engine systems, in fact, to control speed it is only necessary to use the throttle lever. There is no need to manually set engine revolutions and mixture or supercharger gear in normal flight. The engine supercharger has an automatic switch system which depends on altitude and engine revolutions.<br/>
            - There is an additional emergency engine mode system installed. When it is engaged, the first supercharger gear pressure increases to 1.58 ATA and the second gear pressure to 1.65 ATA, the time limit is 10 minutes. This system is turned on by the engine boost command and works only when the throttle is set to 100%, automatic propeller pitch system is engaged and the altitude is lower than critical altitude for a given supercharger gear.<br/>
            - Outlet cowl shutters are operated manually.<br/>
            - To reduce swinging during taxiing due to prop-wash the propeller pitch control should be switched to manual mode and pitch should be reduced to minimum.<br/>
            - When the angle of attack increases to critical levels the wing may stall suddenly and unexpectedly. There is almost no pre-stall buffet before the stalling. To avoid this the pilot must pay additional attention when performing extreme maneuvering.<br/>
            - Airplane has no flight-control trimmers. Airplane is equipped with bendable trim tabs that can be set pre-flight by ground personnel.<br/>
            - Airplane has a manually controlled horizontal stabilizer which is electrically-actuated. It should be set to +1.5° before takeoff and landing. Also, it may be used to trim the flight stick during the flight. In a deep dive the stabilizer should be set so that the pilot must push the flight stick forward to maintain the dive angle.<br/>
            - Airplane has electrically-actuated landing flaps with three fixed positions: retracted, takeoff (13°) and landing (58°). Flaps control buttons are located on left panel near the throttle. The flap angle may be checked by indicators on the left and right wing outside the cockpit.<br/>
            - Airplane has a tail wheel lock system which locks the tail wheel if the flight-stick is pulled backward. The tailwheel should be locked when taxiing straight for a long distance, before takeoff and after touchdown upon landing.<br/>
            - Airplane has independent left and right hydraulic wheel brake controls. To apply either brake push the upper part of the rudder pedal.<br/>
            - Airplane has a fuel gauge which shows the amount of remaining fuel in the front or rear fuel tank depending on switch position. In game the fuel indicator switch changes by itself during horizontal flight by every 10 seconds. Also, the airplane has an emergency fuel warning light (100 liters).<br/>
            - It is impossible to open or close the canopy at high speed due to strong airflow. The canopy has an emergency release system for bailouts.<br/>
            - The standard bomb release controller (without modification) allows dropping the bombs only one by one. The strike modification (F-8) bomb release controller allows to choose the bomb release order for underbelly and underwing bombs and the delay between each bomb in the salvo.<br/>
            - The gunsight has a sliding sun-filter.
        </p>
<p>
</p>
</div>
<div class="ipsSpoiler_contents">
<p>
</p>
<p>
<strong>Two MK 108 30mm wing-mounted guns with 55 rounds per gun</strong><br/>
                    Additional mass: 63 kg<br/>
                    Ammunition mass: 64 kg<br/>
                    Guns mass: 116 kg<br/>
                    Estimated speed loss: 0 km/h<br/>
</p>
<p>
<strong>TC 501 Central Bombholder</strong><br/><em>4 x 66 kg Fragmentation Bombs SD 70:</em><br/>
                    Additional mass: 324 kg<br/>
                    Ammunition mass: 264 kg<br/>
                    Racks mass: 60 kg<br/>
                    Estimated speed loss before drop: 93 km/h<br/>
                    Estimated speed loss after drop: 46 km/h<br/><em>249 kg General Purpose Bomb SC 250:</em><br/>
                    Additional mass: 279 kg<br/>
                    Ammunition mass: 249 kg<br/>
                    Racks mass: 30 kg<br/>
                    Estimated speed loss before drop: 43 km/h<br/>
                    Estimated speed loss after drop: 16 km/h<br/><em>500 kg General Purpose Bomb SC 500:</em><br/>
                    Additional mass: 530 kg<br/>
                    Ammunition mass: 500 kg<br/>
                    Racks mass: 30 kg<br/>
                    Estimated speed loss before drop: 48 km/h<br/>
                    Estimated speed loss after drop: 16 km/h<br/><em>1090 kg General Purpose Bomb SC 1000:</em><br/>
                    Additional mass: 1120 kg<br/>
                    Ammunition mass: 1090 kg<br/>
                    Racks mass: 30 kg<br/>
                    Estimated speed loss before drop: 85 km/h<br/>
                    Estimated speed loss after drop: 28 km/h
                </p>
<p>
<br/><strong>Two 21cm WGr.21 rockets in jettisonable launchers</strong><br/>
                    Additional mass: 258 kg<br/>
                    Ammunition mass: 224 kg<br/>
                    Racks mass: 34 kg<br/>
                    Estimated speed loss before launch: 67 km/h<br/>
                    Estimated speed loss after launch: 16 km/h<br/>
                    Estimated speed loss after drop: 4 km/h
                </p>
<p>
<br/><strong>Additional protection: side armour plates and armoured glass on the windshield sides.</strong><br/>
                    Additional mass: 85 kg<br/>
                    Estimated speed loss: 5 km/h
                </p>
<p>
<br/><strong>Fw 190 F-8 / G-8</strong><br/>
                    Fw 190 F-8 "Schlachtflugzeug" strike modification includes additional fuselage bottom and engine armour, 70 kg underwing bomb or rocket holders and removes the outer MG151/20 wing-mounted guns.<br/>
                    Fw 190 G-8 "Jabo-Rei" bomber modification is enabled when "Removal of MG 131" is also selected. This modification also allows to attach 250 kg underwing bombs.<br/>
                    Additional mass: 68 kg<br/>
                    Estimated speed loss: 17 km/h
                </p>
<p>
<br/><strong>Removal of 2 nose-mounted 13mm MG 131 machine guns (only together with "Sturmjäger" or "F-8/G-8" modifications).</strong><br/>
                    In combination with "F-8/G-8" modification it allows to carry one SC 1000 or two SC 250 bombs.<br/>
                    Removed ammunition mass: 81 kg<br/>
                    Removed guns mass: 40 kg
                </p>
<p>
</p>
</div>
<div class="ipsSpoiler_contents">
<p>
</p>
<p>
            Engine<br/>
            V8 Hispano—Suiza 8Ba 220 hp
        </p>
<p>
<br/>
            Dimensions<br/>
            Height: 2600 mm<br/>
            Length: 6250 mm<br/>
            Wing span: 8080 mm<br/>
            Wing surface: 20,2 sq.m
        </p>
<p>
<br/>
            Weight<br/>
            Empty: 565 kg<br/>
            Takeoff: 820 kg<br/>
            Fuel capacity: 113,5 l<br/>
            Oil capacity: 17 l
        </p>
<p>
<br/>
            Climb rate<br/>
            1000 m — 2 min. 32 sec.<br/>
            2000 m — 5 min. 10 sec.<br/>
            3000 m — 8 min. 24 sec.<br/>
            4000 m — 12 min. 30 sec.<br/>
            5000 m — 18 min. 01 sec.<br/>
            6000 m — 26 min. 24 sec.<br/>
            7000 m — 44 min. 24 sec.
        </p>
<p>
<br/>
            Maximum airspeed (IAS)<br/>
            sea level — 219 km/h<br/>
            1000 m — 206 km/h<br/>
            2000 m — 193 km/h<br/>
            3000 m — 180 km/h<br/>
            4000 m — 166 km/h<br/>
            5000 m — 152 km/h<br/>
            6000 m — 137 km/h<br/>
            7000 m — 119 km/h
        </p>
<p>
<br/>
            Service ceiling 7000 m
        </p>
<p>
<br/>
            Endurance at 1000m<br/>
            nominal power (combat) — 1 h. 30 min.<br/>
            minimal consumption (cruise) — 3 h.
        </p>
<p>
<br/>
            Armament<br/>
            Forward firing:  2хVickers Mk.I 7.69mm,  400 rounds per barrel.<br/>
            Bomb load:  18 kg.
        </p>
<p>
<br/>
            Additional airplane configurations list:
        </p>
<div class="ipsSpoiler" data-ipsspoiler="">
<div class="ipsSpoiler_header">
<span>Скрытый текст</span>
</div>
<div class="ipsSpoiler_contents">
<p>
</p>
<p>
<strong>Twin Vickers "Balloon" guns</strong><br/>
                    Ammo: 400 of 11.43mm rounds<br/>
                    Projectile weight: 17,5 g<br/>
                    Muzzle velocity: 610 m/s<br/>
                    Guns weight: 26 kg<br/>
                    Ammo weight: 32 kg<br/>
                    Rate of fire: 600 rpm<br/>
                    Total additional weight of weapon modification: 58 kg
                </p>
<p>
<br/><strong>Aldis Refractor-type Collimator Sight (imported from Britain)</strong><br/>
                    Additional mass: 1 kg
                </p>
<p>
<br/><strong>Le-Chretien Refractor-type Collimator Sight</strong><br/>
                    Additional mass: 1 kg
                </p>
<p>
<br/><strong>Cockpit illumination lamp for night sorties</strong><br/>
                    Additional mass: 1 kg
                </p>
<p>
<br/><strong>Two 24 lb bombs</strong><br/>
                    Additional mass: 25 kg
                </p>
<p>
<br/><strong>Camera for taking aerial photographs</strong><br/>
                    Additional mass: 1 kg
                </p>
<p>
</p>
</div>
</div>
<p>
<br/>
            Story:<br/>
            The SPAD S.XIII was designed as an improved version of the SPAD S.VII. While appearing externally similar to its predecessor, it was in fact a completely new design. A second machine gun and more a powerful engine were fitted. In addition, an auxiliary fuel tank was placed in the central section of the upper wing. The main fuel tank had outlines of the lower fuselage section. To the left and behind the cockpit was an installation for a reconnaissance camera or a bomb load. The aircraft’s first flight was made on the 4th of April 1917. The plane was manufactured by Bleriot, Levasseur, Bernard, Kellner, Safca, Borel, and Nieuport. In all, 8472 planes of the type were built.<br/>
            The S.XIII first appeared at the front in late summer-early fall 1917, being initially supplied to French fighter squadrons. It was mainly used for engaging enemy planes, escorting bombers, aerial mapping, and recon; rarely was it used for the bombing of ground targets near the front lines.<br/>
            French pilots were eager to receive the S.XIII. The second machine gun provided increased firepower, and the new engine allowed it to fly and climb faster than its predecessors. Its controls remained effective even at high altitudes. The only remaining drawback, owing to its thin wing profile, was its decreased sensitivity of controls at low speeds, which often resulted in a stall. In a dive and level flight, the SPAD S.XIII was one of the fastest aircraft of its time. Pilots who flew it remarked, “It dives faster than the wind!” It participated in battles on all fronts during WWI. French, British, American and Italian units were all equipped with the type.
        </p>
<p>
</p>
</div>
<div class="ipsSpoiler_contents">
<p>
</p>
<p>
<strong>Twin Vickers "Balloon" guns</strong><br/>
                    Ammo: 400 of 11.43mm rounds<br/>
                    Projectile weight: 17,5 g<br/>
                    Muzzle velocity: 610 m/s<br/>
                    Guns weight: 26 kg<br/>
                    Ammo weight: 32 kg<br/>
                    Rate of fire: 600 rpm<br/>
                    Total additional weight of weapon modification: 58 kg
                </p>
<p>
<br/><strong>Aldis Refractor-type Collimator Sight (imported from Britain)</strong><br/>
                    Additional mass: 1 kg
                </p>
<p>
<br/><strong>Le-Chretien Refractor-type Collimator Sight</strong><br/>
                    Additional mass: 1 kg
                </p>
<p>
<br/><strong>Cockpit illumination lamp for night sorties</strong><br/>
                    Additional mass: 1 kg
                </p>
<p>
<br/><strong>Two 24 lb bombs</strong><br/>
                    Additional mass: 25 kg
                </p>
<p>
<br/><strong>Camera for taking aerial photographs</strong><br/>
                    Additional mass: 1 kg
                </p>
<p>
</p>
</div>
<div class="ipsSpoiler_contents">
<p>
</p>
<p>
            Engine<br/>
            Clerget 9B rotary 9 cyl., 130 h.p.
        </p>
<p>
<br/>
            Dimensions<br/>
            Height : 2590 mm<br/>
            Length : 5490 mm<br/>
            Wing span : 8530 mm<br/>
            Wing surface: 21,46 sq.m.
        </p>
<p>
<br/>
            Weight<br/>
            Empty weight : 431 kg<br/>
            Takeoff weight : 700 kg<br/>
            Fuel capacity : 168 l<br/>
            Oil capacity : 20 l
        </p>
<p>
<br/>
            Climb rate<br/>
            1000 m — 2 min. 37 sec<br/>
            2000 m — 5 min. 46 sec.<br/>
            3000 m — 9 min. 40 sec.<br/>
            4000 m — 14 min. 45 sec.<br/>
            5000 m — 21 min. 41 sec.<br/>
            6000 m — 32 min. 17 sec.
        </p>
<p>
<br/>
            Maximum airspeed (IAS)<br/>
            sea level — 195 km/h<br/>
            1000 m — 183 km/h<br/>
            2000 m — 170 km/h<br/>
            3000 m — 158 km/h<br/>
            4000 m — 145 km/h<br/>
            5000 m — 132 km/h<br/>
            6000 m — 117 km/h
        </p>
<p>
<br/>
            Service ceiling 6700 m
        </p>
<p>
<br/>
            Endurance at 1000m<br/>
            nominal power (combat) — 2 h. 50 min.<br/>
            minimal consumption (cruise) — 5 h.
        </p>
<p>
<br/>
            Armament:<br/>
            Forward firing: 2хVickers Mk.I 7.69, 500 rounds per barrel.<br/>
            Bomboad: 36kg
        </p>
<p>
<br/>
            Additional airplane configurations list:
        </p>
<div class="ipsSpoiler" data-ipsspoiler="">
<div class="ipsSpoiler_header">
<span>Скрытый текст</span>
</div>
<div class="ipsSpoiler_contents">
<p>
</p>
<p>
<strong>Aldis Refractor-type Collimator Sight (imported from Britain)</strong><br/>
                    Additional mass: 1 kg
                </p>
<p>
<br/><strong>Enlarged cutout in the upper wing for improved field of view.</strong><br/>
                    Estimated speed loss: 2 km/h
                </p>
<p>
<br/><strong>Cockpit illumination lamp for night sorties</strong><br/>
                    Additional mass: 1 kg
                </p>
<p>
</p>
</div>
</div>
<p>
<br/>
            Story:<br/>
            The Sopwith Camel's construction was based on that of its predecessor, the Sopwith Pup. Sopwith's chief designer Herbert Smith decided to somewhat alter the Pup’s design, since a newarger and heavier engine would have to be mounted. Some changes were made to theanding gear struts, the spacing of the wings and stabiliser were increased, and the fuselage acquired an extension to the cockpit's trailing edge, whichooked ratherike a camel’s hump. That 'hump' is what gave the plane its name - the Sopwith Camel.
        </p>
<p>
<br/>
            A remarkable detail of the plane’s construction was its compactness: the pilot’s seat, fuel tanks, machine guns and engine were all installed very close together. In parallel with the work of the main Sopwith factory, the plane was also assembled by a number of other companies such as Ruston Proctor Co, Portholme Aerodrome Ltd, Boulton &amp; Paul Ltd, British Caudron Co. Ltd, Clayton &amp; Shuttleworth Ltd, Hooper &amp; Co. Ltd and others. In total, about 5490 Camels were built. The Camel’s first flight trials were performed by the British No. 60 squadron in March of 1917, which were followed by a series of minor improvements to the plane’s construction. Production aircraft were first delivered to fighter squadrons in May of 1917. It was primarily used for destroying enemy aircraft and balloons, while from time to time it was also engaged in ground attack operations. English journalists referred to this plane as a “small and agile beast.”
        </p>
<p>
<br/>
            Camel pilots mentioned the plane’s well-balanced flight controls, the good upward view, and the high cruising speed. Due to the aircraft's unique balance, the plane could almost instantly change its heading, which made the Camel a dangerous opponent. The typical combat scenario for the Camel pilot was a dogfight at low and medium altitudes, where the Camel had the advantage in steep turns. Veterans were known to say, “Once you become a Camel pilot, you will fly it forever.” In addition to equipping British units, this plane was also piloted by four American squadrons of the U.S. Air Service and by some Belgian pilots.
        </p>
<p>
</p>
</div>
<div class="ipsSpoiler_contents">
<p>
</p>
<p>
<strong>Aldis Refractor-type Collimator Sight (imported from Britain)</strong><br/>
                    Additional mass: 1 kg
                </p>
<p>
<br/><strong>Enlarged cutout in the upper wing for improved field of view.</strong><br/>
                    Estimated speed loss: 2 km/h
                </p>
<p>
<br/><strong>Cockpit illumination lamp for night sorties</strong><br/>
                    Additional mass: 1 kg
                </p>
<p>
</p>
</div>
<div class="ipsSpoiler_contents">
<p>
</p>
<p>
            Engine<br/>
            Oberursel UR II  rotary 9 cyl. 110 hp
        </p>
<p>
<br/>
            Dimensions<br/>
            Height: 2950 mm<br/>
            Length: 5770 mm<br/>
            Wing span: 7190 mm<br/>
            Wing surface: 18,66 sq.m.
        </p>
<p>
<br/>
            Weight<br/>
            Empty weight: 388 kg<br/>
            Takeoff weight: 571 kg<br/>
            Fuel capacity: 72 l<br/>
            Oil capacity: 20 l
        </p>
<p>
<br/>
            Climb rate<br/>
            1000 m — 3 min. 15 sec.<br/>
            2000 m — 6 min. 38 sec.<br/>
            3000 m — 10 min. 35 sec.<br/>
            4000 m — 15 min. 20 sec.<br/>
            5000 m — 21 min. 17 sec.<br/>
            6000 m — 29 min. 09 sec.<br/>
            7000 m — 40 min. 55 sec.<br/>
            8000 m — 64 min. 33 sec.
        </p>
<p>
<br/>
            Maximum airspeed (IAS)<br/>
            sea level — 169: km/h<br/>
            1000 m — 161 km/h<br/>
            2000 m — 153 km/h<br/>
            3000 m — 144 km/h<br/>
            4000 m — 136 km/h<br/>
            5000 m — 127 km/h<br/>
            6000 m — 118 km/h<br/>
            7000 m — 108 km/h<br/>
            8000 m — 94 km/h
        </p>
<p>
<br/>
            Service ceiling 7900 m
        </p>
<p>
<br/>
            Endurance(h.,min.) at 1000m<br/>
            nominal power (combat) — 1 h. 40 min.<br/>
            minimal consumption (cruise) — 2 h. 30 min
        </p>
<p>
<br/>
            Armament<br/>
            Forward firing: 2xLMG 08/15 Spandau 7.92mm, 500 rounds per barrel
        </p>
<p>
<br/>
            Additional airplane configurations list:
        </p>
<div class="ipsSpoiler" data-ipsspoiler="">
<div class="ipsSpoiler_header">
<span>Скрытый текст</span>
</div>
<div class="ipsSpoiler_contents">
<p>
</p>
<p>
<strong>Oigee Reflector-type Collimator sight (daytime dimmer installed)</strong><br/>
                    Additional mass: 1 kg
                </p>
<p>
<br/><strong>Oigee Reflector-type Collimator sight (daytime dimmer removed)</strong><br/>
                    Additional mass: 1 kg
                </p>
<p>
<br/><strong>Additional sight with front sight and rear sight mountings</strong><br/>
                    Additional mass: 1 kg
                </p>
<p>
<br/><strong>D.R.G.M liquid Inclinometer (indicates bank while on ground and sideslip while in flight)</strong><br/>
                    Additional mass: 1 kg
                </p>
<p>
<br/><strong>Wilhelm Morell needle scale Bullet Counters for 2 machine guns</strong><br/>
                    Additional mass: 1 kg
                </p>
<p>
<br/><strong>Cockpit illumination lamp for night sorties</strong><br/>
                    Additional mass: 1 kg
                </p>
<p>
</p>
</div>
</div>
<p>
<br/>
            Story:<br/>
            In the spring of 1917, during a visit to Jasta 11, Anthony Fokker inspected the construction of a captured British fighter, the Sopwith Triplane. Manfred von Richthofen related to Fokker the details of his dogfight with this new aeroplane. It was only due to his great experience that the Red Baron managed to avoid defeat.<br/>
            The prototype of the F.I (the name at the time of the Dr.I) triplane was made ready by August 1917. Some remarkable details of its construction were as follows: a steel tube fuselage frame, as well as metal frames for the stabilizer and tail fin; an absence of bracing trusses; and the placement of the ailerons on the upper wing. The plane was more compact and robust than the British Sopwith Triplane. In total, 320 Dr.I triplanes were built.<br/>
            On the 23rd of September 1917, Werner Voss shot down two British fighters while piloting an experimental version of the plane. Soon afterwards, he was attacked by six SE5s of the Royal Flying Corps. Each British plane was damaged in the course of this dramatic and historic fight, which forced two of their number to retire from the battle. It was only because he was outnumbered that the ace Voss unfortunately lost his life.<br/>
            By October 1917, the first production Fokker Dr.I planes were being delivered to fighter squadrons.<br/>
            The Fokker Dr.I triplane was a superb fighter, but it was rarely used to cover two-seater recon planes.<br/>
            Dr.I pilots reported an excellent rate of climb and manoeuvrability and a good view from the cockpit. Pilots reported, "You need only a light touch to swing this plane around!” Thanks to these features, the triplane pilot could decide whether to disengage from an attacking enemy or to attack an enemy plane. It could engage on even terms the king of the dogfight, the British Sopwith Camel, with a good chance of victory.<br/>
            RFC pilots were especially apprehensive of situations where the Fokker Dr.I and the Albatros D.Va were flying together in combat formation. The Fokkers would initiate the dogfight and the Albatros pilots would shoot down enemy planes attempting to disengage and leave the battle.<br/>
            By the spring of 1918, the plane was obsolete. Only the most outstanding German aces, masterfully piloting the plane and sharpshooting their enemies, continued to fly the triplane in combat. 
        </p>
<p>
</p>
</div>
<div class="ipsSpoiler_contents">
<p>
</p>
<p>
<strong>Oigee Reflector-type Collimator sight (daytime dimmer installed)</strong><br/>
                    Additional mass: 1 kg
                </p>
<p>
<br/><strong>Oigee Reflector-type Collimator sight (daytime dimmer removed)</strong><br/>
                    Additional mass: 1 kg
                </p>
<p>
<br/><strong>Additional sight with front sight and rear sight mountings</strong><br/>
                    Additional mass: 1 kg
                </p>
<p>
<br/><strong>D.R.G.M liquid Inclinometer (indicates bank while on ground and sideslip while in flight)</strong><br/>
                    Additional mass: 1 kg
                </p>
<p>
<br/><strong>Wilhelm Morell needle scale Bullet Counters for 2 machine guns</strong><br/>
                    Additional mass: 1 kg
                </p>
<p>
<br/><strong>Cockpit illumination lamp for night sorties</strong><br/>
                    Additional mass: 1 kg
                </p>
<p>
</p>
</div>
<div class="ipsSpoiler_contents">
<p>
</p>
<p>
            Engine<br/>
            Inline 6 cyl. Mercedes D.IIIa, 180 hp
        </p>
<p>
<br/>
            Dimensions<br/>
            Height: 2670 mm<br/>
            Length: 6950 mm<br/>
            Wing span: 9400 mm<br/>
            Wing surface: 22,09 sq.m
        </p>
<p>
<br/>
            Weight<br/>
            Empty: 725<br/>
            Takeoff: 905<br/>
            Fuel capacity: 94 l<br/>
            Oil capacity: 20 l
        </p>
<p>
<br/>
            Climb rate<br/>
            1000 m —  3 min. 23 sec.<br/>
            2000 m —  7 min. 19 sec.<br/>
            3000 m — 12 min. 02 sec.<br/>
            4000 m — 18 min. 01 sec.<br/>
            5000 m — 26 min. 22 sec.<br/>
            6000 m — 40 min. 53 sec.
        </p>
<p>
<br/>
            Maximum airspeed (IAS)<br/>
            sea level — 171 km/h<br/>
            1000 m — 164 km/h<br/>
            2000 m — 155 km/h<br/>
            3000 m — 147 km/h<br/>
            4000 m — 138 km/h<br/>
            5000 m — 127 km/h<br/>
            6000 m — 114 km/h
        </p>
<p>
<br/>
            Service ceiling 6100 m
        </p>
<p>
<br/>
            Endurance at 1000m<br/>
            nominal power (combat) — 1 h. 30 min.<br/>
            minimal consumption (cruise) — 2 h. 50 min.
        </p>
<p>
<br/>
            Armament<br/>
            Forward firing: 2хLMG 08/15 Spandau 7,92mm, 500 rounds per barrel.
        </p>
<p>
<br/>
            Additional airplane configurations list:
        </p>
<div class="ipsSpoiler" data-ipsspoiler="">
<div class="ipsSpoiler_header">
<span>Скрытый текст</span>
</div>
<div class="ipsSpoiler_contents">
<p>
</p>
<p>
<strong>Oigee Reflector-type Collimator sight (daytime dimmer installed)</strong><br/>
                    Additional mass: 1 kg
                </p>
<p>
<br/><strong>Oigee Reflector-type Collimator sight (daytime dimmer removed)</strong><br/>
                    Additional mass: 1 kg
                </p>
<p>
<br/><strong>Additional sight with front sight and rear sight mountings</strong><br/>
                    Additional mass: 1 kg
                </p>
<p>
<br/><strong>Wilhelm Morell Anemometer (45-250 km/h)</strong><br/>
                    Additional mass: 1 kg
                </p>
<p>
<br/><strong>D.R.G.M liquid Inclinometer (indicates bank while on ground and sideslip while in flight)</strong><br/>
                    Additional mass: 1 kg
                </p>
<p>
<br/><strong>D.R.P Altimeter (0-8000 m)</strong><br/>
                    Additional mass: 1 kg
                </p>
<p>
<br/><strong>Wilhelm Morell needle scale Bullet Counters for 2 machine guns</strong><br/>
                    Additional mass: 1 kg
                </p>
<p>
<br/><strong>A.Schlegelmilch engine coolant temperature indicator (0-100 °C)</strong><br/>
                    Additional mass: 1 kg
                </p>
<p>
<br/><strong>Cockpit illumination lamp for night sorties</strong><br/>
                    Additional mass: 1 kg
                </p>
<p>
</p>
</div>
</div>
<p>
<br/>
            Story:<br/>
            The Pfalz D.III was designed by Pfalz Flugzeugwerke. German engineers were impressed by the famous French Nieuport fighters, which were designed with “one-and-a-half” wings. As such, Pfalz’s design was based on the achievements of French engineers. The first trial flight was carried out in May 1917. The plane’s design featured machine guns mounted on the sides of the engine and aileron control wires situated in the lower wing. Half a year later, the Pfalz D.IIIa was introduced. It featured a more powerful engine, a larger tail fin, a modified shape of the lower wing and machine guns mounted at the pilot's line of sight. In all, 1010 Pfalz D.III and Pfalz D.IIIa aircraft were built.
        </p>
<p>
<br/>
            In June 1917, the first Pfalz D.IIIs entered service with combat squadrons. The plane was used for bomber escort and for engaging enemy fighters and balloons. Pilots noted its exceptional cockpit visibility, good manoeuvrability, and stability when firing the machine guns; speed and climb rate were described as good. Some pilots claimed that its control sensitivity was even better than that of the Albatros D.V. Its structural durability permitted steep dives in combat and successful forced landings. English and French pilots claimed that one could shoot it down only when seriously wounding or killing the pilot. Its flight characteristics improved slightly when the Mercedes D.IIIa engine was fitted. The plane participated in battles over the Western and the Turkish fronts.
        </p>
<p>
</p>
</div>
<div class="ipsSpoiler_contents">
<p>
</p>
<p>
<strong>Oigee Reflector-type Collimator sight (daytime dimmer installed)</strong><br/>
                    Additional mass: 1 kg
                </p>
<p>
<br/><strong>Oigee Reflector-type Collimator sight (daytime dimmer removed)</strong><br/>
                    Additional mass: 1 kg
                </p>
<p>
<br/><strong>Additional sight with front sight and rear sight mountings</strong><br/>
                    Additional mass: 1 kg
                </p>
<p>
<br/><strong>Wilhelm Morell Anemometer (45-250 km/h)</strong><br/>
                    Additional mass: 1 kg
                </p>
<p>
<br/><strong>D.R.G.M liquid Inclinometer (indicates bank while on ground and sideslip while in flight)</strong><br/>
                    Additional mass: 1 kg
                </p>
<p>
<br/><strong>D.R.P Altimeter (0-8000 m)</strong><br/>
                    Additional mass: 1 kg
                </p>
<p>
<br/><strong>Wilhelm Morell needle scale Bullet Counters for 2 machine guns</strong><br/>
                    Additional mass: 1 kg
                </p>
<p>
<br/><strong>A.Schlegelmilch engine coolant temperature indicator (0-100 °C)</strong><br/>
                    Additional mass: 1 kg
                </p>
<p>
<br/><strong>Cockpit illumination lamp for night sorties</strong><br/>
                    Additional mass: 1 kg
                </p>
<p>
</p>
</div>
<div class="ipsSpoiler_contents">
<p>
</p>
<p>
            Indicated stall speed in flight configuration: 165..183 km/h
        </p>
<p>
            Indicated stall speed in takeoff/landing configuration: 147..162 km/h
        </p>
<p>
            Dive speed limit: 720 km/h
        </p>
<p>
            Maximum load factor: 10 G
        </p>
<p>
            Stall angle of attack in flight configuration: 22.7 °
        </p>
<p>
            Stall angle of attack in landing configuration: 15.1 °
        </p>
<p>
</p>
<p>
            Maximum true air speed at sea level, engine mode - Boosted: 544 km/h
        </p>
<p>
            Maximum true air speed at 3000 m, engine mode - Nominal: 571 km/h
        </p>
<p>
            Maximum true air speed at 6500 m, engine mode - Nominal: 603 km/h
        </p>
<p>
</p>
<p>
            Service ceiling: 9500 m
        </p>
<p>
            Climb rate at sea level: 18 m/s
        </p>
<p>
            Climb rate at 3000 m: 13.3 m/s
        </p>
<p>
            Climb rate at 6000 m: 8.2 m/s
        </p>
<p>
</p>
<p>
            Maximum performance turn at sea level: 23.4 s, at 270 km/h IAS.
        </p>
<p>
            Maximum performance turn at 3000 m: 35.3 s, at 270 km/h IAS.
        </p>
<p>
</p>
<p>
            Flight endurance at 3000 m: 1.9 h, at 350 km/h IAS.
        </p>
<p>
</p>
<p>
            Takeoff speed: 170..200 km/h
        </p>
<p>
            Glideslope speed: 200..210 km/h
        </p>
<p>
            Landing speed: 150..160 km/h
        </p>
<p>
            Landing angle: 13 °
        </p>
<p>
</p>
<p>
            Note 1: the data provided is for international standard atmosphere (ISA).
        </p>
<p>
            Note 2: flight performance ranges are given for possible aircraft mass ranges.
        </p>
<p>
            Note 3: maximum speeds, climb rates and turn times are given for standard aircraft mass.
        </p>
<p>
            Note 4: climb rates and turn times are given for Boosted power.
        </p>
<p>
</p>
<p>
            Engine:
        </p>
<p>
            Model: M-82
        </p>
<p>
            Maximum power in Boosted mode at sea level: 1700 HP
        </p>
<p>
            Maximum power in Nominal mode at sea level: 1400 HP
        </p>
<p>
            Maximum power in Nominal mode at 2100 m: 1550 HP
        </p>
<p>
            Maximum power in Nominal mode at 5300 m: 1335 HP
        </p>
<p>
</p>
<p>
            Engine modes:
        </p>
<p>
            Nominal (unlimited time): 2400 RPM, 950 mm Hg
        </p>
<p>
            Boosted power (up to 5 minutes): 2400 RPM, 1140 mm Hg
        </p>
<p>
</p>
<p>
            Oil rated temperature in engine output: 55..90 °C
        </p>
<p>
            Oil maximum temperature in engine output: 125 °C
        </p>
<p>
            Cylinder head rated temperature: 140..210 °C
        </p>
<p>
            Cylinder head maximum temperature: 215 °C
        </p>
<p>
</p>
<p>
            Supercharger gear shift altitude: 3500 m
        </p>
<p>
</p>
<p>
            Empty weight: 2648 kg
        </p>
<p>
            Minimum weight (no ammo, 10% fuel): 2928 kg
        </p>
<p>
            Standard weight: 3353 kg
        </p>
<p>
            Maximum takeoff weight: 3593 kg
        </p>
<p>
            Fuel load: 370 kg / 521 l
        </p>
<p>
            Useful load: 945 kg
        </p>
<p>
</p>
<p>
            Forward-firing armament:
        </p>
<p>
            2 x 20mm gun "SsVAK", 170 rounds, 800 rounds per minute, synchronized
        </p>
<p>
</p>
<p>
            Bombs:
        </p>
<p>
            2 x 50 kg general purpose bombs "FAB-50sv"
        </p>
<p>
            2 x 104 kg general purpose bombs "FAB-100M"
        </p>
<p>
</p>
<p>
            Length: 8.672 m
        </p>
<p>
            Wingspan: 9.8 m
        </p>
<p>
            Wing surface: 17.51 m^2
        </p>
<p>
</p>
<p>
            Combat debut: September 1942
        </p>
<p>
</p>
<p>
            Additional airplane configurations list:
        </p>
<p>
</p>
<div class="ipsSpoiler" data-ipsspoiler="">
<div class="ipsSpoiler_header">
</div>
<div class="ipsSpoiler_contents">
<p>
</p>
<p>
<strong>Loadout variants: armour piercing (AP) or high-explosive (HE) rounds only</strong>
</p>
<p>
</p>
<p>
<strong>2 x 50 kg General Purpose Bombs FAB-50sv</strong>
</p>
<p>
                    Additional mass: 120 kg
                </p>
<p>
                    Ammunition mass: 100 kg
                </p>
<p>
                    Racks mass: 20 kg
                </p>
<p>
                    Estimated speed loss before drop: 20 km/h
                </p>
<p>
                    Estimated speed loss after drop: 12 km/h
                </p>
<p>
</p>
<p>
<strong>2 x 104 kg General Purpose Bombs FAB-100M</strong>
</p>
<p>
                    Additional mass: 228 kg
                </p>
<p>
                    Ammunition mass: 208 kg
                </p>
<p>
                    Racks mass: 20 kg
                </p>
<p>
                    Estimated speed loss before drop: 27 km/h
                </p>
<p>
                    Estimated speed loss after drop: 12 km/h
                </p>
<p>
</p>
<p>
<strong>Flat frontal section for better visibility</strong>
</p>
<p>
                    Additional mass: 2 kg
                </p>
<p>
                    Estimated speed loss: 2 km/h
                </p>
<p>
</p>
<p>
<strong>RPK-10 fixed loop radio compass for navigation with radio beacons</strong>
</p>
<p>
                    Additional mass: 10 kg
                </p>
<p>
                    Estimated speed loss: 0 km/h
                </p>
<p>
</p>
<p>
<strong>Late M-82F engine modification with unlimited boosted mode duration. Performance wise, early La-5 aircraft upgraded with this engine are similar to La-5F model.</strong>
</p>
<p>
                    Additional mass: 0 kg
                </p>
<p>
                    Estimated speed loss: 0 km/h
                </p>
<p>
</p>
</div>
</div>
<p>
</p>
<p>
            Operation features:
        </p>
<p>
            - Engine has a boost mode. To set boost mode it is necessary to push the boost knob and increase manifold pressure to 1140 mm Hg.
        </p>
<p>
            - Engine has a two-stage mechanical supercharger which must be manually switched at 3500m altitude.
        </p>
<p>
            - Engine mixture control is automatic when the mixture lever is set to maximum. It is possible to manually lean the mixture by moving the mixture control to less than maximum. This also reduces fuel consumption during flight.
        </p>
<p>
            - Engine RPM has an automatic governor and it is maintained at the required RPM corresponding to the governor control lever position. The governor automatically controls the propeller pitch to maintain the required RPM.
        </p>
<p>
            - Oil radiator, air cooling intake and outlet shutters is manually controlled.
        </p>
<p>
            - Air cooling intake shutters should always be open. They should only be closed when there is a possibility of engine overcooling, for example in a dive with idle throttle.
        </p>
<p>
            - Airplane has trimmers for all flight-controls: pitch, roll, yaw.
        </p>
<p>
            - Airplane has automatic wing slats. They deploy when the high angle of attack increases which makes pre-stall softer.
        </p>
<p>
            - Landing flaps have a hydraulic actuator and they can be extended to any angle up to 60°.
        </p>
<p>
            - Airplane tail wheel rotates freely and does not have a lock. For this reason, it is necessary to confidently and accurately operate the rudder pedals during the takeoff and landing.
        </p>
<p>
            - Airplane has differential pneumatic wheel brakes with shared control lever. This means that if the brake lever is held and the rudder pedal the opposite wheel brake is gradually released causing the plane to swing to one side or the other.
        </p>
<p>
            - Airplane has a fuel gauge which shows total remaining fuel.
        </p>
<p>
            - Cockpit canopy has a weak lock when in the opened position, for this reason the canopy may spontaneously close in a deep dive. Also, it is impossible to open or close canopy at high speed due to strong airflow. The canopy has no emergency release, so bail out requires the speed drop before it.
        </p>
<p>
            - The control system of wing-mounted bomb racks only allows the dropping of bombs one by one.
        </p>
<p>
</p>
</div>
<div class="ipsSpoiler_contents">
<p>
</p>
<p>
<strong>Loadout variants: armour piercing (AP) or high-explosive (HE) rounds only</strong>
</p>
<p>
</p>
<p>
<strong>2 x 50 kg General Purpose Bombs FAB-50sv</strong>
</p>
<p>
                    Additional mass: 120 kg
                </p>
<p>
                    Ammunition mass: 100 kg
                </p>
<p>
                    Racks mass: 20 kg
                </p>
<p>
                    Estimated speed loss before drop: 20 km/h
                </p>
<p>
                    Estimated speed loss after drop: 12 km/h
                </p>
<p>
</p>
<p>
<strong>2 x 104 kg General Purpose Bombs FAB-100M</strong>
</p>
<p>
                    Additional mass: 228 kg
                </p>
<p>
                    Ammunition mass: 208 kg
                </p>
<p>
                    Racks mass: 20 kg
                </p>
<p>
                    Estimated speed loss before drop: 27 km/h
                </p>
<p>
                    Estimated speed loss after drop: 12 km/h
                </p>
<p>
</p>
<p>
<strong>Flat frontal section for better visibility</strong>
</p>
<p>
                    Additional mass: 2 kg
                </p>
<p>
                    Estimated speed loss: 2 km/h
                </p>
<p>
</p>
<p>
<strong>RPK-10 fixed loop radio compass for navigation with radio beacons</strong>
</p>
<p>
                    Additional mass: 10 kg
                </p>
<p>
                    Estimated speed loss: 0 km/h
                </p>
<p>
</p>
<p>
<strong>Late M-82F engine modification with unlimited boosted mode duration. Performance wise, early La-5 aircraft upgraded with this engine are similar to La-5F model.</strong>
</p>
<p>
                    Additional mass: 0 kg
                </p>
<p>
                    Estimated speed loss: 0 km/h
                </p>
<p>
</p>
</div>
<div class="ipsSpoiler_contents">
<p>
</p>
<p>
            Indicated stall speed in flight configuration: 168..185 km/h
        </p>
<p>
            Indicated stall speed in takeoff/landing configuration: 147..159 km/h
        </p>
<p>
            Dive speed limit: 720 km/h
        </p>
<p>
            Maximum load factor: 10 G
        </p>
<p>
            Stall angle of attack in flight configuration: 22.2 °
        </p>
<p>
            Stall angle of attack in landing configuration: 15.0 °
        </p>
<p>
</p>
<p>
            Maximum true air speed at sea level, engine mode - Boosted: 552 km/h
        </p>
<p>
            Maximum true air speed at sea level, engine mode - Nominal: 583 km/h
        </p>
<p>
            Maximum true air speed at 2500 m, engine mode - Nominal: 605 km/h
        </p>
<p>
            Maximum true air speed at 6000 m, engine mode - Nominal: 646 km/h
        </p>
<p>
</p>
<p>
            Service ceiling: 10500 m
        </p>
<p>
            Climb rate at sea level: 20 m/s
        </p>
<p>
            Climb rate at 3000 m: 16.7 m/s
        </p>
<p>
            Climb rate at 6000 m: 12.5 m/s
        </p>
<p>
</p>
<p>
            Maximum performance turn at sea level: 21.0 s, at 320 km/h IAS.
        </p>
<p>
            Maximum performance turn at 3000 m: 28.0 s, at 340 km/h IAS.
        </p>
<p>
</p>
<p>
            Flight endurance at 3000 m: 2.0 h, at 350 km/h IAS.
        </p>
<p>
</p>
<p>
            Takeoff speed: 175..195 km/h
        </p>
<p>
            Glideslope speed: 200..210 km/h
        </p>
<p>
            Landing speed: 150..160 km/h
        </p>
<p>
            Landing angle: 13 °
        </p>
<p>
</p>
<p>
            Note 1: the data provided is for international standard atmosphere (ISA).
        </p>
<p>
            Note 2: flight performance ranges are given for possible aircraft mass ranges.
        </p>
<p>
            Note 3: maximum speeds, climb rates and turn times are given for standard aircraft mass.
        </p>
<p>
            Note 4: climb rates and turn times are given for Boosted power.
        </p>
<p>
</p>
<p>
            Engine:
        </p>
<p>
            Model: M-82FN
        </p>
<p>
            Maximum power in Boosted mode at sea level: 1850 HP
        </p>
<p>
            Maximum power in Nominal mode at sea level: 1560 HP
        </p>
<p>
            Maximum power in Nominal mode at 1550 m: 1630 HP
        </p>
<p>
            Maximum power in Nominal mode at 4800 m: 1460 HP
        </p>
<p>
</p>
<p>
            Engine modes:
        </p>
<p>
            Nominal (unlimited time): 2400 RPM, 1000 mm Hg
        </p>
<p>
            Boosted power (up to 10 minutes): 2500 RPM, 1180 mm Hg
        </p>
<p>
</p>
<p>
            Oil rated temperature in engine intake: 65..75 °C
        </p>
<p>
            Oil maximum temperature in engine intake: 85 °C
        </p>
<p>
            Cylinder head rated temperature: 180..215 °C
        </p>
<p>
            Cylinder head maximum temperature: 250 °C
        </p>
<p>
</p>
<p>
            Supercharger gear shift altitude: 3500 m
        </p>
<p>
</p>
<p>
            Empty weight: 2655 kg
        </p>
<p>
            Minimum weight (no ammo, 10% fuel): 2929 kg
        </p>
<p>
            Standard weight: 3305 kg
        </p>
<p>
            Maximum takeoff weight: 3544 kg
        </p>
<p>
            Fuel load: 334 kg / 464 l
        </p>
<p>
            Useful load: 896 kg
        </p>
<p>
</p>
<p>
            Forward-firing armament:
        </p>
<p>
            2 x 20mm gun "SsVAK", 170 rounds, 800 rounds per minute, synchronized
        </p>
<p>
</p>
<p>
            Bombs:
        </p>
<p>
            2 x 50 kg general purpose bombs "FAB-50sv"
        </p>
<p>
            2 x 104 kg general purpose bombs "FAB-100M"
        </p>
<p>
</p>
<p>
            Length: 8.672 m
        </p>
<p>
            Wingspan: 9.8 m
        </p>
<p>
            Wing surface: 17.51 m^2
        </p>
<p>
</p>
<p>
            Combat debut: June 1943
        </p>
<p>
</p>
<p>
            Additional airplane configurations list:
        </p>
<p>
</p>
<div class="ipsSpoiler" data-ipsspoiler="">
<div class="ipsSpoiler_header">
</div>
<div class="ipsSpoiler_contents">
<p>
</p>
<p>
<strong>Loadout variants: armour piercing (AP) or high-explosive (HE) rounds only</strong>
</p>
<p>
</p>
<p>
<strong>2 x 50 kg General Purpose Bombs FAB-50sv</strong>
</p>
<p>
                    Additional mass: 120 kg
                </p>
<p>
                    Ammunition mass: 100 kg
                </p>
<p>
                    Racks mass: 20 kg
                </p>
<p>
                    Estimated speed loss before drop: 20 km/h
                </p>
<p>
                    Estimated speed loss after drop: 12 km/h
                </p>
<p>
</p>
<p>
<strong>2 x 104 kg General Purpose Bombs FAB-100M</strong>
</p>
<p>
                    Additional mass: 228 kg
                </p>
<p>
                    Ammunition mass: 208 kg
                </p>
<p>
                    Racks mass: 20 kg
                </p>
<p>
                    Estimated speed loss before drop: 27 km/h
                </p>
<p>
                    Estimated speed loss after drop: 12 km/h
                </p>
<p>
</p>
<p>
<strong>Landing light for night flights</strong>
</p>
<p>
                    Additional mass: 2 kg
                </p>
<p>
                    Estimated speed loss: 0 km/h
                </p>
<p>
</p>
<p>
<strong>RPK-10 fixed loop radio compass for navigation with radio beacons</strong>
</p>
<p>
                    Additional mass: 10 kg
                </p>
<p>
                    Estimated speed loss: 0 km/h
                </p>
<p>
</p>
<p>
<strong>Rear view mirror</strong>
</p>
<p>
                    Additional mass: 1 kg
                </p>
<p>
                    Estimated speed loss: 0 km/h
                </p>
<p>
</p>
</div>
</div>
<p>
</p>
<p>
            Operation features:
        </p>
<p>
            - The engine has a boost mode. To engage it, increase the manifold pressure to 1180 mm Hg. Boost only works on 1st supercharger gear.
        </p>
<p>
            - Engine has a two-stage mechanical supercharger which must be manually switched at 3500m altitude.
        </p>
<p>
            - Engine RPM has an automatic governor and it is maintained at the required RPM corresponding to the governor control lever position. The governor automatically controls the propeller pitch to maintain the required RPM.
        </p>
<p>
            - Oil radiator, air cooling intake and outlet shutters are manually controlled.
        </p>
<p>
            - Air cooling intake shutters should always be open. They should only be closed when there is a possibility of engine overcooling, for example in a dive with idle throttle.
        </p>
<p>
            - Aircraft is equipped with elevator and rudder trimmers.
        </p>
<p>
            - Airplane has automatic wing slats. They deploy when the high angle of attack increases which makes pre-stall softer.
        </p>
<p>
            - Landing flaps have a hydraulic actuator and they can be extended to any angle up to 60°.
        </p>
<p>
            - Airplane tail wheel rotates freely and does not have a lock. For this reason, it is necessary to confidently and accurately operate the rudder pedals during the takeoff and landing.
        </p>
<p>
            - Airplane has differential pneumatic wheel brakes with shared control lever. This means that if the brake lever is held and the rudder pedal the opposite wheel brake is gradually released causing the plane to swing to one side or the other.
        </p>
<p>
            - Airplane has a fuel gauge which shows total remaining fuel.
        </p>
<p>
            - Also, it is impossible to open or close canopy at high speed due to strong airflow. The canopy has no emergency release, so bail out requires the speed drop before it.
        </p>
<p>
            - The control system for the bomb rack only allows to drop bombs one by one.
        </p>
<p>
</p>
</div>
<div class="ipsSpoiler_contents">
<p>
</p>
<p>
<strong>Loadout variants: armour piercing (AP) or high-explosive (HE) rounds only</strong>
</p>
<p>
</p>
<p>
<strong>2 x 50 kg General Purpose Bombs FAB-50sv</strong>
</p>
<p>
                    Additional mass: 120 kg
                </p>
<p>
                    Ammunition mass: 100 kg
                </p>
<p>
                    Racks mass: 20 kg
                </p>
<p>
                    Estimated speed loss before drop: 20 km/h
                </p>
<p>
                    Estimated speed loss after drop: 12 km/h
                </p>
<p>
</p>
<p>
<strong>2 x 104 kg General Purpose Bombs FAB-100M</strong>
</p>
<p>
                    Additional mass: 228 kg
                </p>
<p>
                    Ammunition mass: 208 kg
                </p>
<p>
                    Racks mass: 20 kg
                </p>
<p>
                    Estimated speed loss before drop: 27 km/h
                </p>
<p>
                    Estimated speed loss after drop: 12 km/h
                </p>
<p>
</p>
<p>
<strong>Landing light for night flights</strong>
</p>
<p>
                    Additional mass: 2 kg
                </p>
<p>
                    Estimated speed loss: 0 km/h
                </p>
<p>
</p>
<p>
<strong>RPK-10 fixed loop radio compass for navigation with radio beacons</strong>
</p>
<p>
                    Additional mass: 10 kg
                </p>
<p>
                    Estimated speed loss: 0 km/h
                </p>
<p>
</p>
<p>
<strong>Rear view mirror</strong>
</p>
<p>
                    Additional mass: 1 kg
                </p>
<p>
                    Estimated speed loss: 0 km/h
                </p>
<p>
</p>
</div>
<div class="ipsSpoiler_contents">
<p>
</p>
<p>
            Indicated stall speed in flight configuration: 153..169 km/h
        </p>
<p>
            Indicated stall speed in takeoff/landing configuration: 132..145 km/h
        </p>
<p>
            Dive speed limit: 720 km/h
        </p>
<p>
            Maximum load factor: 10.3 G
        </p>
<p>
            Stall angle of attack in flight configuration: 18 °
        </p>
<p>
            Stall angle of attack in landing configuration: 15.6 °
        </p>
<p>
</p>
<p>
            Maximum true air speed at sea level, engine mode - Nominal, 2550 RPM: 530 km/h
        </p>
<p>
            Maximum true air speed at 2000 m, engine mode - Nominal, 2700 RPM: 567 km/h
        </p>
<p>
            Maximum true air speed at 4500 m, engine mode - Nominal, 2700 RPM: 600 km/h
        </p>
<p>
</p>
<p>
            Service ceiling: 10600 m
        </p>
<p>
            Climb rate at sea level: 17.0 m/s
        </p>
<p>
            Climb rate at 3000 m: 15.0 m/s
        </p>
<p>
            Climb rate at 6000 m: 9.5 m/s
        </p>
<p>
</p>
<p>
            Maximum performance turn at sea level: 19.0 s, at 270 km/h IAS.
        </p>
<p>
            Maximum performance turn at 3000 m: 24.1 s, at 270 km/h IAS.
        </p>
<p>
</p>
<p>
            Flight endurance at 3000 m: 2.0 h, at 350 km/h IAS.
        </p>
<p>
</p>
<p>
            Takeoff speed: 160..190 km/h
        </p>
<p>
            Glideslope speed: 195..205 km/h
        </p>
<p>
            Landing speed: 135..145 km/h
        </p>
<p>
            Landing angle: 12 °
        </p>
<p>
</p>
<p>
            Note 1: the data provided is for international standard atmosphere (ISA).
        </p>
<p>
            Note 2: flight performance ranges are given for possible aircraft mass ranges.
        </p>
<p>
            Note 3: maximum speeds, climb rates and turn times are given for standard aircraft mass.
        </p>
<p>
            Note 4: climb rates and turn times are given for Nominal (2700 RPM) power.
        </p>
<p>
</p>
<p>
            Engine:
        </p>
<p>
            Model: M-105PF
        </p>
<p>
            Maximum power in Nominal mode (2550 RPM) at sea level: 1240 HP
        </p>
<p>
            Maximum power in Nominal mode (2700 RPM) at sea level: 1210 HP
        </p>
<p>
            Maximum power in Nominal mode (2700 RPM) at 800 m: 1260 HP
        </p>
<p>
            Maximum power in Nominal mode (2700 RPM) at 2700 m: 1200 HP
        </p>
<p>
</p>
<p>
            Engine modes:
        </p>
<p>
            Nominal (unlimited time): 2550/2700 RPM, 1050 mm Hg
        </p>
<p>
</p>
<p>
            Water rated temperature in engine output: 70..85 °C
        </p>
<p>
            Water maximum temperature in engine output: 100 °C
        </p>
<p>
            Oil rated temperature in engine output: 90..100 °C
        </p>
<p>
            Oil maximum temperature in engine output: 115 °C
        </p>
<p>
</p>
<p>
            Supercharger gear shift altitude: 2300 m
        </p>
<p>
</p>
<p>
            Empty weight: 2322 kg
        </p>
<p>
            Minimum weight (no ammo, 10% fuel): 2543 kg
        </p>
<p>
            Standard weight: 2887 kg
        </p>
<p>
            Maximum takeoff weight: 3117 kg
        </p>
<p>
            Fuel load: 304 kg / 408 l
        </p>
<p>
            Useful load: 795 kg
        </p>
<p>
</p>
<p>
            Forward-firing armament:
        </p>
<p>
            20mm gun "SsVAK", 140 rounds, 800 rounds per minute, nose-mounted
        </p>
<p>
            12.7mm machine gun "UB", 220 rounds, 1000 rounds per minute, synchronized
        </p>
<p>
</p>
<p>
            Bombs:
        </p>
<p>
            2 x 50 kg general purpose bombs "FAB-50sv"
        </p>
<p>
            2 x 104 kg general purpose bombs "FAB-100M"
        </p>
<p>
</p>
<p>
            Length: 8.5 m
        </p>
<p>
            Wingspan: 10 m
        </p>
<p>
            Wing surface: 17.15 m^2
        </p>
<p>
</p>
<p>
            Combat debut: April 1943
        </p>
<p>
</p>
<p>
            Additional airplane configurations list:
        </p>
<p>
</p>
<div class="ipsSpoiler" data-ipsspoiler="">
<div class="ipsSpoiler_header">
</div>
<div class="ipsSpoiler_contents">
<p>
</p>
<p>
<strong>2 x 50 kg General Purpose Bombs FAB-50sv</strong>
</p>
<p>
                    Additional mass: 120 kg
                </p>
<p>
                    Ammunition mass: 100 kg
                </p>
<p>
                    Racks mass: 20 kg
                </p>
<p>
                    Estimated speed loss before drop: 23 km/h
                </p>
<p>
                    Estimated speed loss after drop: 13 km/h
                </p>
<p>
</p>
<p>
<strong>2 x 104 kg General Purpose Bombs FAB-100M</strong>
</p>
<p>
                    Additional mass: 228 kg
                </p>
<p>
                    Ammunition mass: 208 kg
                </p>
<p>
                    Racks mass: 20 kg
                </p>
<p>
                    Estimated speed loss before drop: 31 km/h
                </p>
<p>
                    Estimated speed loss after drop: 13 km/h
                </p>
<p>
</p>
<p>
<strong>Landing light for night flights</strong>
</p>
<p>
                    Additional mass: 2 kg
                </p>
<p>
                    Estimated speed loss: 0 km/h
                </p>
<p>
</p>
<p>
<strong>RPK-10 fixed loop radio compass for navigation with radio beacons</strong>
</p>
<p>
                    Additional mass: 10 kg
                </p>
<p>
                    Estimated speed loss: 0 km/h
                </p>
<p>
</p>
<p>
<strong>Mirror for view to rear hemisphere</strong>
</p>
<p>
                    Additional mass: 1 kg
                </p>
<p>
                    Estimated speed loss: 0 km/h
                </p>
<p>
</p>
</div>
</div>
<p>
</p>
<p>
            Operation features:
        </p>
<p>
            - Engine has a two-stage mechanical supercharger which must be manually switched at 2300m altitude.
        </p>
<p>
            - Engine mixture control is manual; it is necessary to lean the mixture if altitude is more than 3-4 km for optimal engine operation. Also, leaning the mixture allows a reduction in fuel consumption during flight.
        </p>
<p>
            - Engine RPM has an automatic governor and it is maintained at the required RPM corresponding to the governor control lever position. The governor automatically controls the propeller pitch to maintain the required RPM.
        </p>
<p>
            - Water and oil radiator shutter control is manual.
        </p>
<p>
            - Airplane has only a flight-control trimmer on the pitch.
        </p>
<p>
            - Landing flaps have a pneumatic actuator. Flaps can only be fully extended; gradual extending is impossible. Due to the weak force of the actuator the extended landing flaps may be pressed upwards by the airflow if the airspeed is more than 220 km/h. Remember that the flaps will not extend fully in case of high speed. In case of a high-speed landing approach the flaps may extend a few steps further right before landing.
        </p>
<p>
            - Airplane has a tailwheel control system which is unlocked by the rudder if the rudder pedal is pressed more than 75% of its range. The tailwheel remains locked if pedals are deflected less than 75%. Because of this, it is necessary to avoid large rudder pedal inputs when moving at high speed.
        </p>
<p>
            - Airplane has differential pneumatic wheel brakes with shared control lever. This means that if the brake lever is held and the rudder pedal the opposite wheel brake is gradually released causing the plane to swing to one side or the other.
        </p>
<p>
            - Fuel gauges are installed on left and right wing fuel tanks, outside of the cockpit. They show remaining fuel level only when there is less than 80 liters of fuel left in the tank.
        </p>
<p>
            - It is impossible to open or close the canopy at high speed due to strong airflow. The canopy has no emergency release, so bail out requires the speed drop before it.
        </p>
<p>
            - The control system for the wing-mounted bomb racks only allows releasing of both bombs together.
        </p>
<p>
</p>
</div>
<div class="ipsSpoiler_contents">
<p>
</p>
<p>
<strong>2 x 50 kg General Purpose Bombs FAB-50sv</strong>
</p>
<p>
                    Additional mass: 120 kg
                </p>
<p>
                    Ammunition mass: 100 kg
                </p>
<p>
                    Racks mass: 20 kg
                </p>
<p>
                    Estimated speed loss before drop: 23 km/h
                </p>
<p>
                    Estimated speed loss after drop: 13 km/h
                </p>
<p>
</p>
<p>
<strong>2 x 104 kg General Purpose Bombs FAB-100M</strong>
</p>
<p>
                    Additional mass: 228 kg
                </p>
<p>
                    Ammunition mass: 208 kg
                </p>
<p>
                    Racks mass: 20 kg
                </p>
<p>
                    Estimated speed loss before drop: 31 km/h
                </p>
<p>
                    Estimated speed loss after drop: 13 km/h
                </p>
<p>
</p>
<p>
<strong>Landing light for night flights</strong>
</p>
<p>
                    Additional mass: 2 kg
                </p>
<p>
                    Estimated speed loss: 0 km/h
                </p>
<p>
</p>
<p>
<strong>RPK-10 fixed loop radio compass for navigation with radio beacons</strong>
</p>
<p>
                    Additional mass: 10 kg
                </p>
<p>
                    Estimated speed loss: 0 km/h
                </p>
<p>
</p>
<p>
<strong>Mirror for view to rear hemisphere</strong>
</p>
<p>
                    Additional mass: 1 kg
                </p>
<p>
                    Estimated speed loss: 0 km/h
                </p>
<p>
</p>
</div>
<div class="ipsSpoiler_contents">
<p>
</p>
<p>
            Indicated stall speed in flight configuration: 153..176 km/h
        </p>
<p>
            Indicated stall speed in takeoff/landing configuration: 141..164 km/h
        </p>
<p>
</p>
<p>
            Dive speed limit: 860 km/h
        </p>
<p>
            Maximum load factor: 12.2 G
        </p>
<p>
            Stall angle of attack in flight configuration: 14 °
        </p>
<p>
            Stall angle of attack in landing configuration: 12.6 °
        </p>
<p>
</p>
<p>
            Maximum true air speed at sea level, engine mode - Take-off: 494 km/h
        </p>
<p>
            Maximum true air speed at 5000 m, engine mode - Take-off: 601 km/h
        </p>
<p>
</p>
<p>
            Service ceiling: 9200 m
        </p>
<p>
            Climb rate at sea level: 12.5 m/s
        </p>
<p>
            Climb rate at 3000 m: 10 m/s
        </p>
<p>
            Climb rate at 6000 m: 3.7 m/s
        </p>
<p>
</p>
<p>
            Maximum performance turn at sea level: 24.3 s, at 270 km/h IAS.
        </p>
<p>
            Maximum performance turn at 3000 m: 36.1 s, at 270 km/h IAS.
        </p>
<p>
</p>
<p>
            Flight endurance at 3000 m: 2.8 h, at 350 km/h IAS.
        </p>
<p>
</p>
<p>
            Takeoff speed: 160..190 km/h
        </p>
<p>
            Glideslope speed: 210..220 km/h
        </p>
<p>
            Landing speed: 140..145 km/h
        </p>
<p>
            Landing angle: 13.9 °
        </p>
<p>
</p>
<p>
            Note 1: the data provided is for international standard atmosphere (ISA).
        </p>
<p>
            Note 2: flight performance ranges are given for possible aircraft mass ranges.
        </p>
<p>
            Note 3: maximum speeds, climb rates and turn times are given for standard aircraft mass.
        </p>
<p>
            Note 4: climb rates are given for Take-off power, turn times are given for Maximum possible power.
        </p>
<p>
</p>
<p>
            Engine:
        </p>
<p>
            Model: V-1710-39
        </p>
<p>
            Maximum power in Maximum Possible power mode at sea level: 1470 HP
        </p>
<p>
            Maximum power in Take-off mode at sea level: 1150 HP
        </p>
<p>
            Maximum power in Nominal mode at sea level: 900 HP
        </p>
<p>
            Maximum power in Combat mode at 12000 feet: 1150 HP
        </p>
<p>
            Maximum power in Nominal mode at 10800 feet: 1000 HP
        </p>
<p>
</p>
<p>
            Engine modes:
        </p>
<p>
            Nominal (unlimited time): 2600 RPM, 37.2 inch Hg
        </p>
<p>
            Combat power (up to 5 minutes): 3000 RPM, 42 inch Hg
        </p>
<p>
            Take-off power (up to 2 minutes): 3000 RPM, 45.5 inch Hg
        </p>
<p>
            Maximum Possible power (prohibited by flight manual): 3000 RPM, 56.0 inch Hg
        </p>
<p>
</p>
<p>
            Water rated temperature in engine output: 105..115 °C
        </p>
<p>
            Water maximum temperature in engine output: 125 °C
        </p>
<p>
            Oil rated temperature in engine intake: 70..85 °C
        </p>
<p>
            Oil maximum temperature in engine intake: 90 °C
        </p>
<p>
</p>
<p>
            Supercharger gear shift altitude: single gear
        </p>
<p>
</p>
<p>
            Empty weight: 3073 kg
        </p>
<p>
            Minimum weight (no ammo, 10% fuel): 3264.2 kg
        </p>
<p>
            Standart weight: 3819.1 kg
        </p>
<p>
            Maximum takeoff weight: 4414 kg
        </p>
<p>
            Fuel load: 404 kg / 561 l
        </p>
<p>
            Useful load: 1341 kg
        </p>
<p>
</p>
<p>
            Forward-firing armament:
        </p>
<p>
            6 x 12.7mm machine gun "M2.50", 235 rounds, 850 rounds per minute, wing-mounted
        </p>
<p>
</p>
<p>
            Bombs:
        </p>
<p>
            254 kg general purpose bomb "FAB-250sv"
        </p>
<p>
            512 kg general purpose bomb "FAB-500M"
        </p>
<p>
</p>
<p>
            Rockets:
        </p>
<p>
            4 x 7 kg rockets "ROS-82", HE payload mass 2.52 kg
        </p>
<p>
</p>
<p>
            Length: 9.05 m
        </p>
<p>
            Wingspan: 11.4 m
        </p>
<p>
            Wing surface: 21.92 m^2
        </p>
<p>
</p>
<p>
            Combat debut: December 1941
        </p>
<p>
</p>
<p>
            Additional airplane configurations list:
        </p>
<p>
</p>
<div class="ipsSpoiler" data-ipsspoiler="">
<div class="ipsSpoiler_header">
</div>
<div class="ipsSpoiler_contents">
<p>
</p>
<p>
<strong>Removal of 2 external wing-mounted machine guns to reduce total weight</strong>
</p>
<p>
                    Weight savings: 156 kg
                </p>
<p>
                    Removed ammunition mass: 64 kg
                </p>
<p>
                    Removed guns mass: 92 kg
                </p>
<p>
                    Estimated additional speed: 3 km/h
                </p>
<p>
</p>
<p>
<strong>Additional ammo for machine guns: 312 for internal ones, 291 for middle ones, 240 for external ones (instead of 235 per each) or 615 per each for 4x MG.</strong>
</p>
<p>
                    6 machineguns:
                </p>
<p>
                    Additional mass: 38 kg
                </p>
<p>
                    Estimated speed loss: 0 km/h
                </p>
<p>
                    4 machineguns:
                </p>
<p>
                    Additional mass: 207 kg
                </p>
<p>
                    Estimated speed loss: 2 km/h
                </p>
<p>
</p>
<p>
<strong>254 kg General Purpose Bomb FAB-250sv</strong>
</p>
<p>
                    Additional mass: 264 kg
                </p>
<p>
                    Ammunition mass: 254 kg
                </p>
<p>
                    Rack mass: 10 kg
                </p>
<p>
                    Estimated speed loss before drop: 19 km/h
                </p>
<p>
                    Estimated speed loss after drop: 7 km/h
                </p>
<p>
</p>
<p>
<strong>254 kg General Purpose Bomb FAB-500M</strong>
</p>
<p>
                    Additional mass: 522 kg
                </p>
<p>
                    Ammunition mass: 512 kg
                </p>
<p>
                    Rack mass: 10 kg
                </p>
<p>
                    Estimated speed loss before drop: 36 km/h
                </p>
<p>
                    Estimated speed loss after drop: 7 km/h
                </p>
<p>
</p>
<p>
<strong>4 x 82mm High Explosive unguided rockets ROS-82</strong>
</p>
<p>
                    Additional mass: 40 kg
                </p>
<p>
                    Ammunition mass: 28 kg
                </p>
<p>
                    Racks mass: 12 kg
                </p>
<p>
                    Estimated speed loss before launch: 13 km/h
                </p>
<p>
                    Estimated speed loss after launch: 10 km/h
                </p>
<p>
</p>
<p>
<strong>Mirror for view to rear hemisphere</strong>
</p>
<p>
                    Additional mass: 1 kg
                </p>
<p>
                    Estimated speed loss: 2 km/h
                </p>
<p>
</p>
</div>
</div>
<p>
</p>
<p>
            Operation features:
        </p>
<p>
            - Engine has no manifold pressure automatic governor. For this reason, manifold pressure not only depends on throttle position, but also from RPM and altitude. This requires additional checking of manifold pressure to not cause engine damage.
        </p>
<p>
            - Engine has a single-stage mechanical supercharger which does not require manual control.
        </p>
<p>
            - Engine is equipped with an automatic fuel mixture control which maintains optimal mixture if mixture lever is set to Auto Rich (66%) position. To use automatic mixture leaning to reduce fuel consumption during flight it is necessary to set mixture lever to Auto Lean (33%) position. In the case of mulfunction of the automatic mixture control the mixture lever should be set to Full Rich (100%) position. To stop the engine mixture lever should be set to the Cut Off (0%) position.
        </p>
<p>
            - Engine RPM has an automatic governor and it is maintained at the required RPM corresponding to the governor control lever position. The governor automatically controls the propeller pitch to maintain the required RPM. Also it is possible to turn off the governor and control propeller pitch manually.
        </p>
<p>
            - Water and oil radiators shutters are joint with engine cowl outlet shutters and manually operated.
        </p>
<p>
            - Airplane has a very small stability margin in yaw. When angle of side slip is more than 12° plane becomes unstable in yaw and starts to increase the side slip angle by itself. Because of this, it is necessary to accurately operate the rudder pedals and pay attention to the side slip indicator.
        </p>
<p>
            - Airplane has trimmers for all flight-controls: pitch, roll, yaw.
        </p>
<p>
            - Landing flaps have a hydraulic actuator and they can be extended to any angle up to 45°.
        </p>
<p>
            - Airplane has a tailwheel control system which is unlocked by the rudder if the rudder pedal is pressed more than half of its range. The tailwheel remains locked if pedals are deflected less than half way. Because of this, it is necessary to avoid large rudder pedal inputs when moving at high speed.
        </p>
<p>
            - Airplane has independent left and right hydraulic wheel brakes. To brake it is necessary to push upper part of the rudder pedal.
        </p>
<p>
            - Airplane is equipped with a parking brake system.
        </p>
<p>
            - Airplane has three fuel gauges which shows the level in each fuel tank.
        </p>
<p>
            - It is impossible to open or close canopy at high speed due to strong airflow. The canopy has an emergency release system for bail out.
        </p>
<p>
            - Airplane is equipped with mechanical releasing system for a single bomb.
        </p>
<p>
            - When rockets are installed a salvo controller can be used, it has three launch modes: single fire, fire two in a salvo or fire four in a salvo.
        </p>
<p>
            - The gunsight has a sliding sun-filter. There is also a back-up mechanical sight which can be used if main sight is damaged.
        </p>
<p>
</p>
</div>
<div class="ipsSpoiler_contents">
<p>
</p>
<p>
<strong>Removal of 2 external wing-mounted machine guns to reduce total weight</strong>
</p>
<p>
                    Weight savings: 156 kg
                </p>
<p>
                    Removed ammunition mass: 64 kg
                </p>
<p>
                    Removed guns mass: 92 kg
                </p>
<p>
                    Estimated additional speed: 3 km/h
                </p>
<p>
</p>
<p>
<strong>Additional ammo for machine guns: 312 for internal ones, 291 for middle ones, 240 for external ones (instead of 235 per each) or 615 per each for 4x MG.</strong>
</p>
<p>
                    6 machineguns:
                </p>
<p>
                    Additional mass: 38 kg
                </p>
<p>
                    Estimated speed loss: 0 km/h
                </p>
<p>
                    4 machineguns:
                </p>
<p>
                    Additional mass: 207 kg
                </p>
<p>
                    Estimated speed loss: 2 km/h
                </p>
<p>
</p>
<p>
<strong>254 kg General Purpose Bomb FAB-250sv</strong>
</p>
<p>
                    Additional mass: 264 kg
                </p>
<p>
                    Ammunition mass: 254 kg
                </p>
<p>
                    Rack mass: 10 kg
                </p>
<p>
                    Estimated speed loss before drop: 19 km/h
                </p>
<p>
                    Estimated speed loss after drop: 7 km/h
                </p>
<p>
</p>
<p>
<strong>254 kg General Purpose Bomb FAB-500M</strong>
</p>
<p>
                    Additional mass: 522 kg
                </p>
<p>
                    Ammunition mass: 512 kg
                </p>
<p>
                    Rack mass: 10 kg
                </p>
<p>
                    Estimated speed loss before drop: 36 km/h
                </p>
<p>
                    Estimated speed loss after drop: 7 km/h
                </p>
<p>
</p>
<p>
<strong>4 x 82mm High Explosive unguided rockets ROS-82</strong>
</p>
<p>
                    Additional mass: 40 kg
                </p>
<p>
                    Ammunition mass: 28 kg
                </p>
<p>
                    Racks mass: 12 kg
                </p>
<p>
                    Estimated speed loss before launch: 13 km/h
                </p>
<p>
                    Estimated speed loss after launch: 10 km/h
                </p>
<p>
</p>
<p>
<strong>Mirror for view to rear hemisphere</strong>
</p>
<p>
                    Additional mass: 1 kg
                </p>
<p>
                    Estimated speed loss: 2 km/h
                </p>
<p>
</p>
</div>
<div class="ipsSpoiler_contents">
<p>
</p>
<p>
            Indicated stall speed in flight configuration: 137..144 km/h
        </p>
<p>
            Indicated stall speed in takeoff/landing configuration: 129..135 km/h
        </p>
<p>
</p>
<p>
            Dive speed limit: 725 km/h
        </p>
<p>
            Maximum load factor: 12.5 G
        </p>
<p>
            Stall angle of attack in flight configuration: 18.8 °
        </p>
<p>
            Stall angle of attack in landing configuration: 16.0 °
        </p>
<p>
</p>
<p>
</p>
<p>
            Merlin 46 engine:
        </p>
<p>
</p>
<p>
            Maximum true air speed at sea level, 3000 RPM, boost +9: 457 km/h
        </p>
<p>
            Maximum true air speed at sea level, 3000 RPM, boost +16: 515 km/h
        </p>
<p>
            Maximum true air speed at 7400 m, 3000 RPM, boost +9: 597 km/h
        </p>
<p>
            Maximum true air speed at 5000 m, 3000 RPM, boost +16: 604 km/h
        </p>
<p>
</p>
<p>
            Service ceiling: 12000 m
        </p>
<p>
            Climb rate at sea level: 12.9 m/s
        </p>
<p>
            Climb rate at 3000 m: 13.1 m/s
        </p>
<p>
            Climb rate at 6000 m: 12.0 m/s
        </p>
<p>
</p>
<p>
            Maximum performance turn at sea level: 25 s, at 270 km/h IAS.
        </p>
<p>
            Maximum performance turn at 3000 m: 30 s, at 260 km/h IAS.
        </p>
<p>
</p>
<p>
</p>
<p>
            Merlin 45 engine:
        </p>
<p>
</p>
<p>
            Maximum true air speed at sea level, 3000 RPM, boost +9: 480 km/h
        </p>
<p>
            Maximum true air speed at sea level, 3000 RPM, boost +16: 535 km/h
        </p>
<p>
            Maximum true air speed at 6000 m, 3000 RPM, boost +9: 590 km/h
        </p>
<p>
            Maximum true air speed at 3500 m, 3000 RPM, boost +16: 596 km/h
        </p>
<p>
</p>
<p>
            Service ceiling: 11200 m
        </p>
<p>
            Climb rate at sea level: 14.5 m/s
        </p>
<p>
            Climb rate at 3000 m: 14.7 m/s
        </p>
<p>
            Climb rate at 6000 m: 11.4 m/s
        </p>
<p>
</p>
<p>
            Maximum performance turn at sea level: 22 s, at 270 km/h IAS.
        </p>
<p>
            Maximum performance turn at 3000 m: 28.2 s, at 260 km/h IAS.
        </p>
<p>
</p>
<p>
</p>
<p>
            Flight endurance at 3000 m: 1 h 45 m, at 350 km/h IAS.
        </p>
<p>
</p>
<p>
            Takeoff speed: 160..170 km/h
        </p>
<p>
            Glideslope speed: 145..160 km/h
        </p>
<p>
            Landing speed: 130..135 km/h
        </p>
<p>
            Landing angle: 12.5 °
        </p>
<p>
</p>
<p>
            Note 1: the data provided is for international standard atmosphere (ISA).
        </p>
<p>
            Note 2: flight performance ranges are given for possible aircraft mass ranges.
        </p>
<p>
            Note 3: maximum speeds, climb rates and turn times are given for standard aircraft mass.
        </p>
<p>
            Note 4: climb rates are given for 2850 RPM and boost +9, turn times are given for 3000 RPM and boost +9.
        </p>
<p>
</p>
<p>
            Engine:
        </p>
<p>
            Model: Merlin 46
        </p>
<p>
            Maximum power in Take-off mode (3000 RPM, boost +12) at sea level: 1100 HP
        </p>
<p>
            Maximum power in Emergency Max All Out mode (3000 RPM, boost +16) at 14000 feet: 1400 HP
        </p>
<p>
            Maximum power in International power mode (2850 RPM, boost +9) at 19000 feet: 1115 HP
        </p>
<p>
</p>
<p>
            Model: Merlin 45
        </p>
<p>
            Maximum power in Take-off mode (3000 RPM, boost +12) at sea level: 1185 HP
        </p>
<p>
            Maximum power in Emergency Max All Out mode (3000 RPM, boost +16) at 9000 feet: 1455 HP
        </p>
<p>
            Maximum power in International power mode (2850 RPM, boost +9) at 14200 feet: 1170 HP
        </p>
<p>
</p>
<p>
            Engine modes:
        </p>
<p>
            Max Cruising power (unlimited time): 2650 RPM, boost +7
        </p>
<p>
            International power (up to 30 minutes): 2850 RPM, boost +9
        </p>
<p>
            Emergency Max All Out power (up to 5 minutes): 3000 RPM, boost +16
        </p>
<p>
</p>
<p>
            Water rated temperature in engine output: 105..115 °C
        </p>
<p>
            Water maximum temperature in engine output: 125 °C
        </p>
<p>
            Oil rated temperature in engine intake: 70..85 °C
        </p>
<p>
            Oil maximum temperature in engine intake: 105 °C
        </p>
<p>
</p>
<p>
            Supercharger gear shift altitude: single gear
        </p>
<p>
</p>
<p>
            Empty weight: 2415 kg
        </p>
<p>
            Minimum weight (no ammo, 10%25 fuel): 2732 kg
        </p>
<p>
            Standard weight: 2979 kg
        </p>
<p>
            Fuel load: 274 kg / 386 l / 85 gallons
        </p>
<p>
            Useful load: 564 kg
        </p>
<p>
</p>
<p>
            Forward-firing armament:
        </p>
<p>
            2 x 20mm guns "Hispano Mk.II", 60 rounds per gun, 650 rounds per minute, wing-mounted
        </p>
<p>
            4 x 7.92mm machine gun "Browning .303", 350 rounds per gun, 1150 rounds per minute, wing-mounted
        </p>
<p>
</p>
<p>
            Length: 9.2 m
        </p>
<p>
            Wingspan: 11.21 m
        </p>
<p>
            Wing surface: 22.48 m^2
        </p>
<p>
</p>
<p>
            Combat debut: Winter 1941 (In Battle of Kuban - at Spring 1943)
        </p>
<p>
</p>
<p>
            Additional airplane configurations list:
        </p>
<p>
</p>
<div class="ipsSpoiler" data-ipsspoiler="">
<div class="ipsSpoiler_header">
</div>
<div class="ipsSpoiler_contents">
<p>
</p>
<p>
<strong>Merlin 45 engine</strong>
</p>
<p>
                    Additional mass: 0 kg
                </p>
<p>
                    Estimated speed loss: 0 km/h
                </p>
<p>
</p>
<p>
<strong>Mirror for view to rear hemisphere</strong>
</p>
<p>
                    Additional mass: 1 kg
                </p>
<p>
                    Estimated speed loss: 2 km/h
                </p>
<p>
</p>
</div>
</div>
<p>
</p>
<p>
            Operation features:
        </p>
<p>
            - Engine is equipped with the automatic governor of the manifold pressure that works when the throttle is set to 1/3 position or above. It is neccessary to turn the automatic governor off to set the boost value to +16.
        </p>
<p>
            - Engine has a single stage mechanical supercharger which does not require manual control.
        </p>
<p>
            - Engine is equipped with an automatic fuel mixture control which maintains optimal mixture if mixture lever is set to the forward position. To use automatic mixture leaning to reduce fuel consumption during flight move the mixture lever to backward position.
        </p>
<p>
            - Engine RPM has an automatic governor that controls the propeller pitch to maintain the required RPM.
        </p>
<p>
            - The water radiator is operated manually, while the oil radiator is unadjustable.
        </p>
<p>
            - Aircraft has a neutral static stability. The elevator effectiveness is high, so the aircraft should be controlled carefully, not giving too much flight stick input.
        </p>
<p>
            - Aircraft becomes unstable with extended landing flaps.
        </p>
<p>
            - Aircraft is equipped with elevator and rudder trimmers.
        </p>
<p>
            - Landing flaps have a pneumatic actuator so they can be extended to maximum position only. Speed with extended landing flaps is limited to 150 mph.
        </p>
<p>
            - Airplane tail wheel rotates freely and does not have a lock. Since the landing gear wheels are relatively close to each other, it is necessary to confidently and accurately operate the rudder pedals during the takeoff and landing.
        </p>
<p>
            - Airplane has differential pneumatic wheel brakes with shared control lever. This means that if the brake lever is held and the rudder pedal the opposite wheel brake is gradually released causing the plane to swing to one side or the other.
        </p>
<p>
            - Airplane is equipped with a siren that warns a pilot if the throttle is set to low position with landing gear retracted.
        </p>
<p>
            - It is impossible to open or close the canopy at high speed due to strong airflow. The canopy has an emergency release system for bailouts.
        </p>
<p>
            - Airplane is equipped with upper and bottom formation lights which can be turned on simultaneously or independently.
        </p>
<p>
            - The gunsight is adjustable: both the target distance and target base can be set.
        </p>
<p>
            - The gunsight has a sliding sun-filter.
        </p>
<p>
</p>
</div>
<div class="ipsSpoiler_contents">
<p>
</p>
<p>
<strong>Merlin 45 engine</strong>
</p>
<p>
                    Additional mass: 0 kg
                </p>
<p>
                    Estimated speed loss: 0 km/h
                </p>
<p>
</p>
<p>
<strong>Mirror for view to rear hemisphere</strong>
</p>
<p>
                    Additional mass: 1 kg
                </p>
<p>
                    Estimated speed loss: 2 km/h
                </p>
<p>
</p>
</div>
<div class="ipsSpoiler_contents">
<p>
</p>
<p>
            Indicated stall speed in flight configuration: 160..177 km/h
        </p>
<p>
            Indicated stall speed in takeoff/landing configuration: 153..169 km/h
        </p>
<p>
            Dive speed limit: 850 km/h
        </p>
<p>
            Maximum load factor: 10.5 G
        </p>
<p>
            Stall angle of attack in flight configuration: 19.8 °
        </p>
<p>
            Stall angle of attack in landing configuration: 17 °
        </p>
<p>
</p>
<p>
            Maximum true air speed at sea level, engine mode - Emergency: 529 km/h
        </p>
<p>
            Maximum true air speed at sea level, engine mode - Combat: 505 km/h
        </p>
<p>
            Maximum true air speed at 2000 m, engine mode - Combat: 547 km/h
        </p>
<p>
            Maximum true air speed at 7000 m, engine mode - Combat: 632 km/h
        </p>
<p>
</p>
<p>
            Service ceiling: 11800 m
        </p>
<p>
            Climb rate at sea level: 20.1 m/s
        </p>
<p>
            Climb rate at 3000 m: 18.8 m/s
        </p>
<p>
            Climb rate at 6000 m: 15.2 m/s
        </p>
<p>
</p>
<p>
            Maximum performance turn at sea level: 21.5 s, at 270 km/h IAS.
        </p>
<p>
            Maximum performance turn at 3000 m: 28.0 s, at 270 km/h IAS.
        </p>
<p>
</p>
<p>
            Flight endurance at 3000 m: 2.2 h, at 350 km/h IAS.
        </p>
<p>
</p>
<p>
            Takeoff speed: 155..180 km/h
        </p>
<p>
            Glideslope speed: 195..205 km/h
        </p>
<p>
            Landing speed: 150..155 km/h
        </p>
<p>
            Landing angle: 13.7 °
        </p>
<p>
</p>
<p>
            Note 1: the data provided is for international standard atmosphere (ISA).
        </p>
<p>
            Note 2: flight performance ranges are given for possible aircraft mass ranges.
        </p>
<p>
            Note 3: maximum speeds, climb rates and turn times are given for standard aircraft mass.
        </p>
<p>
            Note 4: climb rates and turn times are given for Combat power.
        </p>
<p>
</p>
<p>
            Engine:
        </p>
<p>
            Model: DB-605A
        </p>
<p>
            Maximum power in Emergency mode at sea level: 1480 HP
        </p>
<p>
            Maximum power in Emergency mode at 5600 m: 1360 HP
        </p>
<p>
            Maximum power in Combat mode at sea level: 1310 HP
        </p>
<p>
            Maximum power in Combat mode at 5800 m: 1250 HP
        </p>
<p>
</p>
<p>
            Engine modes:
        </p>
<p>
            Nominal (unlimited time): 2300 RPM, 1.15 ata
        </p>
<p>
            Combat power (up to 30 minutes): 2600 RPM, 1.3 ata
        </p>
<p>
            Emergency power (up to 1 minute): 2800 RPM, 1.42 ata
        </p>
<p>
</p>
<p>
            Water rated temperature in engine output: 100..102 °C
        </p>
<p>
            Water maximum temperature in engine output: 115 °C
        </p>
<p>
            Oil rated temperature in engine intake: 70..80 °C
        </p>
<p>
            Oil maximum temperature in engine intake: 85 °C
        </p>
<p>
</p>
<p>
            Supercharger gear shift altitude: fluid coupling
        </p>
<p>
</p>
<p>
            Empty weight: 2583 kg
        </p>
<p>
            Minimum weight (no ammo, 10% fuel): 2734 kg
        </p>
<p>
            Standard weight: 3100 kg
        </p>
<p>
            Maximum takeoff weight: 3400 kg
        </p>
<p>
            Fuel load: 304 kg / 400 l
        </p>
<p>
            Useful load: 817 kg
        </p>
<p>
</p>
<p>
            Forward-firing armament:
        </p>
<p>
            20mm gun "MG 151/20", 200 rounds, 700 rounds per minute, nose-mounted
        </p>
<p>
            2 x 13mm machine gun "MG 131", 300 rounds, 900 rounds per minute, synchronized
        </p>
<p>
            2 x 20mm gun "MG 151/20", 135 rounds, 700 rounds per minute, wing-mounted (modification)
        </p>
<p>
            30mm gun "MK 108", 65 rounds, 650 rounds per minute, nose-mounted (modification)
        </p>
<p>
</p>
<p>
            Bombs:
        </p>
<p>
            Up to 4 x 55 kg general purpose bombs "SC 50"
        </p>
<p>
            249 kg general purpose bomb "SC 250"
        </p>
<p>
</p>
<p>
            Length: 8.94 m
        </p>
<p>
            Wingspan: 9.97 m
        </p>
<p>
            Wing surface: 16.1 m^2
        </p>
<p>
</p>
<p>
            Combat debut: february 1943
        </p>
<p>
</p>
<p>
            Additional airplane configurations list:
        </p>
<p>
</p>
<div class="ipsSpoiler" data-ipsspoiler="">
<div class="ipsSpoiler_header">
</div>
<div class="ipsSpoiler_contents">
<p>
</p>
<p>
<strong>MG 151/20 20mm guns in wing-mounted gun pods with 135 rounds per each</strong>
</p>
<p>
                    Additional mass: 212 kg
                </p>
<p>
                    Ammunition mass: 55 kg
                </p>
<p>
                    Guns mass: 157 kg
                </p>
<p>
                    Estimated speed loss: 12 km/h
                </p>
<p>
</p>
<p>
<strong>MK 108 30mm nose-gun with 65 rounds</strong>
</p>
<p>
                    Removed mass: 6 kg
                </p>
<p>
                    Ammunition mass: 28 kg
                </p>
<p>
                    Gun mass: 58 kg
                </p>
<p>
                    Estimated speed loss: 0 km/h
                </p>
<p>
</p>
<p>
<strong>4 x 55 kg General Purpose Bombs SC 50</strong>
</p>
<p>
                    Additional mass: 260 kg
                </p>
<p>
                    Ammunition mass: 220 kg
                </p>
<p>
                    Racks mass: 40 kg
                </p>
<p>
                    Estimated speed loss before drop: 51 km/h
                </p>
<p>
                    Estimated speed loss after drop: 11 km/h
                </p>
<p>
</p>
<p>
<strong>249 kg General Purpose Bomb SC 250</strong>
</p>
<p>
                    Additional mass: 279 kg
                </p>
<p>
                    Ammunition mass: 249 kg
                </p>
<p>
                    Racks mass: 30 kg
                </p>
<p>
                    Estimated speed loss before drop: 31 km/h
                </p>
<p>
                    Estimated speed loss after drop: 10 km/h
                </p>
<p>
</p>
<p>
<strong>Alternative pilot protection: armoured transparent triplex head rest for better visibility</strong>
</p>
<p>
                    Additional mass: 10 kg
                </p>
<p>
                    Estimated speed loss: 0 km/h
                </p>
<p>
</p>
<p>
<strong>Removed pilot armoured headrest for improved field of view</strong>
</p>
<p>
                    Weight savings: 8 kg
                </p>
<p>
                    Estimated speed loss: 0 km/h
                </p>
<p>
</p>
<p>
<strong>Fixed loop radio compass for navigation with radio beacons Peilrahmen PR 16</strong>
</p>
<p>
                    Additional mass: 10 kg
                </p>
<p>
                    Estimated speed loss: 0 km/h
                </p>
<p>
</p>
</div>
</div>
<p>
</p>
<p>
            Operation features:
        </p>
<p>
            - Airplane has a wide automatization of the engine systems, in fact, to control speed it is only necessary to use the throttle lever. There is no need to manually set engine revolutions and mixture or supercharger gear in normal flight.
        </p>
<p>
            - In addition to full-automatic mode there is a special manual control mode for the radiator shutters, which can be used in specific situations.
        </p>
<p>
            - To reduce swinging during taxiing due to prop-wash the propeller pitch control should be switched to manual mode and pitch should be reduced to minimum.
        </p>
<p>
            - Airplane has no flight-control trimmers. Airplane is equipped with bendable trim tabs that can be set pre-flight by ground personnel.
        </p>
<p>
            - Airplane has a manually controlled horizontal stabilizer. It should be set to +1° before takeoff and to -4°...-5° before landing. Also, it may be used to trim the flight stick during the flight. In a deep dive the stabilizer should be set so that the pilot must push the flight stick forward to maintain the dive angle.
        </p>
<p>
            - Airplane has automatic wing slats. They deploy when the high angle of attack increases which makes pre-stall softer.
        </p>
<p>
            - Airplane has a manual mechanical system for retracting the landing flaps, for this reason it is necessary to extend landing flaps well before final approach. Markers on the left-wing flap indicate how far the flaps are extended. The flaps can be extended to any angle up to 40°.
        </p>
<p>
            - Airplane has a manual tail wheel lock. Wheel should be locked when taxiing straight for a long distance and before takeoff and landing.
        </p>
<p>
            - Airplane has independent left and right hydraulic wheel brake controls. To apply either brake push the upper part of the rudder pedal.
        </p>
<p>
            - Airplane has a fuel gauge which shows total fuel remaining. Also, it has an emergency fuel warning light (80 liters).
        </p>
<p>
            - The design of the cockpit canopy does not allow it to be opened during flight. The canopy should be closed before takeoff to prevent damage. The canopy has an emergency release system for bailouts.
        </p>
<p>
            - The control system for the bomb rack only allows to drop bombs one by one.
        </p>
<p>
            - The gunsight has a sliding sun-filter.
        </p>
<p>
</p>
</div>
<div class="ipsSpoiler_contents">
<p>
</p>
<p>
<strong>MG 151/20 20mm guns in wing-mounted gun pods with 135 rounds per each</strong>
</p>
<p>
                    Additional mass: 212 kg
                </p>
<p>
                    Ammunition mass: 55 kg
                </p>
<p>
                    Guns mass: 157 kg
                </p>
<p>
                    Estimated speed loss: 12 km/h
                </p>
<p>
</p>
<p>
<strong>MK 108 30mm nose-gun with 65 rounds</strong>
</p>
<p>
                    Removed mass: 6 kg
                </p>
<p>
                    Ammunition mass: 28 kg
                </p>
<p>
                    Gun mass: 58 kg
                </p>
<p>
                    Estimated speed loss: 0 km/h
                </p>
<p>
</p>
<p>
<strong>4 x 55 kg General Purpose Bombs SC 50</strong>
</p>
<p>
                    Additional mass: 260 kg
                </p>
<p>
                    Ammunition mass: 220 kg
                </p>
<p>
                    Racks mass: 40 kg
                </p>
<p>
                    Estimated speed loss before drop: 51 km/h
                </p>
<p>
                    Estimated speed loss after drop: 11 km/h
                </p>
<p>
</p>
<p>
<strong>249 kg General Purpose Bomb SC 250</strong>
</p>
<p>
                    Additional mass: 279 kg
                </p>
<p>
                    Ammunition mass: 249 kg
                </p>
<p>
                    Racks mass: 30 kg
                </p>
<p>
                    Estimated speed loss before drop: 31 km/h
                </p>
<p>
                    Estimated speed loss after drop: 10 km/h
                </p>
<p>
</p>
<p>
<strong>Alternative pilot protection: armoured transparent triplex head rest for better visibility</strong>
</p>
<p>
                    Additional mass: 10 kg
                </p>
<p>
                    Estimated speed loss: 0 km/h
                </p>
<p>
</p>
<p>
<strong>Removed pilot armoured headrest for improved field of view</strong>
</p>
<p>
                    Weight savings: 8 kg
                </p>
<p>
                    Estimated speed loss: 0 km/h
                </p>
<p>
</p>
<p>
<strong>Fixed loop radio compass for navigation with radio beacons Peilrahmen PR 16</strong>
</p>
<p>
                    Additional mass: 10 kg
                </p>
<p>
                    Estimated speed loss: 0 km/h
                </p>
<p>
</p>
</div>
<div class="ipsSpoiler_contents">
<p>
</p>
<p>
            Indicated stall speed in flight configuration: 166..189 km/h
        </p>
<p>
            Indicated stall speed in takeoff/landing configuration: 166..172 km/h
        </p>
<p>
            Dive speed limit: 850 km/h
        </p>
<p>
            Maximum load factor: 11 G
        </p>
<p>
            Stall angle of attack in flight configuration: 19.5°
        </p>
<p>
            Stall angle of attack in landing configuration: 18.1°
        </p>
<p>
</p>
<p>
            Maximum true air speed at sea level, engine mode - Emergency: 560 km/h
        </p>
<p>
            Maximum true air speed at 3000 m, engine mode - Emergency: 581 km/h
        </p>
<p>
            Maximum true air speed at 6400 m, engine mode - Emergency: 662 km/h
        </p>
<p>
</p>
<p>
            Maximum true air speed at sea level, engine mode - Combat: 535 km/h
        </p>
<p>
            Maximum true air speed at 3000 m, engine mode - Combat: 562 km/h
        </p>
<p>
            Maximum true air speed at 6000 m, engine mode - Combat: 626 km/h
        </p>
<p>
</p>
<p>
            Service ceiling: 10800 m
        </p>
<p>
            Climb rate at sea level: 16.0 m/s
        </p>
<p>
            Climb rate at 3000 m: 12.7 m/s
        </p>
<p>
            Climb rate at 6000 m: 10.3 m/s
        </p>
<p>
</p>
<p>
            Maximum performance turn at sea level: 23.0 s, at 280 km/h IAS.
        </p>
<p>
            Maximum performance turn at 3000 m: 28.0 s, at 280 km/h IAS.
        </p>
<p>
</p>
<p>
            Flight endurance at 3000 m: 3.2 h, at 350 km/h IAS.
        </p>
<p>
</p>
<p>
            Takeoff speed: 170..210 km/h
        </p>
<p>
            Glideslope speed: 205..215 km/h
        </p>
<p>
            Landing speed: 160..170 km/h
        </p>
<p>
            Landing angle: 12.5°
        </p>
<p>
</p>
<p>
            Note 1: the data provided is for international standard atmosphere (ISA).
        </p>
<p>
            Note 2: flight performance ranges are given for possible aircraft mass ranges.
        </p>
<p>
            Note 3: maximum speeds, climb rates and turn times are given for standard aircraft mass.
        </p>
<p>
            Note 4: climb rates are given for Combat power, turn times are given for Emergency power.
        </p>
<p>
</p>
<p>
            Engine:
        </p>
<p>
            Model: BMW-801D
        </p>
<p>
            Maximum power in Emergency mode at sea level: 1700 HP
        </p>
<p>
            Maximum power in Emergency mode at 5700 m: 1440 HP
        </p>
<p>
            Maximum power in Combat mode at 700 m: 1520 HP
        </p>
<p>
            Maximum power in Combat mode at 5300 m: 1320 HP
        </p>
<p>
</p>
<p>
            Engine modes:
        </p>
<p>
            Nominal (unlimited time): 2300 RPM, 1.2 ata
        </p>
<p>
            Combat power (up to 30 minutes): 2400 RPM, 1.32 ata
        </p>
<p>
            Emergency power (up to 3 minutes): 2700 RPM, 1.42 ata
        </p>
<p>
</p>
<p>
            Oil rated temperature in engine intake: 60..70 °C
        </p>
<p>
            Oil maximum temperature in engine intake: 85 °C
        </p>
<p>
            Oil rated temperature in engine output: 105 °C
        </p>
<p>
            Oil maximum temperature in engine output: 120 °C
        </p>
<p>
            Cylinder head rated temperature: 180 °C
        </p>
<p>
            Cylinder head maximum temperature: 220 °C
        </p>
<p>
            Supercharger gear shift altitude: automatic
        </p>
<p>
</p>
<p>
            Empty weight: 3148 kg
        </p>
<p>
            Minimum weight (no ammo, 10% fuel): 3330 kg
        </p>
<p>
            Standard weight: 3855 kg
        </p>
<p>
            Maximum takeoff weight: 4385 kg
        </p>
<p>
            Fuel load: 409 kg / 524 l
        </p>
<p>
            Useful load: 1237 kg
        </p>
<p>
</p>
<p>
            Forward-firing armament:
        </p>
<p>
            2 x 20mm gun "MG 151/20", 250 rounds, 700 rounds per minute, synchronized
        </p>
<p>
            2 x 7.92mm machine gun "MG 17", 900 rounds, 1200 rounds per minute, synchronized
        </p>
<p>
            2 x 20mm gun "MG FF", 90 rounds, 540 rounds per minute, wing-mounted (modification)
        </p>
<p>
</p>
<p>
            Bombs:
        </p>
<p>
            Up to 4 x 55 kg general purpose bombs "SC 50"
        </p>
<p>
            249 kg general purpose bomb "SC 250"
        </p>
<p>
            500 kg general purpose bomb "SC 500"
        </p>
<p>
</p>
<p>
            Length: 8.85 m
        </p>
<p>
            Wingspan: 10.51 m
        </p>
<p>
            Wing surface: 18.3 m^2
        </p>
<p>
</p>
<p>
            Combat debut: March 1942
        </p>
<p>
</p>
<p>
            Additional airplane configurations list:
        </p>
<p>
</p>
<div class="ipsSpoiler" data-ipsspoiler="">
<div class="ipsSpoiler_header">
</div>
<div class="ipsSpoiler_contents">
<p>
</p>
<p>
<strong>MG FF/M 20mm additional wing-mounted guns with 60 rounds per each</strong>
</p>
<p>
                    Additional mass: 123 kg
                </p>
<p>
                    Ammunition mass: 29 kg
                </p>
<p>
                    Guns mass: 94 kg
                </p>
<p>
                    Estimated speed loss: 7 km/h
                </p>
<p>
</p>
<p>
<strong>MG FF/M 20mm additional wing-mounted guns with 90 rounds per each</strong>
</p>
<p>
                    Additional mass: 144 kg
                </p>
<p>
                    Ammunition mass: 50 kg
                </p>
<p>
                    Guns mass: 94 kg
                </p>
<p>
                    Estimated speed loss: 8 km/h
                </p>
<p>
</p>
<p>
<strong>4 x 55 kg General Purpose Bombs SC 50</strong>
</p>
<p>
                    Additional mass: 280 kg
                </p>
<p>
                    Ammunition mass: 220 kg
                </p>
<p>
                    Racks mass: 60 kg
                </p>
<p>
                    Estimated speed loss before drop: 85 km/h
                </p>
<p>
                    Estimated speed loss after drop: 41 km/h
                </p>
<p>
</p>
<p>
<strong>249 kg General Purpose Bomb SC 250</strong>
</p>
<p>
                    Additional mass: 279 kg
                </p>
<p>
                    Ammunition mass: 249 kg
                </p>
<p>
                    Racks mass: 30 kg
                </p>
<p>
                    Estimated speed loss before drop: 37 km/h
                </p>
<p>
                    Estimated speed loss after drop: 11 km/h
                </p>
<p>
</p>
<p>
<strong>500 kg General Purpose Bomb SC 500</strong>
</p>
<p>
                    Additional mass: 530 kg
                </p>
<p>
                    Ammunition mass: 500 kg
                </p>
<p>
                    Racks mass: 30 kg
                </p>
<p>
                    Estimated speed loss before drop: 43 km/h
                </p>
<p>
                    Estimated speed loss after drop: 13 km/h
                </p>
<p>
</p>
</div>
</div>
<p>
</p>
<p>
            Operation features:
        </p>
<p>
            - Airplane has a wide automatization of the engine systems, in fact, to control speed it is only necessary to use the throttle lever. There is no need to manually set engine revolutions and mixture or supercharger gear in normal flight. The engine supercharger has an automatic switch system which depends on altitude and engine revolutions.
        </p>
<p>
            - To reduce swinging during taxiing due to prop-wash the propeller pitch control should be switched to manual mode and pitch should be reduced to minimum.
        </p>
<p>
            - When the angle of attack increases to critical levels the wing may stall suddenly and unexpectedly. There is almost no pre-stall buffet before the stalling. To avoid this the pilot must pay additional attention when performing extreme maneuvering.
        </p>
<p>
            - Airplane has no flight-control trimmers. Airplane is equipped with bendable trim tabs that can be set pre-flight by ground personnel.
        </p>
<p>
            - Airplane has a manually controlled horizontal stabilizer which is electrically-actuated. It should be set to +1.5° before takeoff and landing. Also, it may be used to trim the flight stick during the flight. In a deep dive the stabilizer should be set so that the pilot must push the flight stick forward to maintain the dive angle.
        </p>
<p>
            - Airplane has electrically-actuated landing flaps with three fixed positions: retracted, takeoff (13°) and landing (58°). Flaps control buttons and indicator lights are located on left panel near the throttle. The flap angle may also be checked by indicators on the left and right wing outside the cockpit.
        </p>
<p>
            - Airplane has a tail wheel lock system which locks the tail wheel if the flight-stick is pulled backward. The tailwheel should be locked when taxiing straight for a long distance, before takeoff and after touchdown upon landing.
        </p>
<p>
            - Airplane has independent left and right hydraulic wheel brake controls. To apply either brake push the upper part of the rudder pedal.
        </p>
<p>
            - Airplane has a fuel gauge which shows the amount of remaining fuel in the front or rear fuel tank depending on switch position. In game the fuel indicator switch changes by itself during horizontal flight by every 10 seconds. Also, the airplane has an emergency fuel warning light (100 liters).
        </p>
<p>
            - It is impossible to open or close the canopy at high speed due to strong airflow. The canopy has an emergency release system for bailouts.
        </p>
<p>
            - The control system for the bomb rack only allows for dropping bombs one by one.
        </p>
<p>
            - The gunsight has a sliding sun-filter.
        </p>
<p>
</p>
</div>
<div class="ipsSpoiler_contents">
<p>
</p>
<p>
<strong>MG FF/M 20mm additional wing-mounted guns with 60 rounds per each</strong>
</p>
<p>
                    Additional mass: 123 kg
                </p>
<p>
                    Ammunition mass: 29 kg
                </p>
<p>
                    Guns mass: 94 kg
                </p>
<p>
                    Estimated speed loss: 7 km/h
                </p>
<p>
</p>
<p>
<strong>MG FF/M 20mm additional wing-mounted guns with 90 rounds per each</strong>
</p>
<p>
                    Additional mass: 144 kg
                </p>
<p>
                    Ammunition mass: 50 kg
                </p>
<p>
                    Guns mass: 94 kg
                </p>
<p>
                    Estimated speed loss: 8 km/h
                </p>
<p>
</p>
<p>
<strong>4 x 55 kg General Purpose Bombs SC 50</strong>
</p>
<p>
                    Additional mass: 280 kg
                </p>
<p>
                    Ammunition mass: 220 kg
                </p>
<p>
                    Racks mass: 60 kg
                </p>
<p>
                    Estimated speed loss before drop: 85 km/h
                </p>
<p>
                    Estimated speed loss after drop: 41 km/h
                </p>
<p>
</p>
<p>
<strong>249 kg General Purpose Bomb SC 250</strong>
</p>
<p>
                    Additional mass: 279 kg
                </p>
<p>
                    Ammunition mass: 249 kg
                </p>
<p>
                    Racks mass: 30 kg
                </p>
<p>
                    Estimated speed loss before drop: 37 km/h
                </p>
<p>
                    Estimated speed loss after drop: 11 km/h
                </p>
<p>
</p>
<p>
<strong>500 kg General Purpose Bomb SC 500</strong>
</p>
<p>
                    Additional mass: 530 kg
                </p>
<p>
                    Ammunition mass: 500 kg
                </p>
<p>
                    Racks mass: 30 kg
                </p>
<p>
                    Estimated speed loss before drop: 43 km/h
                </p>
<p>
                    Estimated speed loss after drop: 13 km/h
                </p>
<p>
</p>
</div>
<div class="ipsSpoiler_contents">
<p>
</p>
<p>
            Indicated stall speed in flight configuration: 151..166 km/h
        </p>
<p>
            Indicated stall speed in takeoff/landing configuration: 139..152 km/h
        </p>
<p>
            Dive speed limit: 850 km/h
        </p>
<p>
            Maximum load factor: 14.8 G
        </p>
<p>
            Stall angle of attack in flight configuration: 19.6 °
        </p>
<p>
            Stall angle of attack in landing configuration: 17.4 °
        </p>
<p>
</p>
<p>
            Maximum true air speed at sea level, engine mode - Combat: 500 km/h
        </p>
<p>
            Maximum true air speed at 2000 m, engine mode - Combat: 543 km/h
        </p>
<p>
            Maximum true air speed at 5000 m, engine mode - Combat: 604 km/h
        </p>
<p>
</p>
<p>
            Service ceiling: 11300 m
        </p>
<p>
            Climb rate at sea level: 17.3 m/s
        </p>
<p>
            Climb rate at 3000 m: 15.1 m/s
        </p>
<p>
            Climb rate at 6000 m: 10.6 m/s
        </p>
<p>
</p>
<p>
            Maximum performance turn at sea level: 22.6 s, at 270 km/h IAS.
        </p>
<p>
            Maximum performance turn at 3000 m: 28.2 s, at 270 km/h IAS.
        </p>
<p>
</p>
<p>
            Flight endurance at 3000 m: 2.2 h, at 350 km/h IAS.
        </p>
<p>
</p>
<p>
            Takeoff speed: 160..190 km/h
        </p>
<p>
            Glideslope speed: 190..200 km/h
        </p>
<p>
            Landing speed: 140..150 km/h
        </p>
<p>
            Landing angle: 13.9 °
        </p>
<p>
</p>
<p>
            Note 1: the data provided is for international standard atmosphere (ISA).
        </p>
<p>
            Note 2: flight performance ranges are given for possible aircraft mass ranges.
        </p>
<p>
            Note 3: maximum speeds, climb rates and turn times are given for standard aircraft mass.
        </p>
<p>
            Note 4: climb rates are given for Combat power, turn times are given for Boosted power.
        </p>
<p>
</p>
<p>
            Engine:
        </p>
<p>
            Model: RA.1000
        </p>
<p>
            Maximum power in Boosted mode at sea level: 1175 HP
        </p>
<p>
            Maximum power in Combat mode at sea level: 1050 HP
        </p>
<p>
            Maximum power in Combat mode at 3700 m: 1100 HP
        </p>
<p>
</p>
<p>
            Engine modes:
        </p>
<p>
            Nominal (unlimited time): 2200 RPM, 1.23 ata
        </p>
<p>
            Combat power (up to 5 minutes): 2400 RPM, 1.35 ata
        </p>
<p>
            Boosted power (up to 1 minute): 2500 RPM, 1.45 ata
        </p>
<p>
</p>
<p>
            Water rated temperature in engine intake: 70..80 °C
        </p>
<p>
            Water rated temperature in engine output: 94 °C
        </p>
<p>
            Water maximum temperature in engine output: 100 °C
        </p>
<p>
            Oil rated temperature in engine intake: 60..75 °C
        </p>
<p>
            Oil maximum temperature in engine intake: 85 °C
        </p>
<p>
            Oil rated temperature in engine output: 90..100 °C
        </p>
<p>
            Oil maximum temperature in engine output: 110 °C
        </p>
<p>
</p>
<p>
            Supercharger gear shift altitude: fluid coupling
        </p>
<p>
</p>
<p>
            Empty weight: 2448 kg
        </p>
<p>
            Minimum weight (no ammo, 10% fuel): 2622 kg
        </p>
<p>
            Standard weight: 2967 kg
        </p>
<p>
            Maximum takeoff weight: 3197 kg
        </p>
<p>
            Fuel load: 307 kg / 430 l
        </p>
<p>
            Useful load: 749 kg
        </p>
<p>
</p>
<p>
            Forward-firing armament:
        </p>
<p>
            2 x 12.7mm machine gun "Breda SAFAT 12.7", 400 rounds, 700 rounds per minute, synchronized
        </p>
<p>
            2 x 7.7mm machine gun "Breda SAFAT 7.7", 500 rounds, 900 rounds per minute, wing-mounted (modification)
        </p>
<p>
            2 x 20mm gun "MG 151/20", 135 rounds, 700 rounds per minute, wing-mounted (modification)
        </p>
<p>
</p>
<p>
            Bombs:
        </p>
<p>
            2 x 50 kg general purpose bombs "50-T"
        </p>
<p>
            2 x 100 kg general purpose bombs "100-T"
        </p>
<p>
</p>
<p>
            Length: 8.85 m
        </p>
<p>
            Wingspan: 10.58 m
        </p>
<p>
            Wing surface: 16.8 m^2
        </p>
<p>
</p>
<p>
            Combat debut: June 1942
        </p>
<p>
</p>
<p>
            Additional airplane configurations list:
        </p>
<p>
</p>
<div class="ipsSpoiler" data-ipsspoiler="">
<div class="ipsSpoiler_header">
</div>
<div class="ipsSpoiler_contents">
<p>
</p>
<p>
<strong>Breda SAFAT 7.7mm wing-mounted machineguns with 500 rounds per each</strong>
</p>
<p>
                    Additional mass: 49 kg
                </p>
<p>
                    Ammunition mass: 24 kg
                </p>
<p>
                    Guns mass: 25 kg
                </p>
<p>
                    Estimated speed loss: 0 km/h
                </p>
<p>
</p>
<p>
<strong>MG 151/20 20mm guns in wing-mounted gun pods with 135 rounds per each</strong>
</p>
<p>
                    Additional mass: 212 kg
                </p>
<p>
                    Ammunition mass: 55 kg
                </p>
<p>
                    Guns mass: 157 kg
                </p>
<p>
                    Estimated speed loss: 15 km/h
                </p>
<p>
</p>
<p>
<strong>2 x 55 kg General Purpose Bombs 50-T</strong>
</p>
<p>
                    Additional mass: 130 kg
                </p>
<p>
                    Ammunition mass: 110 kg
                </p>
<p>
                    Racks mass: 20 kg
                </p>
<p>
                    Estimated speed loss before drop: 14 km/h
                </p>
<p>
                    Estimated speed loss after drop: 7 km/h
                </p>
<p>
</p>
<p>
<strong>100 kg General Purpose Bomb 100-T</strong>
</p>
<p>
                    Additional mass: 220 kg
                </p>
<p>
                    Ammunition mass: 200 kg
                </p>
<p>
                    Racks mass: 20 kg
                </p>
<p>
                    Estimated speed loss before drop: 20 km/h
                </p>
<p>
                    Estimated speed loss after drop: 7 km/h
                </p>
<p>
</p>
<p>
<strong>Additional pilot protection: armoured triplex wind screen</strong>
</p>
<p>
                    Additional mass: 10 kg
                </p>
<p>
                    Estimated speed loss: 0 km/h
                </p>
<p>
</p>
</div>
</div>
<p>
</p>
<p>
            Operation features:
        </p>
<p>
            - Throttle lever is inverted: backward = full throttle, forward = idle throttle.
        </p>
<p>
            - Engine is equipped with automatic mixture control system and supercharger with fluid coupling which does not requiring manual control.
        </p>
<p>
            - Engine RPM has an automatic governor with two fixed modes: 2200 RPM - normal mode, 2400 RPM - boosted mode. Also, it is possible to turn off the governor and control the propeller pitch manually by mechanical actuator.
        </p>
<p>
            - Water and oil radiator shutter control is manual.
        </p>
<p>
            - Airplane has no flight-control trimmers. Airplane is equipped with bendable trim tabs that can be set pre-flight by ground personnel.
        </p>
<p>
            - Airplane has asymmetric half-wings for roll-compensation: the left one is 20 cm longer than right one.
        </p>
<p>
            - Airplane has a manually controlled horizontal stabilizer. It should be set to neutral before takeoff and landing. Also, it may be used to trim the flight stick during the flight. In a deep dive the stabilizer should be set so that the pilot must push the flight stick forward to maintain the dive angle.
        </p>
<p>
            - Landing flaps have a hydraulic actuator and they can be extended to any angle up to 45°. The flap system includes a "pneumatic spring" which allows flaps to be pressed upwards by airflow at airspeed more than 200 km/h.
        </p>
<p>
            - Airplane has a manual tail wheel lock. Wheel should be locked when taxiing straight for a long distance and before takeoff and landing.
        </p>
<p>
            - Airplane has differential pneumatic wheel brakes with shared control lever. This means that if the brake lever is held and the rudder pedal the opposite wheel brake is gradually released causing the plane to swing to one side or the other.
        </p>
<p>
            - Airplane has a fuel gauge which indicates only the front fuel tank level.
        </p>
<p>
            - The design of the cockpit canopy does not allow it to be opened during flight. The canopy should be closed before takeoff to prevent damage. The canopy has an emergency release system for bailouts.
        </p>
<p>
            - The control system of wing-mounted bomb racks only allows the dropping of bombs one by one.
        </p>
<p>
            - The gunsight has a sliding sun-filter. There is also a back-up folding mechanical sight which can be used if main sight is damaged.
        </p>
<p>
</p>
</div>
<div class="ipsSpoiler_contents">
<p>
</p>
<p>
<strong>Breda SAFAT 7.7mm wing-mounted machineguns with 500 rounds per each</strong>
</p>
<p>
                    Additional mass: 49 kg
                </p>
<p>
                    Ammunition mass: 24 kg
                </p>
<p>
                    Guns mass: 25 kg
                </p>
<p>
                    Estimated speed loss: 0 km/h
                </p>
<p>
</p>
<p>
<strong>MG 151/20 20mm guns in wing-mounted gun pods with 135 rounds per each</strong>
</p>
<p>
                    Additional mass: 212 kg
                </p>
<p>
                    Ammunition mass: 55 kg
                </p>
<p>
                    Guns mass: 157 kg
                </p>
<p>
                    Estimated speed loss: 15 km/h
                </p>
<p>
</p>
<p>
<strong>2 x 55 kg General Purpose Bombs 50-T</strong>
</p>
<p>
                    Additional mass: 130 kg
                </p>
<p>
                    Ammunition mass: 110 kg
                </p>
<p>
                    Racks mass: 20 kg
                </p>
<p>
                    Estimated speed loss before drop: 14 km/h
                </p>
<p>
                    Estimated speed loss after drop: 7 km/h
                </p>
<p>
</p>
<p>
<strong>100 kg General Purpose Bomb 100-T</strong>
</p>
<p>
                    Additional mass: 220 kg
                </p>
<p>
                    Ammunition mass: 200 kg
                </p>
<p>
                    Racks mass: 20 kg
                </p>
<p>
                    Estimated speed loss before drop: 20 km/h
                </p>
<p>
                    Estimated speed loss after drop: 7 km/h
                </p>
<p>
</p>
<p>
<strong>Additional pilot protection: armoured triplex wind screen</strong>
</p>
<p>
                    Additional mass: 10 kg
                </p>
<p>
                    Estimated speed loss: 0 km/h
                </p>
<p>
</p>
</div>
<div class="ipsSpoiler_contents">
<p>
</p>
<p>
            Indicated stall speed in flight configuration: 143..159 km/h
        </p>
<p>
            Indicated stall speed in takeoff/landing configuration: 136..150 km/h
        </p>
<p>
            Dive speed limit: 670 km/h
        </p>
<p>
            Maximum load factor: 9 G
        </p>
<p>
            Stall angle of attack in flight configuration: 20.0 °
        </p>
<p>
            Stall angle of attack in landing configuration: 18.0 °
        </p>
<p>
</p>
<p>
            Maximum true air speed at sea level, engine mode - Combat: 349 km/h
        </p>
<p>
            Maximum true air speed at 3000 m, engine mode - Combat: 396 km/h
        </p>
<p>
</p>
<p>
            Service ceiling: 7000 m
        </p>
<p>
            Climb rate at sea level: 8.4 m/s
        </p>
<p>
            Climb rate at 3000 m: 8.1 m/s
        </p>
<p>
            Climb rate at 6000 m: 2.6 m/s
        </p>
<p>
</p>
<p>
            Maximum performance turn at sea level: 30.0 s, at 255 km/h IAS.
        </p>
<p>
            Maximum performance turn at 3000 m: 46.0 s, at 270 km/h IAS.
        </p>
<p>
</p>
<p>
            Flight endurance at 3000 m: 2.1 h, at 300 km/h IAS.
        </p>
<p>
</p>
<p>
            Takeoff speed: 145..155 km/h
        </p>
<p>
            Glideslope speed: 180..200 km/h
        </p>
<p>
            Landing speed: 135..145 km/h
        </p>
<p>
            Landing angle: 10.6 °
        </p>
<p>
</p>
<p>
            Note 1: the data provided is for international standard atmosphere (ISA).
        </p>
<p>
            Note 2: flight performance ranges are given for possible aircraft mass ranges.
        </p>
<p>
            Note 3: maximum speeds, climb rates and turn times are given for standard aircraft mass.
        </p>
<p>
            Note 4: climb rates and turn times are given for Combat power.
        </p>
<p>
</p>
<p>
            Engine:
        </p>
<p>
            Model: Gnome-Rhone 14 M
        </p>
<p>
            Maximum power in Take-off mode at sea level: 700 HP
        </p>
<p>
            Maximum power in Combat mode at sea level: 580 HP
        </p>
<p>
            Maximum power in Combat mode at 4000 m: 650 HP
        </p>
<p>
</p>
<p>
            Engine modes:
        </p>
<p>
            Nominal (unlimited time): 2350 RPM, 1.1 ata
        </p>
<p>
            Combat power (up to 30 minutes): 2750 RPM, 1.25 ata
        </p>
<p>
            Take-off power (up to 1 minute): 3030 RPM, 1.5 ata
        </p>
<p>
</p>
<p>
            Oil rated temperature in engine intake: 60..75 °C
        </p>
<p>
            Oil maximum temperature in engine intake: 125 °C
        </p>
<p>
</p>
<p>
            Supercharger gear shift altitude: single gear
        </p>
<p>
</p>
<p>
            Empty weight: 3992 kg
        </p>
<p>
            Minimum weight (no ammo, 10% fuel): 4200 kg
        </p>
<p>
            Standart weight: 4756 kg
        </p>
<p>
            Maximum takeoff weight: 5170 kg
        </p>
<p>
            Fuel load: 451 kg / 610 l
        </p>
<p>
            Useful load: 1178 kg
        </p>
<p>
</p>
<p>
            Forward-firing armament:
        </p>
<p>
            2 x 7.92mm machine gun "MG 17", 1000 rounds, 1200 rounds per minute, nose-mounted
        </p>
<p>
            2 x 20mm gun "MG 151/15", 250 rounds, 700 rounds per minute, nose-mounted
        </p>
<p>
            2 x 20mm gun "MG 151/20", 250 rounds, 700 rounds per minute, nose-mounted (modification)
        </p>
<p>
            4 x 7.92mm machine gun "MG 17", 1000 rounds, 1200 rounds per minute, underbelly (modification)
        </p>
<p>
            30mm gun "MK 101", 30 rounds, 250 rounds per minute, underbelly (modification)
        </p>
<p>
            30mm gun "MK 103", 80 rounds, 400 rounds per minute, underbelly (modification)
        </p>
<p>
</p>
<p>
            Bombs:
        </p>
<p>
            Up to 6 x 55 kg general purpose bombs "SC 50"
        </p>
<p>
            249 kg general purpose bombs "SC 250"
        </p>
<p>
</p>
<p>
            Length: 9.7 m
        </p>
<p>
            Wingspan: 14.2 m
        </p>
<p>
            Wing surface: 28.9 m^2
        </p>
<p>
</p>
<p>
            Combat debut: May 1942
        </p>
<p>
</p>
<p>
            Additional airplane configurations list:
        </p>
<p>
</p>
<div class="ipsSpoiler" data-ipsspoiler="">
<div class="ipsSpoiler_header">
</div>
<div class="ipsSpoiler_contents">
<p>
</p>
<p>
<strong>2 x MG 151/20 20mm nose-gun with 250 rounds per each</strong>
</p>
<p>
                    Additional mass: 14.4 kg
                </p>
<p>
                    Ammunition mass: 105 kg
                </p>
<p>
                    Gun mass: 42 kg
                </p>
<p>
                    Estimated speed loss: 0 km/h
                </p>
<p>
</p>
<p>
<strong>Four MG 17 7.92mm machineguns in fuselage mounted gun pod with 1000 rounds per each</strong>
</p>
<p>
                    Additional mass: 194.8 kg
                </p>
<p>
                    Ammunition mass: 106 kg
                </p>
<p>
                    Guns mass: 88.8 kg
                </p>
<p>
                    Estimated speed loss: 4 km/h
                </p>
<p>
</p>
<p>
<strong>30mm MK 101 autocannon gun pod with 30 rounds</strong>
</p>
<p>
                    Additional mass: 179 kg
                </p>
<p>
                    Ammunition mass: 24 kg
                </p>
<p>
                    Guns mass: 155 kg
                </p>
<p>
                    Estimated speed loss: 6 km/h
                </p>
<p>
</p>
<p>
<strong>30mm MK 103 autocannon gun pod with 80 rounds</strong>
</p>
<p>
                    Additional mass: 234.2 kg
                </p>
<p>
                    Ammunition mass: 74.7 kg
                </p>
<p>
                    Guns mass: 159.5 kg
                </p>
<p>
                    Estimated speed loss: 6km/h
                </p>
<p>
</p>
<p>
<strong>Peilrahmen PR 16 fixed loop radio compass for navigation with radio beacons</strong>
</p>
<p>
                    Additional mass: 10 kg
                </p>
<p>
                    Estimated speed loss: 0 km/h
                </p>
<p>
</p>
<p>
<strong>Rear view mirror</strong>
</p>
<p>
                    Additional mass: 1 kg
                </p>
<p>
                    Estimated speed loss: 1 km/h
                </p>
<p>
</p>
</div>
</div>
<p>
</p>
<p>
            Operation features:
        </p>
<p>
            - Controlling the propellers RPM is possible only in the manual mode by changing the propeller pitch. The automatic mode keeps the RPM at 2750.
        </p>
<p>
            - The engine control lever allows setting the pressure up to the combat mode (1.25 ATA).
        </p>
<p>
            - To switch the engines to the take-off mode, move the boost lever to 1.5 ATA position and set the propellers to 3030 RPM.
        </p>
<p>
            - Engine mixture control is automatic. Leaning the mixture manually reduces the fuel consumption during flight.
        </p>
<p>
            - The oil radiator shutters are controlled automatically and don't have a manual mode.
        </p>
<p>
            - The propellers have a feathering system which should be activated in case of engine damage to reduce drag of the propeller in auto-rotation.
        </p>
<p>
            - The aircraft has only pitch and yaw flight-control trimmers.
        </p>
<p>
            - The aircraft has independent left and right hydraulic wheel brake controls. To apply either brake push the upper part of the rudder pedal.
        </p>
<p>
            - Landing flaps have a hydraulic actuator and they can be extended to any angle up to 40° or to the fixed take-off position.
        </p>
<p>
            - The tail wheel rotates freely and does not have a lock. For this reason, it is necessary to confidently and accurately operate the rudder pedals during the takeoff and landing.
        </p>
<p>
            - The aircraft fuel gauges are positioned directly on the engine nacelles and show only the amount of fuel remaining in the wing tanks (the fuel remaining in the central fuel tank is not indicated).
        </p>
<p>
            - The aircraft isn't equipped with an oxygen supply system, so flying above 4000 meters is forbidden.
        </p>
<p>
            - The aircraft is equipped with an electric bomb release controller that allows dropping the bombs only one by one.
        </p>
<p>
            - The gunsight has a sliding sun-filter.
        </p>
<p>
</p>
</div>
<div class="ipsSpoiler_contents">
<p>
</p>
<p>
<strong>2 x MG 151/20 20mm nose-gun with 250 rounds per each</strong>
</p>
<p>
                    Additional mass: 14.4 kg
                </p>
<p>
                    Ammunition mass: 105 kg
                </p>
<p>
                    Gun mass: 42 kg
                </p>
<p>
                    Estimated speed loss: 0 km/h
                </p>
<p>
</p>
<p>
<strong>Four MG 17 7.92mm machineguns in fuselage mounted gun pod with 1000 rounds per each</strong>
</p>
<p>
                    Additional mass: 194.8 kg
                </p>
<p>
                    Ammunition mass: 106 kg
                </p>
<p>
                    Guns mass: 88.8 kg
                </p>
<p>
                    Estimated speed loss: 4 km/h
                </p>
<p>
</p>
<p>
<strong>30mm MK 101 autocannon gun pod with 30 rounds</strong>
</p>
<p>
                    Additional mass: 179 kg
                </p>
<p>
                    Ammunition mass: 24 kg
                </p>
<p>
                    Guns mass: 155 kg
                </p>
<p>
                    Estimated speed loss: 6 km/h
                </p>
<p>
</p>
<p>
<strong>30mm MK 103 autocannon gun pod with 80 rounds</strong>
</p>
<p>
                    Additional mass: 234.2 kg
                </p>
<p>
                    Ammunition mass: 74.7 kg
                </p>
<p>
                    Guns mass: 159.5 kg
                </p>
<p>
                    Estimated speed loss: 6km/h
                </p>
<p>
</p>
<p>
<strong>Peilrahmen PR 16 fixed loop radio compass for navigation with radio beacons</strong>
</p>
<p>
                    Additional mass: 10 kg
                </p>
<p>
                    Estimated speed loss: 0 km/h
                </p>
<p>
</p>
<p>
<strong>Rear view mirror</strong>
</p>
<p>
                    Additional mass: 1 kg
                </p>
<p>
                    Estimated speed loss: 1 km/h
                </p>
<p>
</p>
</div>
<div class="ipsSpoiler_contents">
<p>
</p>
<p>
            Indicated stall speed in flight configuration: 105..117 km/h
        </p>
<p>
            Indicated stall speed in takeoff/landing configuration: 92..109 km/h
        </p>
<p>
            Dive speed limit: 330 km/h
        </p>
<p>
            Maximum load factor: 4.0 G
        </p>
<p>
            Stall angle of attack in flight configuration: 20 °
        </p>
<p>
            Stall angle of attack in landing configuration: 17.2 °
        </p>
<p>
</p>
<p>
            Maximum true air speed at sea level, engine mode - Climb: 260 km/h
        </p>
<p>
            Maximum true air speed at 3000 m, engine mode - Climb: 258 km/h
        </p>
<p>
            Maximum true air speed at 6000 m, engine mode - Climb: 241 km/h
        </p>
<p>
</p>
<p>
            Service ceiling: 6800 m
        </p>
<p>
            Climb rate at sea level: 6.9 m/s
        </p>
<p>
            Climb rate at 3000 m: 4.2 m/s
        </p>
<p>
            Climb rate at 6000 m: 1.4 m/s
        </p>
<p>
</p>
<p>
            Maximum performance turn at sea level: 24.0 s, at 165 km/h IAS.
        </p>
<p>
            Maximum performance turn at 3000 m: 35.4 s, at 165 km/h IAS.
        </p>
<p>
</p>
<p>
            Flight endurance at 3000 m: 5.3 h, at 205 km/h IAS.
        </p>
<p>
</p>
<p>
            Takeoff speed: 100..120 km/h
        </p>
<p>
            Glideslope speed: 140..155 km/h
        </p>
<p>
            Landing speed: 95..110 km/h
        </p>
<p>
            Landing angle: 11.7 °
        </p>
<p>
</p>
<p>
            Note 1: the data provided is for international standard atmosphere (ISA).
        </p>
<p>
            Note 2: flight performance ranges are given for possible aircraft mass ranges.
        </p>
<p>
            Note 3: maximum speeds, climb rates and turn times are given for standard aircraft mass.
        </p>
<p>
            Note 4: climb rates are given for Climb power, turn times are given for Take-off power.
        </p>
<p>
</p>
<p>
            Engine:
        </p>
<p>
            Model: BMW-132a
        </p>
<p>
            Maximum power in Take-off mode at sea level: 640 HP
        </p>
<p>
            Maximum power in Take-off mode at 900 m: 660 HP
        </p>
<p>
            Maximum power in Climb mode at sea level: 575 HP
        </p>
<p>
            Maximum power in Climb mode at 900 m: 590 HP
        </p>
<p>
</p>
<p>
            Engine modes:
        </p>
<p>
            Nominal (unlimited time): 1925 RPM
        </p>
<p>
            Climb power (up to 30 minutes): 1975 RPM
        </p>
<p>
            Take-off power (up to 5 minutes): 2050 RPM
        </p>
<p>
</p>
<p>
            Oil rated temperature in engine intake: 60 °C
        </p>
<p>
            Oil maximum temperature in engine intake: 80 °C
        </p>
<p>
            Oil rated temperature in engine output: 80 °C
        </p>
<p>
            Oil maximum temperature in engine output: 100 °C
        </p>
<p>
</p>
<p>
            Empty weight: 6305 kg
        </p>
<p>
            Minimum weight (no ammo, 10% fuel): 7017 kg
        </p>
<p>
            Standard weight: 10003 kg
        </p>
<p>
            Maximum takeoff weight: 11333 kg
        </p>
<p>
            Fuel load: 1824 kg / 2400 l
        </p>
<p>
            Useful load: 5028 kg
        </p>
<p>
</p>
<p>
            Defensive armament:
        </p>
<p>
            Top: 7.92mm machine gun "MG 15", 1125 rounds, 1000 rounds per minute
        </p>
<p>
</p>
<p>
            Length: 18.9 m
        </p>
<p>
            Wingspan: 29.25 m
        </p>
<p>
            Wing surface: 111.5 m^2
        </p>
<p>
</p>
<p>
            Combat debut: 1936
        </p>
<p>
</p>
<p>
            Additional airplane configurations list:
        </p>
<p>
</p>
<div class="ipsSpoiler" data-ipsspoiler="">
<div class="ipsSpoiler_header">
</div>
<div class="ipsSpoiler_contents">
<p>
</p>
<p>
<strong>2300 kg of military cargo payload</strong>
</p>
<p>
                    Additional mass: 2300 kg
                </p>
<p>
                    Estimated speed loss: 2 km/h
                </p>
<p>
</p>
<p>
<strong>10 x 250 kg drop transport container with parachute MAB 250</strong>
</p>
<p>
                    Additional mass: 2550 kg
                </p>
<p>
                    Containers mass: 2500 kg
                </p>
<p>
                    Racks mass: 50 kg
                </p>
<p>
                    Estimated speed loss before drop: 2 km/h
                </p>
<p>
                    Estimated speed loss after drop: 0 km/h
                </p>
<p>
</p>
<p>
<strong>12 paratroopers with ammunition</strong>
</p>
<p>
                    Additional mass: 1200 kg
                </p>
<p>
                    Estimated speed loss before drop: 2 km/h
                </p>
<p>
                    Estimated speed loss after drop: 0 km/h
                </p>
<p>
</p>
<p>
<strong>Rear turret with MG 15 7.92mm machinegun with 1125 rounds</strong>
</p>
<p>
                    Additional mass: 130 kg
                </p>
<p>
                    Estimated speed loss: 4 km/h
                </p>
<p>
</p>
</div>
</div>
<p>
</p>
<p>
            Operation features:
        </p>
<p>
            - Engine has a single stage mechanical supercharger which does not require manual control.
        </p>
<p>
            - Engine mixture control is manual; it is necessary to lean the mixture if altitude is more than 1 km for optimal engine operation. Also, leaning the mixture allows a reduction in fuel consumption during flight.
        </p>
<p>
            - All three propellers are fixed pitch ones, so thrust can only be controlled by adjusting the engines throttle (from idle at 25% to maximum power at 100%). 0 - 20% throttle range is used for braking the landing gear wheels. Engine modes can be determined only by watching the engine RPM gauges.
        </p>
<p>
            - Radiator bypass valve and engine cowls are controlled manually.
        </p>
<p>
            - Pedals in the cabin are equipped with adjustable load feel mechanism to reduce the pilot's work load.
        </p>
<p>
            - Airplane has a manually controlled horizontal stabilizer. It should be set to 0° before takeoff, to +2° during flight and to -1.5° for landing. Also, it may be used to trim the flight stick during the flight.
        </p>
<p>
            - The mechanical flaps control system can be controlled simultaneously with the horizontal stabilizer, these two systems can be linked or unlinked (by using flaps control buttons). It is important to note that it is possible to render the system inoperable so it would not be able to control either the stabilizer or the flaps by deviating from a standard control procedure described below.
        </p>
<p>
            - Before taking off, set the stabilizer to flight position +2°, engage the link and then move the stabilizer to take-off position 0° - flaps will be extended to 25°.
        </p>
<p>
            - When airborne, move the stabilizer back to flight position (flaps should also fully retract) and unlink these controls.
        </p>
<p>
            - Before landing, set the stabilizer to flight position +2°, engage the link and then move the stabilizer to landing position -1.5° - flaps will be fully extended to 40°.
        </p>
<p>
            - Airplane tail wheel rotates freely and does not have a lock. For this reason, it is necessary to confidently and accurately operate the rudder pedals during the takeoff and landing.
        </p>
<p>
            - Airplane has separate pneumatic wheel brakes. To brake left or right wheels, move their corresponding left or right engine throttle to 20% or less. Setting the central engine throttle to 20% or less will brake both wheels. Maximum braking efficiency can be achieved by moving the trottle all the way down. In the sim, you can also use the brake buttons to move left and right engine throttles to braking position.
        </p>
<p>
            - Airplane is equipped with a hydraulic tail wheel parking brake system.
        </p>
<p>
            - Airplane is equipped with two mechanical fuel float level gauges for left and right fuel tank groups, located on the left and right engine nacelles outside the cabin.
        </p>
<p>
            - Airplane has three mechanical oil float level gauges on each of the three engine nacelles outside the cabin.
        </p>
<p>
            - Cargo unload doors can be opened on the ground only.
        </p>
<p>
            - The left passenger door must be removed before flight for dropping paratroopers or cargo containers. Use the bomb drop button ("B" by default) to drop them.
        </p>
<p>
</p>
</div>
<div class="ipsSpoiler_contents">
<p>
</p>
<p>
<strong>2300 kg of military cargo payload</strong>
</p>
<p>
                    Additional mass: 2300 kg
                </p>
<p>
                    Estimated speed loss: 2 km/h
                </p>
<p>
</p>
<p>
<strong>10 x 250 kg drop transport container with parachute MAB 250</strong>
</p>
<p>
                    Additional mass: 2550 kg
                </p>
<p>
                    Containers mass: 2500 kg
                </p>
<p>
                    Racks mass: 50 kg
                </p>
<p>
                    Estimated speed loss before drop: 2 km/h
                </p>
<p>
                    Estimated speed loss after drop: 0 km/h
                </p>
<p>
</p>
<p>
<strong>12 paratroopers with ammunition</strong>
</p>
<p>
                    Additional mass: 1200 kg
                </p>
<p>
                    Estimated speed loss before drop: 2 km/h
                </p>
<p>
                    Estimated speed loss after drop: 0 km/h
                </p>
<p>
</p>
<p>
<strong>Rear turret with MG 15 7.92mm machinegun with 1125 rounds</strong>
</p>
<p>
                    Additional mass: 130 kg
                </p>
<p>
                    Estimated speed loss: 4 km/h
                </p>
<p>
</p>
</div>
